Component: Arm Compiler for Embedded 6.23 Tool: armlink [5f102400]

==============================================================================

Section Cross References

    startup_stm32l073xx.o(STACK) refers (Special) to heapauxi.o(.text) for __use_two_region_memory
    startup_stm32l073xx.o(HEAP) refers (Special) to heapauxi.o(.text) for __use_two_region_memory
    startup_stm32l073xx.o(RESET) refers (Special) to heapauxi.o(.text) for __use_two_region_memory
    startup_stm32l073xx.o(RESET) refers to startup_stm32l073xx.o(STACK) for __initial_sp
    startup_stm32l073xx.o(RESET) refers to startup_stm32l073xx.o(.text) for Reset_Handler
    startup_stm32l073xx.o(RESET) refers to stm32l0xx_it.o(.text.NMI_Handler) for NMI_Handler
    startup_stm32l073xx.o(RESET) refers to stm32l0xx_it.o(.text.HardFault_Handler) for HardFault_Handler
    startup_stm32l073xx.o(RESET) refers to stm32l0xx_it.o(.text.SVC_Handler) for SVC_Handler
    startup_stm32l073xx.o(RESET) refers to stm32l0xx_it.o(.text.PendSV_Handler) for PendSV_Handler
    startup_stm32l073xx.o(RESET) refers to stm32l0xx_it.o(.text.SysTick_Handler) for SysTick_Handler
    startup_stm32l073xx.o(RESET) refers to stm32l0xx_it.o(.text.TIM6_DAC_IRQHandler) for TIM6_DAC_IRQHandler
    startup_stm32l073xx.o(RESET) refers to stm32l0xx_it.o(.text.I2C1_IRQHandler) for I2C1_IRQHandler
    startup_stm32l073xx.o(RESET) refers to stm32l0xx_it.o(.text.USART1_IRQHandler) for USART1_IRQHandler
    startup_stm32l073xx.o(.text) refers (Special) to heapauxi.o(.text) for __use_two_region_memory
    startup_stm32l073xx.o(.text) refers to system_stm32l0xx.o(.text.SystemInit) for SystemInit
    startup_stm32l073xx.o(.text) refers to __main.o(!!!main) for __main
    startup_stm32l073xx.o(.text) refers to startup_stm32l073xx.o(HEAP) for Heap_Mem
    startup_stm32l073xx.o(.text) refers to startup_stm32l073xx.o(STACK) for Stack_Mem
    main.o(.text) refers (Special) to _printf_percent.o(.ARM.Collect$$_printf_percent$$00000000) for _printf_percent
    main.o(.text) refers (Special) to _printf_pad.o(.text) for _printf_pre_padding
    main.o(.text) refers (Special) to _printf_d.o(.ARM.Collect$$_printf_percent$$00000009) for _printf_d
    main.o(.text) refers (Special) to _printf_f.o(.ARM.Collect$$_printf_percent$$00000003) for _printf_f
    main.o(.text) refers (Special) to _printf_dec.o(.text) for _printf_int_dec
    main.o(.text) refers (Special) to printf1.o(x$fpl$printf1) for _printf_fp_dec
    main.o(.text.HAL_TIM_PeriodElapsedCallback) refers (Special) to _printf_percent.o(.ARM.Collect$$_printf_percent$$00000000) for _printf_percent
    main.o(.text.HAL_TIM_PeriodElapsedCallback) refers (Special) to _printf_pad.o(.text) for _printf_pre_padding
    main.o(.text.HAL_TIM_PeriodElapsedCallback) refers (Special) to _printf_d.o(.ARM.Collect$$_printf_percent$$00000009) for _printf_d
    main.o(.text.HAL_TIM_PeriodElapsedCallback) refers (Special) to _printf_f.o(.ARM.Collect$$_printf_percent$$00000003) for _printf_f
    main.o(.text.HAL_TIM_PeriodElapsedCallback) refers (Special) to _printf_dec.o(.text) for _printf_int_dec
    main.o(.text.HAL_TIM_PeriodElapsedCallback) refers (Special) to printf1.o(x$fpl$printf1) for _printf_fp_dec
    main.o(.text.HAL_TIM_PeriodElapsedCallback) refers to statechart.o(.text.statechart_raise_timer) for statechart_raise_timer
    main.o(.text.HAL_TIM_PeriodElapsedCallback) refers to f2d.o(.text) for __aeabi_f2d
    main.o(.text.HAL_TIM_PeriodElapsedCallback) refers to noretval__2sprintf.o(.text) for __2sprintf
    main.o(.text.HAL_TIM_PeriodElapsedCallback) refers to strlen.o(.text) for strlen
    main.o(.text.HAL_TIM_PeriodElapsedCallback) refers to stm32l0xx_hal_uart.o(.text.HAL_UART_Transmit) for HAL_UART_Transmit
    main.o(.text.HAL_TIM_PeriodElapsedCallback) refers to fmul.o(x$fpl$fmul) for __aeabi_fmul
    main.o(.text.HAL_TIM_PeriodElapsedCallback) refers to faddsub.o(x$fpl$fadd) for __aeabi_fadd
    main.o(.text.HAL_TIM_PeriodElapsedCallback) refers to fflti.o(.text) for __aeabi_i2f
    main.o(.text.HAL_TIM_PeriodElapsedCallback) refers to fdiv.o(.text) for __aeabi_fdiv
    main.o(.text.HAL_TIM_PeriodElapsedCallback) refers to sqrtf.o(i.sqrtf) for sqrtf
    main.o(.text.HAL_TIM_PeriodElapsedCallback) refers to main.o(.bss..L_MergedGlobals.7) for [Anonymous Symbol]
    main.o(.text.HAL_TIM_PeriodElapsedCallback) refers to main.o(.bss..L_MergedGlobals) for [Anonymous Symbol]
    main.o(.text.HAL_TIM_PeriodElapsedCallback) refers to main.o(.rodata.str1.1) for [Anonymous Symbol]
    main.o(.text.HAL_TIM_PeriodElapsedCallback) refers to main.o(.bss.huart1) for huart1
    main.o(.ARM.exidx.text.HAL_TIM_PeriodElapsedCallback) refers (Special) to _printf_percent.o(.ARM.Collect$$_printf_percent$$00000000) for _printf_percent
    main.o(.ARM.exidx.text.HAL_TIM_PeriodElapsedCallback) refers (Special) to _printf_pad.o(.text) for _printf_pre_padding
[...]
    [Anonymous Symbol]                       0x08002db4   Section        0  stm32l0xx_hal_tim_ex.o(.text.HAL_TIMEx_MasterConfigSynchronization)
    [Anonymous Symbol]                       0x08002e10   Section        0  stm32l0xx_hal_tim.o(.text.HAL_TIM_Base_Init)
    [Anonymous Symbol]                       0x08002ec4   Section        0  stm32l0xx_hal_msp.o(.text.HAL_TIM_Base_MspInit)
    __arm_cp.3_0                             0x08002ef0   Number         4  stm32l0xx_hal_msp.o(.text.HAL_TIM_Base_MspInit)
    __arm_cp.3_1                             0x08002ef4   Number         4  stm32l0xx_hal_msp.o(.text.HAL_TIM_Base_MspInit)
    [Anonymous Symbol]                       0x08002ef8   Section        0  stm32l0xx_hal_tim.o(.text.HAL_TIM_Base_Start_IT)
    __arm_cp.6_0                             0x08002f4c   Number         4  stm32l0xx_hal_tim.o(.text.HAL_TIM_Base_Start_IT)
    __arm_cp.6_1                             0x08002f50   Number         4  stm32l0xx_hal_tim.o(.text.HAL_TIM_Base_Start_IT)
    __arm_cp.6_2                             0x08002f54   Number         4  stm32l0xx_hal_tim.o(.text.HAL_TIM_Base_Start_IT)
    __arm_cp.6_3                             0x08002f58   Number         4  stm32l0xx_hal_tim.o(.text.HAL_TIM_Base_Start_IT)
    [Anonymous Symbol]                       0x08002f5c   Section        0  stm32l0xx_hal_tim.o(.text.HAL_TIM_IC_CaptureCallback)
    [Anonymous Symbol]                       0x08002f5e   Section        0  stm32l0xx_hal_tim.o(.text.HAL_TIM_IRQHandler)
    [Anonymous Symbol]                       0x080030d0   Section        0  stm32l0xx_hal_tim.o(.text.HAL_TIM_OC_DelayElapsedCallback)
    [Anonymous Symbol]                       0x080030d2   Section        0  stm32l0xx_hal_tim.o(.text.HAL_TIM_PWM_PulseFinishedCallback)
    [Anonymous Symbol]                       0x080030d4   Section        0  main.o(.text.HAL_TIM_PeriodElapsedCallback)
    __arm_cp.0_0                             0x080031a0   Number         4  main.o(.text.HAL_TIM_PeriodElapsedCallback)
    __arm_cp.0_1                             0x080031a4   Number         4  main.o(.text.HAL_TIM_PeriodElapsedCallback)
    __arm_cp.0_2                             0x080031a8   Number         4  main.o(.text.HAL_TIM_PeriodElapsedCallback)
    __arm_cp.0_3                             0x080031ac   Number         4  main.o(.text.HAL_TIM_PeriodElapsedCallback)
    [Anonymous Symbol]                       0x080031b0   Section        0  stm32l0xx_hal_tim.o(.text.HAL_TIM_TriggerCallback)
    [Anonymous Symbol]                       0x080031b2   Section        0  stm32l0xx_hal_uart.o(.text.HAL_UARTEx_RxEventCallback)
    [Anonymous Symbol]                       0x080031b4   Section        0  stm32l0xx_hal_uart_ex.o(.text.HAL_UARTEx_WakeupCallback)
    [Anonymous Symbol]                       0x080031b6   Section        0  stm32l0xx_hal_uart.o(.text.HAL_UART_ErrorCallback)
    [Anonymous Symbol]                       0x080031b8   Section        0  stm32l0xx_hal_uart.o(.text.HAL_UART_IRQHandler)
    __arm_cp.40_0                            0x0800359c   Number         4  stm32l0xx_hal_uart.o(.text.HAL_UART_IRQHandler)
    __arm_cp.40_1                            0x080035a0   Number         4  stm32l0xx_hal_uart.o(.text.HAL_UART_IRQHandler)
    __arm_cp.40_2                            0x080035a4   Number         4  stm32l0xx_hal_uart.o(.text.HAL_UART_IRQHandler)
    [Anonymous Symbol]                       0x080035a8   Section        0  stm32l0xx_hal_uart.o(.text.HAL_UART_Init)
    [Anonymous Symbol]                       0x08003618   Section        0  stm32l0xx_hal_msp.o(.text.HAL_UART_MspInit)
    __arm_cp.5_1                             0x08003680   Number         4  stm32l0xx_hal_msp.o(.text.HAL_UART_MspInit)
    [Anonymous Symbol]                       0x08003684   Section        0  stm32l0xx_hal_uart.o(.text.HAL_UART_Receive_IT)
    __arm_cp.16_0                            0x080036f0   Number         4  stm32l0xx_hal_uart.o(.text.HAL_UART_Receive_IT)
    [Anonymous Symbol]                       0x080036f4   Section        0  main.o(.text.HAL_UART_RxCpltCallback)
    __arm_cp.17_0                            0x08003798   Number         4  main.o(.text.HAL_UART_RxCpltCallback)
    __arm_cp.17_1                            0x0800379c   Number         4  main.o(.text.HAL_UART_RxCpltCallback)
    __arm_cp.17_2                            0x080037a0   Number         4  main.o(.text.HAL_UART_RxCpltCallback)
    __arm_cp.17_4                            0x080037a4   Number         4  main.o(.text.HAL_UART_RxCpltCallback)
    [Anonymous Symbol]                       0x080037a8   Section        0  stm32l0xx_hal_uart.o(.text.HAL_UART_Transmit)
    __arm_cp.10_0                            0x08003930   Number         4  stm32l0xx_hal_uart.o(.text.HAL_UART_Transmit)
    [Anonymous Symbol]                       0x08003934   Section        0  stm32l0xx_hal_uart.o(.text.HAL_UART_TxCpltCallback)
    [Anonymous Symbol]                       0x08003936   Section        0  stm32l0xx_it.o(.text.HardFault_Handler)
    [Anonymous Symbol]                       0x08003938   Section        0  stm32l0xx_it.o(.text.I2C1_IRQHandler)
    __arm_cp.6_0                             0x08003958   Number         4  stm32l0xx_it.o(.text.I2C1_IRQHandler)
    I2C_DMAAbort                             0x0800395d   Thumb Code    62  stm32l0xx_hal_i2c.o(.text.I2C_DMAAbort)
    [Anonymous Symbol]                       0x0800395c   Section        0  stm32l0xx_hal_i2c.o(.text.I2C_DMAAbort)
    I2C_ITAddrCplt                           0x0800399d   Thumb Code   152  stm32l0xx_hal_i2c.o(.text.I2C_ITAddrCplt)
    [Anonymous Symbol]                       0x0800399c   Section        0  stm32l0xx_hal_i2c.o(.text.I2C_ITAddrCplt)
    __arm_cp.71_0                            0x08003a34   Number         4  stm32l0xx_hal_i2c.o(.text.I2C_ITAddrCplt)
    I2C_ITError                              0x08003a39   Thumb Code   336  stm32l0xx_hal_i2c.o(.text.I2C_ITError)
    [Anonymous Symbol]                       0x08003a38   Section        0  stm32l0xx_hal_i2c.o(.text.I2C_ITError)
    __arm_cp.52_0                            0x08003b88   Number         4  stm32l0xx_hal_i2c.o(.text.I2C_ITError)
    __arm_cp.52_1                            0x08003b8c   Number         4  stm32l0xx_hal_i2c.o(.text.I2C_ITError)
    __arm_cp.52_2                            0x08003b90   Number         4  stm32l0xx_hal_i2c.o(.text.I2C_ITError)
    I2C_ITSlaveCplt                          0x08003b95   Thumb Code   840  stm32l0xx_hal_i2c.o(.text.I2C_ITSlaveCplt)
    [Anonymous Symbol]                       0x08003b94   Section        0  stm32l0xx_hal_i2c.o(.text.I2C_ITSlaveCplt)
    __arm_cp.68_0                            0x08003edc   Number         4  stm32l0xx_hal_i2c.o(.text.I2C_ITSlaveCplt)
    __arm_cp.68_1                            0x08003ee0   Number         4  stm32l0xx_hal_i2c.o(.text.I2C_ITSlaveCplt)
    __arm_cp.68_2                            0x08003ee4   Number         4  stm32l0xx_hal_i2c.o(.text.I2C_ITSlaveCplt)
    I2C_ITSlaveSeqCplt                       0x08003ee9   Thumb Code   124  stm32l0xx_hal_i2c.o(.text.I2C_ITSlaveSeqCplt)
    [Anonymous Symbol]                       0x08003ee8   Section        0  stm32l0xx_hal_i2c.o(.text.I2C_ITSlaveSeqCplt)
    __arm_cp.70_0                            0x08003f64   Number         4  stm32l0xx_hal_i2c.o(.text.I2C_ITSlaveSeqCplt)
    __arm_cp.70_1                            0x08003f68   Number         4  stm32l0xx_hal_i2c.o(.text.I2C_ITSlaveSeqCplt)
    I2C_IsErrorOccurred                      0x08003f6d   Thumb Code   376  stm32l0xx_hal_i2c.o(.text.I2C_IsErrorOccurred)
    [Anonymous Symbol]                       0x08003f6c   Section        0  stm32l0xx_hal_i2c.o(.text.I2C_IsErrorOccurred)
    __arm_cp.72_0                            0x080040e4   Number         4  stm32l0xx_hal_i2c.o(.text.I2C_IsErrorOccurred)
    I2C_Slave_ISR_IT                         0x080040e9   Thumb Code   492  stm32l0xx_hal_i2c.o(.text.I2C_Slave_ISR_IT)
    [Anonymous Symbol]                       0x080040e8   Section        0  stm32l0xx_hal_i2c.o(.text.I2C_Slave_ISR_IT)
    __arm_cp.16_0                            0x080042d4   Number         4  stm32l0xx_hal_i2c.o(.text.I2C_Slave_ISR_IT)
    __arm_cp.16_1                            0x080042d8   Number         4  stm32l0xx_hal_i2c.o(.text.I2C_Slave_ISR_IT)
    __arm_cp.16_2                            0x080042dc   Number         4  stm32l0xx_hal_i2c.o(.text.I2C_Slave_ISR_IT)
    __arm_cp.16_3                            0x080042e0   Number         4  stm32l0xx_hal_i2c.o(.text.I2C_Slave_ISR_IT)
    I2C_WaitOnFlagUntilTimeout               0x080042e5   Thumb Code   250  stm32l0xx_hal_i2c.o(.text.I2C_WaitOnFlagUntilTimeout)
    [Anonymous Symbol]                       0x080042e4   Section        0  stm32l0xx_hal_i2c.o(.text.I2C_WaitOnFlagUntilTimeout)
    I2C_WaitOnSTOPFlagUntilTimeout           0x080043df   Thumb Code   134  stm32l0xx_hal_i2c.o(.text.I2C_WaitOnSTOPFlagUntilTimeout)
    [Anonymous Symbol]                       0x080043de   Section        0  stm32l0xx_hal_i2c.o(.text.I2C_WaitOnSTOPFlagUntilTimeout)
    I2C_WaitOnTXISFlagUntilTimeout           0x08004465   Thumb Code   166  stm32l0xx_hal_i2c.o(.text.I2C_WaitOnTXISFlagUntilTimeout)
    [Anonymous Symbol]                       0x08004464   Section        0  stm32l0xx_hal_i2c.o(.text.I2C_WaitOnTXISFlagUntilTimeout)
    [Anonymous Symbol]                       0x0800450a   Section        0  main.o(.text.LCD_SendCommand)
    [Anonymous Symbol]                       0x080045ec   Section        0  main.o(.text.LCD_SendData)
    [Anonymous Symbol]                       0x080046c0   Section        0  stm32l0xx_it.o(.text.NMI_Handler)
    [Anonymous Symbol]                       0x080046c2   Section        0  stm32l0xx_it.o(.text.PendSV_Handler)
    [Anonymous Symbol]                       0x080046c4   Section        0  stm32l0xx_it.o(.text.SVC_Handler)
    [Anonymous Symbol]                       0x080046c6   Section        0  stm32l0xx_it.o(.text.SysTick_Handler)
    [Anonymous Symbol]                       0x080046ce   Section        0  system_stm32l0xx.o(.text.SystemInit)
    [Anonymous Symbol]                       0x080046d0   Section        0  stm32l0xx_it.o(.text.TIM6_DAC_IRQHandler)
    __arm_cp.5_0                             0x080046dc   Number         4  stm32l0xx_it.o(.text.TIM6_DAC_IRQHandler)
    [Anonymous Symbol]                       0x080046e0   Section        0  stm32l0xx_hal_uart.o(.text.UART_AdvFeatureConfig)
    [Anonymous Symbol]                       0x080047b4   Section        0  stm32l0xx_hal_uart.o(.text.UART_CheckIdleState)
    __arm_cp.4_0                             0x08004880   Number         4  stm32l0xx_hal_uart.o(.text.UART_CheckIdleState)
    UART_DMAAbortOnError                     0x08004885   Thumb Code    16  stm32l0xx_hal_uart.o(.text.UART_DMAAbortOnError)
    [Anonymous Symbol]                       0x08004884   Section        0  stm32l0xx_hal_uart.o(.text.UART_DMAAbortOnError)
    UART_RxISR_16BIT                         0x08004895   Thumb Code   216  stm32l0xx_hal_uart.o(.text.UART_RxISR_16BIT)
    [Anonymous Symbol]                       0x08004894   Section        0  stm32l0xx_hal_uart.o(.text.UART_RxISR_16BIT)
    UART_RxISR_8BIT                          0x0800496d   Thumb Code   216  stm32l0xx_hal_uart.o(.text.UART_RxISR_8BIT)
    [Anonymous Symbol]                       0x0800496c   Section        0  stm32l0xx_hal_uart.o(.text.UART_RxISR_8BIT)
    [Anonymous Symbol]                       0x08004a44   Section        0  stm32l0xx_hal_uart.o(.text.UART_SetConfig)
    __arm_cp.3_0                             0x08004c28   Number         4  stm32l0xx_hal_uart.o(.text.UART_SetConfig)
    __arm_cp.3_1                             0x08004c2c   Number         4  stm32l0xx_hal_uart.o(.text.UART_SetConfig)
    __arm_cp.3_2                             0x08004c30   Number         4  stm32l0xx_hal_uart.o(.text.UART_SetConfig)
    __arm_cp.3_3                             0x08004c34   Number         4  stm32l0xx_hal_uart.o(.text.UART_SetConfig)
    __arm_cp.3_4                             0x08004c38   Number         4  stm32l0xx_hal_uart.o(.text.UART_SetConfig)
    __arm_cp.3_5                             0x08004c3c   Number         4  stm32l0xx_hal_uart.o(.text.UART_SetConfig)
    __arm_cp.3_6                             0x08004c40   Number         4  stm32l0xx_hal_uart.o(.text.UART_SetConfig)
    __arm_cp.3_7                             0x08004c44   Number         4  stm32l0xx_hal_uart.o(.text.UART_SetConfig)
    __arm_cp.3_8                             0x08004c48   Number         4  stm32l0xx_hal_uart.o(.text.UART_SetConfig)
    __arm_cp.3_10                            0x08004c5c   Number         4  stm32l0xx_hal_uart.o(.text.UART_SetConfig)
    __arm_cp.3_11                            0x08004c60   Number         4  stm32l0xx_hal_uart.o(.text.UART_SetConfig)
    __arm_cp.3_12                            0x08004c64   Number         4  stm32l0xx_hal_uart.o(.text.UART_SetConfig)
    __arm_cp.3_13                            0x08004c68   Number         4  stm32l0xx_hal_uart.o(.text.UART_SetConfig)
    __arm_cp.3_14                            0x08004c6c   Number         4  stm32l0xx_hal_uart.o(.text.UART_SetConfig)
    [Anonymous Symbol]                       0x08004c70   Section        0  stm32l0xx_hal_uart.o(.text.UART_Start_Receive_IT)
    __arm_cp.17_0                            0x08004d38   Number         4  stm32l0xx_hal_uart.o(.text.UART_Start_Receive_IT)
    __arm_cp.17_1                            0x08004d3c   Number         4  stm32l0xx_hal_uart.o(.text.UART_Start_Receive_IT)
    __arm_cp.17_2                            0x08004d40   Number         4  stm32l0xx_hal_uart.o(.text.UART_Start_Receive_IT)
    [Anonymous Symbol]                       0x08004d44   Section        0  stm32l0xx_hal_uart.o(.text.UART_WaitOnFlagUntilTimeout)
    [Anonymous Symbol]                       0x08004f00   Section        0  stm32l0xx_it.o(.text.USART1_IRQHandler)
    __arm_cp.7_0                             0x08004f0c   Number         4  stm32l0xx_it.o(.text.USART1_IRQHandler)
    [Anonymous Symbol]                       0x08004f10   Section        0  main.o(.text.main)
    __arm_cp.19_12                           0x080051fc   Number         4  main.o(.text.main)
    __arm_cp.19_13                           0x08005200   Number         4  main.o(.text.main)
    __arm_cp.19_14                           0x08005204   Number         4  main.o(.text.main)
    __arm_cp.19_16                           0x0800520c   Number         4  main.o(.text.main)
    __arm_cp.19_18                           0x08005214   Number         4  main.o(.text.main)
    __arm_cp.19_3                            0x08005484   Number         4  main.o(.text.main)
    __arm_cp.19_5                            0x08005488   Number         4  main.o(.text.main)
    __arm_cp.19_7                            0x0800548c   Number         4  main.o(.text.main)
    __arm_cp.19_8                            0x08005490   Number         4  main.o(.text.main)
    __arm_cp.19_9                            0x08005494   Number         4  main.o(.text.main)
    __arm_cp.19_10                           0x08005498   Number         4  main.o(.text.main)
    micro_step                               0x0800549d   Thumb Code   254  statechart.o(.text.micro_step)
    [Anonymous Symbol]                       0x0800549c   Section        0  statechart.o(.text.micro_step)
    run_cycle                                0x0800559b   Thumb Code   162  statechart.o(.text.run_cycle)
    [Anonymous Symbol]                       0x0800559a   Section        0  statechart.o(.text.run_cycle)
    [Anonymous Symbol]                       0x0800563c   Section        0  main.o(.text.statechart_calculate_Gravity)
    __arm_cp.14_0                            0x0800571c   Number         4  main.o(.text.statechart_calculate_Gravity)
    [Anonymous Symbol]                       0x08005720   Section        0  main.o(.text.statechart_display_Grvt)
    __arm_cp.2_0                             0x080057a4   Number         4  main.o(.text.statechart_display_Grvt)
    [Anonymous Symbol]                       0x080057a8   Section        0  main.o(.text.statechart_display_LCD)
    __arm_cp.15_0                            0x080058a0   Number         4  main.o(.text.statechart_display_LCD)
    [Anonymous Symbol]                       0x080058d4   Section        0  main.o(.text.statechart_lCD_Init)
    [Anonymous Symbol]                       0x08005a60   Section        0  main.o(.text.statechart_mPU6050_Calibrate)
    __arm_cp.13_1                            0x08005af8   Number         4  main.o(.text.statechart_mPU6050_Calibrate)
    [Anonymous Symbol]                       0x08005afc   Section        0  main.o(.text.statechart_mPU6050_Read_Accel)
    [Anonymous Symbol]                       0x08005b40   Section        0  main.o(.text.statechart_rMS)
    __arm_cp.16_1                            0x08005b58   Number         4  main.o(.text.statechart_rMS)
    [Anonymous Symbol]                       0x08005b5c   Section        0  statechart.o(.text.statechart_raise_send)
    [Anonymous Symbol]                       0x08005b8c   Section        0  statechart.o(.text.statechart_raise_timer)
    [Anonymous Symbol]                       0x08005bbc   Section        0  main.o(.text.statechart_send_Uart)
    __arm_cp.1_1                             0x08005c08   Number         4  main.o(.text.statechart_send_Uart)
    __arm_cp.1_2                             0x08005c0c   Number         4  main.o(.text.statechart_send_Uart)
    [Anonymous Symbol]                       0x08005c10   Section        0  main.o(.text.statechart_set_accel_range)
    __arm_cp.18_0                            0x08005c8c   Number         4  main.o(.text.statechart_set_accel_range)
    __arm_cp.18_1                            0x08005c90   Number         4  main.o(.text.statechart_set_accel_range)
    .text_divfast                            0x08005c94   Section      502  aeabi_sdivfast.o(.text_divfast)
    i.__ARM_common_ll_muluu                  0x08005e8a   Section        0  btod.o(i.__ARM_common_ll_muluu)
    i.__ARM_fpclassify                       0x08005ebc   Section        0  fpclassify.o(i.__ARM_fpclassify)
    i._fgeq                                  0x08005ee8   Section        0  fcmp.o(i._fgeq)
    i._fleq                                  0x08005efe   Section        0  fcmp.o(i._fleq)
    i._is_digit                              0x08005f18   Section        0  __printf_wp.o(i._is_digit)
    i.sqrtf                                  0x08005f26   Section        0  sqrtf.o(i.sqrtf)
    locale$$code                             0x08005f54   Section       44  lc_numeric_c.o(locale$$code)
    x$fpl$fadd                               0x08005f80   Section      140  faddsub.o(x$fpl$fadd)
    _fadd1                                   0x08005f8d   Thumb Code     0  faddsub.o(x$fpl$fadd)
    x$fpl$fgeqf                              0x0800600c   Section       84  fgef.o(x$fpl$fgeqf)
    x$fpl$fleqf                              0x08006060   Section       84  flef.o(x$fpl$fleqf)
    x$fpl$fmul                               0x080060b4   Section      176  fmul.o(x$fpl$fmul)
    x$fpl$fsub                               0x08006164   Section      208  faddsub.o(x$fpl$fsub)
    _fsub1                                   0x08006171   Thumb Code     0  faddsub.o(x$fpl$fsub)
    x$fpl$printf1                            0x08006234   Section       16  printf1.o(x$fpl$printf1)
    maptable                                 0x08006244   Data          17  __printf_flags_wp.o(.constdata)
    .constdata                               0x08006244   Section       17  __printf_flags_wp.o(.constdata)
    x$fpl$usenofp                            0x08006244   Section        0  usenofp.o(x$fpl$usenofp)
    fdiv_tab                                 0x08006255   Data          64  fdiv.o(.constdata)
    .constdata                               0x08006255   Section       64  fdiv.o(.constdata)
    tenpwrs_x                                0x08006298   Data          60  bigflt0.o(.constdata)
    .constdata                               0x08006298   Section      148  bigflt0.o(.constdata)
    tenpwrs_i                                0x080062d4   Data          64  bigflt0.o(.constdata)
    [Anonymous Symbol]                       0x08006350   Section        0  stm32l0xx_hal_uart.o(.rodata.cst16)
    [Anonymous Symbol]                       0x08006360   Section        0  main.o(.rodata.str1.1)
    locale$$data                             0x0800639c   Section       28  lc_numeric_c.o(locale$$data)
    __lcnum_c_name                           0x080063a0   Data           2  lc_numeric_c.o(locale$$data)
    __lcnum_c_start                          0x080063a8   Data           0  lc_numeric_c.o(locale$$data)
    __lcnum_c_point                          0x080063b4   Data           0  lc_numeric_c.o(locale$$data)
    __lcnum_c_thousands                      0x080063b6   Data           0  lc_numeric_c.o(locale$$data)
    __lcnum_c_grouping                       0x080063b7   Data           0  lc_numeric_c.o(locale$$data)
    __lcnum_c_end                            0x080063b8   Data           0  lc_numeric_c.o(locale$$data)
    [Anonymous Symbol]                       0x20000000   Section        0  stm32l0xx_hal.o(.data..L_MergedGlobals)
    .bss                                     0x20000010   Section       96  libspace.o(.bss)
    [Anonymous Symbol]                       0x20000070   Section        0  main.o(.bss..L_MergedGlobals)
    [Anonymous Symbol]                       0x200000e4   Section        0  main.o(.bss..L_MergedGlobals.7)
    Heap_Mem                                 0x20000238   Data         512  startup_stm32l073xx.o(HEAP)
    HEAP                                     0x20000238   Section      512  startup_stm32l073xx.o(HEAP)
    Stack_Mem                                0x20000438   Data        1024  startup_stm32l073xx.o(STACK)
    STACK                                    0x20000438   Section     1024  startup_stm32l073xx.o(STACK)
    __initial_sp                             0x20000838   Data           0  startup_stm32l073xx.o(STACK)

    Global Symbols

    Symbol Name                              Value     Ov Type        Size  Object(Section)

    BuildAttributes$$THM_ISAv3M$S$PE$A:L22$X:L11$S22$IEEE1$IW$~IW$USESV6$~STKCKD$USESV7$~SHL$OTIME$ROPI$IEEEJ$EBA8$UX$STANDARDLIB$REQ8$PRES8$EABIv2 0x00000000   Number         0  anon$$obj.o ABSOLUTE
    _printf_flags                            0x00000000   Number         0  printf_stubs.o ABSOLUTE
    _printf_return_value                     0x00000000   Number         0  printf_stubs.o ABSOLUTE
    _printf_sizespec                         0x00000000   Number         0  printf_stubs.o ABSOLUTE
    _printf_widthprec                        0x00000000   Number         0  printf_stubs.o ABSOLUTE
    __ARM_exceptions_init                     - Undefined Weak Reference
    __alloca_initialize                       - Undefined Weak Reference
    __arm_preinit_                            - Undefined Weak Reference
    __arm_relocate_pie_                       - Undefined Weak Reference
    __cpp_initialize__aeabi_                  - Undefined Weak Reference
    __cxa_finalize                            - Undefined Weak Reference
    __sigvec_lookup                           - Undefined Weak Reference
    _atexit_init                              - Undefined Weak Reference
    _call_atexit_fns                          - Undefined Weak Reference
    _clock_init                               - Undefined Weak Reference
    _fp_trap_init                             - Undefined Weak Reference
    _fp_trap_shutdown                         - Undefined Weak Reference
    _get_lc_collate                           - Undefined Weak Reference
    _get_lc_ctype                             - Undefined Weak Reference
    _get_lc_monetary                          - Undefined Weak Reference
    _get_lc_time                              - Undefined Weak Reference
    _getenv_init                              - Undefined Weak Reference
    _handle_redirection                       - Undefined Weak Reference
    _init_alloc                               - Undefined Weak Reference
    _init_user_alloc                          - Undefined Weak Reference
    _initio                                   - Undefined Weak Reference
    _printf_truncate_signed                   - Undefined Weak Reference
    _printf_truncate_unsigned                 - Undefined Weak Reference
    _rand_init                                - Undefined Weak Reference
    _signal_finish                            - Undefined Weak Reference
    _signal_init                              - Undefined Weak Reference
    _terminate_alloc                          - Undefined Weak Reference
    _terminate_user_alloc                     - Undefined Weak Reference
    _terminateio                              - Undefined Weak Reference
    __Vectors_Size                           0x000000c0   Number         0  startup_stm32l073xx.o ABSOLUTE
    __Vectors                                0x08000000   Data           4  startup_stm32l073xx.o(RESET)
    __Vectors_End                            0x080000c0   Data           0  startup_stm32l073xx.o(RESET)
    __main                                   0x080000c1   Thumb Code     8  __main.o(!!!main)
    __scatterload                            0x080000c9   Thumb Code     0  __scatter.o(!!!scatter)
    __scatterload_rt2                        0x080000c9   Thumb Code    74  __scatter.o(!!!scatter)
    __scatterload_rt2_thumb_only             0x080000c9   Thumb Code     0  __scatter.o(!!!scatter)
    __scatterload_loop                       0x080000d3   Thumb Code     0  __scatter.o(!!!scatter)
    __scatterload_copy                       0x0800011d   Thumb Code    26  __scatter_copy.o(!!handler_copy)
    __scatterload_null                       0x08000139   Thumb Code     2  __scatter.o(!!handler_null)
    __scatterload_zeroinit                   0x0800013d   Thumb Code    28  __scatter_zi.o(!!handler_zi)
    _printf_percent                          0x08000159   Thumb Code     0  _printf_percent.o(.ARM.Collect$$_printf_percent$$00000000)
    _printf_f                                0x0800015b   Thumb Code     0  _printf_f.o(.ARM.Collect$$_printf_percent$$00000003)
    _printf_d                                0x08000165   Thumb Code     0  _printf_d.o(.ARM.Collect$$_printf_percent$$00000009)
    _printf_percent_end                      0x0800016f   Thumb Code     0  _printf_percent_end.o(.ARM.Collect$$_printf_percent$$00000017)
    __rt_lib_init                            0x08000173   Thumb Code     0  libinit.o(.ARM.Collect$$libinit$$00000000)
    __rt_lib_init_fp_1                       0x08000175   Thumb Code     0  libinit2.o(.ARM.Collect$$libinit$$00000002)
    __rt_lib_init_heap_1                     0x08000175   Thumb Code     0  libinit2.o(.ARM.Collect$$libinit$$0000000C)
    __rt_lib_init_lc_common                  0x08000175   Thumb Code     0  libinit2.o(.ARM.Collect$$libinit$$00000011)
    __rt_lib_init_preinit_1                  0x08000175   Thumb Code     0  libinit2.o(.ARM.Collect$$libinit$$00000006)
    __rt_lib_init_rand_1                     0x08000175   Thumb Code     0  libinit2.o(.ARM.Collect$$libinit$$00000010)
    __rt_lib_init_relocate_pie_1             0x08000175   Thumb Code     0  libinit2.o(.ARM.Collect$$libinit$$00000004)
    __rt_lib_init_user_alloc_1               0x08000175   Thumb Code     0  libinit2.o(.ARM.Collect$$libinit$$0000000E)
    __rt_lib_init_lc_collate_1               0x0800017b   Thumb Code     0  libinit2.o(.ARM.Collect$$libinit$$00000013)
    __rt_lib_init_lc_ctype_1                 0x0800017b   Thumb Code     0  libinit2.o(.ARM.Collect$$libinit$$00000015)
    __rt_lib_init_lc_monetary_1              0x0800017b   Thumb Code     0  libinit2.o(.ARM.Collect$$libinit$$00000017)
    __rt_lib_init_lc_numeric_2               0x0800017b   Thumb Code     0  libinit2.o(.ARM.Collect$$libinit$$00000018)
    __rt_lib_init_alloca_1                   0x08000185   Thumb Code     0  libinit2.o(.ARM.Collect$$libinit$$00000030)
    __rt_lib_init_argv_1                     0x08000185   Thumb Code     0  libinit2.o(.ARM.Collect$$libinit$$0000002E)
    __rt_lib_init_atexit_1                   0x08000185   Thumb Code     0  libinit2.o(.ARM.Collect$$libinit$$0000001D)
    __rt_lib_init_clock_1                    0x08000185   Thumb Code     0  libinit2.o(.ARM.Collect$$libinit$$00000023)
    __rt_lib_init_cpp_1                      0x08000185   Thumb Code     0  libinit2.o(.ARM.Collect$$libinit$$00000034)
    __rt_lib_init_exceptions_1               0x08000185   Thumb Code     0  libinit2.o(.ARM.Collect$$libinit$$00000032)
    __rt_lib_init_fp_trap_1                  0x08000185   Thumb Code     0  libinit2.o(.ARM.Collect$$libinit$$00000021)
    __rt_lib_init_getenv_1                   0x08000185   Thumb Code     0  libinit2.o(.ARM.Collect$$libinit$$00000025)
    __rt_lib_init_lc_numeric_1               0x08000185   Thumb Code     0  libinit2.o(.ARM.Collect$$libinit$$00000019)
    __rt_lib_init_lc_time_1                  0x08000185   Thumb Code     0  libinit2.o(.ARM.Collect$$libinit$$0000001B)
    __rt_lib_init_return                     0x08000185   Thumb Code     0  libinit2.o(.ARM.Collect$$libinit$$00000035)
    __rt_lib_init_signal_1                   0x08000185   Thumb Code     0  libinit2.o(.ARM.Collect$$libinit$$0000001F)
    __rt_lib_init_stdio_1                    0x08000185   Thumb Code     0  libinit2.o(.ARM.Collect$$libinit$$00000027)
    __rt_lib_shutdown                        0x08000187   Thumb Code     0  libshutdown.o(.ARM.Collect$$libshutdown$$00000000)
    __rt_lib_shutdown_cpp_1                  0x08000189   Thumb Code     0  libshutdown2.o(.ARM.Collect$$libshutdown$$00000002)
    __rt_lib_shutdown_fp_trap_1              0x08000189   Thumb Code     0  libshutdown2.o(.ARM.Collect$$libshutdown$$00000007)
    __rt_lib_shutdown_heap_1                 0x08000189   Thumb Code     0  libshutdown2.o(.ARM.Collect$$libshutdown$$0000000F)
    __rt_lib_shutdown_return                 0x08000189   Thumb Code     0  libshutdown2.o(.ARM.Collect$$libshutdown$$00000010)
    __rt_lib_shutdown_signal_1               0x08000189   Thumb Code     0  libshutdown2.o(.ARM.Collect$$libshutdown$$0000000A)
    __rt_lib_shutdown_stdio_1                0x08000189   Thumb Code     0  libshutdown2.o(.ARM.Collect$$libshutdown$$00000004)
    __rt_lib_shutdown_user_alloc_1           0x08000189   Thumb Code     0  libshutdown2.o(.ARM.Collect$$libshutdown$$0000000C)
    __rt_entry                               0x0800018b   Thumb Code     0  __rtentry.o(.ARM.Collect$$rtentry$$00000000)
    __rt_entry_presh_1                       0x0800018b   Thumb Code     0  __rtentry2.o(.ARM.Collect$$rtentry$$00000002)
    __rt_entry_sh                            0x0800018b   Thumb Code     0  __rtentry4.o(.ARM.Collect$$rtentry$$00000004)
    __rt_entry_li                            0x08000191   Thumb Code     0  __rtentry2.o(.ARM.Collect$$rtentry$$0000000A)
    __rt_entry_postsh_1                      0x08000191   Thumb Code     0  __rtentry2.o(.ARM.Collect$$rtentry$$00000009)
    __rt_entry_main                          0x08000195   Thumb Code     0  __rtentry2.o(.ARM.Collect$$rtentry$$0000000D)
    __rt_entry_postli_1                      0x08000195   Thumb Code     0  __rtentry2.o(.ARM.Collect$$rtentry$$0000000C)
    __rt_exit                                0x0800019d   Thumb Code     0  rtexit.o(.ARM.Collect$$rtexit$$00000000)
    __rt_exit_ls                             0x0800019f   Thumb Code     0  rtexit2.o(.ARM.Collect$$rtexit$$00000003)
    __rt_exit_prels_1                        0x0800019f   Thumb Code     0  rtexit2.o(.ARM.Collect$$rtexit$$00000002)
    __rt_exit_exit                           0x080001a3   Thumb Code     0  rtexit2.o(.ARM.Collect$$rtexit$$00000004)
    Reset_Handler                            0x080001a9   Thumb Code     8  startup_stm32l073xx.o(.text)
    ADC1_COMP_IRQHandler                     0x080001bb   Thumb Code     0  startup_stm32l073xx.o(.text)
    DMA1_Channel1_IRQHandler                 0x080001bb   Thumb Code     0  startup_stm32l073xx.o(.text)
    DMA1_Channel2_3_IRQHandler               0x080001bb   Thumb Code     0  startup_stm32l073xx.o(.text)
    DMA1_Channel4_5_6_7_IRQHandler           0x080001bb   Thumb Code     0  startup_stm32l073xx.o(.text)
    EXTI0_1_IRQHandler                       0x080001bb   Thumb Code     0  startup_stm32l073xx.o(.text)
    EXTI2_3_IRQHandler                       0x080001bb   Thumb Code     0  startup_stm32l073xx.o(.text)
    EXTI4_15_IRQHandler                      0x080001bb   Thumb Code     0  startup_stm32l073xx.o(.text)
    FLASH_IRQHandler                         0x080001bb   Thumb Code     0  startup_stm32l073xx.o(.text)
    I2C2_IRQHandler                          0x080001bb   Thumb Code     0  startup_stm32l073xx.o(.text)
    I2C3_IRQHandler                          0x080001bb   Thumb Code     0  startup_stm32l073xx.o(.text)
    LCD_IRQHandler                           0x080001bb   Thumb Code     0  startup_stm32l073xx.o(.text)
    LPTIM1_IRQHandler                        0x080001bb   Thumb Code     0  startup_stm32l073xx.o(.text)
    PVD_IRQHandler                           0x080001bb   Thumb Code     0  startup_stm32l073xx.o(.text)
    RCC_CRS_IRQHandler                       0x080001bb   Thumb Code     0  startup_stm32l073xx.o(.text)
    RNG_LPUART1_IRQHandler                   0x080001bb   Thumb Code     0  startup_stm32l073xx.o(.text)
    RTC_IRQHandler                           0x080001bb   Thumb Code     0  startup_stm32l073xx.o(.text)
    SPI1_IRQHandler                          0x080001bb   Thumb Code     0  startup_stm32l073xx.o(.text)
    SPI2_IRQHandler                          0x080001bb   Thumb Code     0  startup_stm32l073xx.o(.text)
    TIM21_IRQHandler                         0x080001bb   Thumb Code     0  startup_stm32l073xx.o(.text)
    TIM22_IRQHandler                         0x080001bb   Thumb Code     0  startup_stm32l073xx.o(.text)
    TIM2_IRQHandler                          0x080001bb   Thumb Code     0  startup_stm32l073xx.o(.text)
    TIM3_IRQHandler                          0x080001bb   Thumb Code     0  startup_stm32l073xx.o(.text)
    TIM7_IRQHandler                          0x080001bb   Thumb Code     0  startup_stm32l073xx.o(.text)
    TSC_IRQHandler                           0x080001bb   Thumb Code     0  startup_stm32l073xx.o(.text)
    USART2_IRQHandler                        0x080001bb   Thumb Code     0  startup_stm32l073xx.o(.text)
    USART4_5_IRQHandler                      0x080001bb   Thumb Code     0  startup_stm32l073xx.o(.text)
    USB_IRQHandler                           0x080001bb   Thumb Code     0  startup_stm32l073xx.o(.text)
    WWDG_IRQHandler                          0x080001bb   Thumb Code     0  startup_stm32l073xx.o(.text)
    __user_initial_stackheap                 0x080001bd   Thumb Code     0  startup_stm32l073xx.o(.text)
    __aeabi_uldivmod                         0x080001e1   Thumb Code   272  lludiv.o(.text)
    _ll_udiv                                 0x080001e1   Thumb Code     0  lludiv.o(.text)
    __2sprintf                               0x080002f1   Thumb Code    36  noretval__2sprintf.o(.text)
    _printf_pre_padding                      0x08000319   Thumb Code    44  _printf_pad.o(.text)
    _printf_post_padding                     0x08000345   Thumb Code    34  _printf_pad.o(.text)
    _printf_int_dec                          0x08000369   Thumb Code    90  _printf_dec.o(.text)
    __printf                                 0x080003d5   Thumb Code   306  __printf_flags_wp.o(.text)
    strlen                                   0x0800050d   Thumb Code    62  strlen.o(.text)
    _memset_w                                0x08000551   Thumb Code    26  rt_memclr.o(.text)
    _memset                                  0x0800056b   Thumb Code    30  rt_memclr.o(.text)
    __aeabi_memclr                           0x08000589   Thumb Code     4  rt_memclr.o(.text)
    __rt_memclr                              0x08000589   Thumb Code     0  rt_memclr.o(.text)
    __aeabi_memclr4                          0x0800058d   Thumb Code     0  rt_memclr.o(.text)
    __aeabi_memclr8                          0x0800058d   Thumb Code     0  rt_memclr.o(.text)
    __rt_memclr_w                            0x0800058d   Thumb Code     4  rt_memclr.o(.text)
    __aeabi_uidivmod                         0x08000591   Thumb Code    28  aeabi_sdivfast.o(.text)
    __aeabi_idivmod                          0x080005ad   Thumb Code   472  aeabi_sdivfast.o(.text)
    __use_two_region_memory                  0x08000789   Thumb Code     2  heapauxi.o(.text)
    __rt_heap_escrow$2region                 0x0800078b   Thumb Code     2  heapauxi.o(.text)
    __rt_heap_expand$2region                 0x0800078d   Thumb Code     2  heapauxi.o(.text)
    __aeabi_f2d                              0x08000791   Thumb Code     0  f2d.o(.text)
    __extendsfdf2                            0x08000791   Thumb Code     0  f2d.o(.text)
    _f2d                                     0x08000791   Thumb Code    80  f2d.o(.text)
    __aeabi_fdiv                             0x080007e5   Thumb Code     0  fdiv.o(.text)
    __divsf3                                 0x080007e5   Thumb Code     0  fdiv.o(.text)
    _fdiv                                    0x080007e5   Thumb Code   334  fdiv.o(.text)
    _frdiv                                   0x08000933   Thumb Code     8  fdiv.o(.text)
    __aeabi_i2f_normalise                    0x08000945   Thumb Code    72  fflti.o(.text)
    __aeabi_i2f                              0x0800098d   Thumb Code    16  fflti.o(.text)
    _fflt                                    0x0800098d   Thumb Code     0  fflti.o(.text)
    __aeabi_ui2f                             0x0800099d   Thumb Code     6  fflti.o(.text)
    _ffltu                                   0x0800099d   Thumb Code     0  fflti.o(.text)
    __read_errno                             0x080009a3   Thumb Code    10  _rserrno.o(.text)
    __set_errno                              0x080009ad   Thumb Code    12  _rserrno.o(.text)
    _printf_int_common                       0x080009b9   Thumb Code   176  _printf_intcommon.o(.text)
    _printf_fp_dec_real                      0x08000c05   Thumb Code   620  _printf_fp_dec.o(.text)
    _printf_char_common                      0x08000e87   Thumb Code    32  _printf_char_common.o(.text)
    _sputc                                   0x08000ead   Thumb Code    10  _sputc.o(.text)
    __rt_udiv10                              0x08000eb7   Thumb Code    40  rtudiv10.o(.text)
    _fsqrt                                   0x08000ee1   Thumb Code   140  fsqrt.o(.text)
    __rt_locale                              0x08000f71   Thumb Code     8  rt_locale_intlibspace.o(.text)
    __aeabi_errno_addr                       0x08000f79   Thumb Code     8  rt_errno_addr_intlibspace.o(.text)
    __errno$intlibspace                      0x08000f79   Thumb Code     0  rt_errno_addr_intlibspace.o(.text)
    __rt_errno_addr$intlibspace              0x08000f79   Thumb Code     0  rt_errno_addr_intlibspace.o(.text)
    _ll_udiv10                               0x08000f81   Thumb Code   122  lludiv10.o(.text)
    _printf_fp_infnan                        0x08000ffd   Thumb Code   120  _printf_fp_infnan.o(.text)
    _btod_etento                             0x08001085   Thumb Code   210  bigflt0.o(.text)
    _btod_d2e                                0x0800115d   Thumb Code    64  btod.o(.text)
    _btod_emul                               0x08001591   Thumb Code    28  btod.o(.text)
    _btod_emuld                              0x080015ad   Thumb Code   144  btod.o(.text)
    _btod_ediv                               0x0800163d   Thumb Code    26  btod.o(.text)
    _btod_edivd                              0x08001657   Thumb Code   124  btod.o(.text)
    __fpl_fcmp_InfNaN                        0x080016dd   Thumb Code    96  fcmpin.o(.text)
    __user_libspace                          0x08001741   Thumb Code     8  libspace.o(.text)
    __user_perproc_libspace                  0x08001741   Thumb Code     0  libspace.o(.text)
    __user_perthread_libspace                0x08001741   Thumb Code     0  libspace.o(.text)
    __user_setup_stackheap                   0x08001749   Thumb Code    62  sys_stackheap_outer.o(.text)
    exit                                     0x08001787   Thumb Code    16  exit.o(.text)
    strcmp                                   0x08001799   Thumb Code   176  strcmpv6m.o(.text)
    __fpl_cmpreturn                          0x08001849   Thumb Code    46  cmpret.o(.text)
    __fpl_fcheck_NaN2                        0x08001879   Thumb Code    10  fnan2.o(.text)
    __fpl_return_NaN                         0x08001889   Thumb Code    94  retnan.o(.text)
    _sys_exit                                0x080018e9   Thumb Code     8  sys_exit.o(.text)
    __I$use$semihosting                      0x080018f5   Thumb Code     0  use_no_semi.o(.text)
    __use_no_semihosting_swi                 0x080018f5   Thumb Code     2  use_no_semi.o(.text)
    HAL_DMA_Abort                            0x080018f7   Thumb Code    66  stm32l0xx_hal_dma.o(.text.HAL_DMA_Abort)
    __semihosting_library_function           0x080018f7   Thumb Code     0  indicate_semi.o(.text)
    HAL_DMA_Abort_IT                         0x08001939   Thumb Code    70  stm32l0xx_hal_dma.o(.text.HAL_DMA_Abort_IT)
    HAL_DMA_GetState                         0x0800197f   Thumb Code     6  stm32l0xx_hal_dma.o(.text.HAL_DMA_GetState)
    HAL_Delay                                0x08001985   Thumb Code    32  stm32l0xx_hal.o(.text.HAL_Delay)
    HAL_GPIO_Init                            0x080019a9   Thumb Code   380  stm32l0xx_hal_gpio.o(.text.HAL_GPIO_Init)
    HAL_GPIO_WritePin                        0x08001b31   Thumb Code    16  stm32l0xx_hal_gpio.o(.text.HAL_GPIO_WritePin)
    HAL_GetTick                              0x08001b41   Thumb Code     8  stm32l0xx_hal.o(.text.HAL_GetTick)
    HAL_I2CEx_ConfigAnalogFilter             0x08001b4d   Thumb Code    66  stm32l0xx_hal_i2c_ex.o(.text.HAL_I2CEx_ConfigAnalogFilter)
    HAL_I2CEx_ConfigDigitalFilter            0x08001b8f   Thumb Code    66  stm32l0xx_hal_i2c_ex.o(.text.HAL_I2CEx_ConfigDigitalFilter)
    HAL_I2CEx_EnableFastModePlus             0x08001bd1   Thumb Code    20  stm32l0xx_hal_i2c_ex.o(.text.HAL_I2CEx_EnableFastModePlus)
    HAL_I2C_AbortCpltCallback                0x08001bed   Thumb Code     2  stm32l0xx_hal_i2c.o(.text.HAL_I2C_AbortCpltCallback)
    HAL_I2C_AddrCallback                     0x08001bef   Thumb Code     2  stm32l0xx_hal_i2c.o(.text.HAL_I2C_AddrCallback)
    HAL_I2C_ER_IRQHandler                    0x08001bf1   Thumb Code   130  stm32l0xx_hal_i2c.o(.text.HAL_I2C_ER_IRQHandler)
    HAL_I2C_EV_IRQHandler                    0x08001c73   Thumb Code    18  stm32l0xx_hal_i2c.o(.text.HAL_I2C_EV_IRQHandler)
    HAL_I2C_ErrorCallback                    0x08001c85   Thumb Code     2  stm32l0xx_hal_i2c.o(.text.HAL_I2C_ErrorCallback)
    HAL_I2C_Init                             0x08001c89   Thumb Code   172  stm32l0xx_hal_i2c.o(.text.HAL_I2C_Init)
    HAL_I2C_ListenCpltCallback               0x08001d3d   Thumb Code     2  stm32l0xx_hal_i2c.o(.text.HAL_I2C_ListenCpltCallback)
    HAL_I2C_Mem_Read                         0x08001d41   Thumb Code   552  stm32l0xx_hal_i2c.o(.text.HAL_I2C_Mem_Read)
    HAL_I2C_Mem_Write                        0x08001f75   Thumb Code   540  stm32l0xx_hal_i2c.o(.text.HAL_I2C_Mem_Write)
    HAL_I2C_MspInit                          0x080021a9   Thumb Code   104  stm32l0xx_hal_msp.o(.text.HAL_I2C_MspInit)
    HAL_I2C_SlaveRxCpltCallback              0x0800221d   Thumb Code     2  stm32l0xx_hal_i2c.o(.text.HAL_I2C_SlaveRxCpltCallback)
    HAL_I2C_SlaveTxCpltCallback              0x0800221f   Thumb Code     2  stm32l0xx_hal_i2c.o(.text.HAL_I2C_SlaveTxCpltCallback)
    HAL_IncTick                              0x08002221   Thumb Code    16  stm32l0xx_hal.o(.text.HAL_IncTick)
    HAL_Init                                 0x08002235   Thumb Code    36  stm32l0xx_hal.o(.text.HAL_Init)
    HAL_InitTick                             0x0800225d   Thumb Code    60  stm32l0xx_hal.o(.text.HAL_InitTick)
    HAL_MspInit                              0x080022a1   Thumb Code    20  stm32l0xx_hal_msp.o(.text.HAL_MspInit)
    HAL_NVIC_EnableIRQ                       0x080022b9   Thumb Code    20  stm32l0xx_hal_cortex.o(.text.HAL_NVIC_EnableIRQ)
    HAL_NVIC_SetPriority                     0x080022d1   Thumb Code    48  stm32l0xx_hal_cortex.o(.text.HAL_NVIC_SetPriority)
    HAL_RCCEx_PeriphCLKConfig                0x08002309   Thumb Code   560  stm32l0xx_hal_rcc_ex.o(.text.HAL_RCCEx_PeriphCLKConfig)
    HAL_RCC_ClockConfig                      0x08002541   Thumb Code   504  stm32l0xx_hal_rcc.o(.text.HAL_RCC_ClockConfig)
    HAL_RCC_GetPCLK1Freq                     0x08002749   Thumb Code    20  stm32l0xx_hal_rcc.o(.text.HAL_RCC_GetPCLK1Freq)
    HAL_RCC_GetPCLK2Freq                     0x0800275d   Thumb Code    20  stm32l0xx_hal_rcc.o(.text.HAL_RCC_GetPCLK2Freq)
    HAL_RCC_GetSysClockFreq                  0x0800277d   Thumb Code   104  stm32l0xx_hal_rcc.o(.text.HAL_RCC_GetSysClockFreq)
    HAL_RCC_OscConfig                        0x080027f5   Thumb Code  1380  stm32l0xx_hal_rcc.o(.text.HAL_RCC_OscConfig)
    HAL_SYSTICK_Config                       0x08002d81   Thumb Code    40  stm32l0xx_hal_cortex.o(.text.HAL_SYSTICK_Config)
    HAL_TIMEx_MasterConfigSynchronization    0x08002db5   Thumb Code    92  stm32l0xx_hal_tim_ex.o(.text.HAL_TIMEx_MasterConfigSynchronization)
    HAL_TIM_Base_Init                        0x08002e11   Thumb Code   180  stm32l0xx_hal_tim.o(.text.HAL_TIM_Base_Init)
    HAL_TIM_Base_MspInit                     0x08002ec5   Thumb Code    44  stm32l0xx_hal_msp.o(.text.HAL_TIM_Base_MspInit)
    HAL_TIM_Base_Start_IT                    0x08002ef9   Thumb Code    84  stm32l0xx_hal_tim.o(.text.HAL_TIM_Base_Start_IT)
    HAL_TIM_IC_CaptureCallback               0x08002f5d   Thumb Code     2  stm32l0xx_hal_tim.o(.text.HAL_TIM_IC_CaptureCallback)
    HAL_TIM_IRQHandler                       0x08002f5f   Thumb Code   370  stm32l0xx_hal_tim.o(.text.HAL_TIM_IRQHandler)
    HAL_TIM_OC_DelayElapsedCallback          0x080030d1   Thumb Code     2  stm32l0xx_hal_tim.o(.text.HAL_TIM_OC_DelayElapsedCallback)
    HAL_TIM_PWM_PulseFinishedCallback        0x080030d3   Thumb Code     2  stm32l0xx_hal_tim.o(.text.HAL_TIM_PWM_PulseFinishedCallback)
    HAL_TIM_PeriodElapsedCallback            0x080030d5   Thumb Code   204  main.o(.text.HAL_TIM_PeriodElapsedCallback)
    HAL_TIM_TriggerCallback                  0x080031b1   Thumb Code     2  stm32l0xx_hal_tim.o(.text.HAL_TIM_TriggerCallback)
    HAL_UARTEx_RxEventCallback               0x080031b3   Thumb Code     2  stm32l0xx_hal_uart.o(.text.HAL_UARTEx_RxEventCallback)
    HAL_UARTEx_WakeupCallback                0x080031b5   Thumb Code     2  stm32l0xx_hal_uart_ex.o(.text.HAL_UARTEx_WakeupCallback)
    HAL_UART_ErrorCallback                   0x080031b7   Thumb Code     2  stm32l0xx_hal_uart.o(.text.HAL_UART_ErrorCallback)
    HAL_UART_IRQHandler                      0x080031b9   Thumb Code   996  stm32l0xx_hal_uart.o(.text.HAL_UART_IRQHandler)
    HAL_UART_Init                            0x080035a9   Thumb Code   110  stm32l0xx_hal_uart.o(.text.HAL_UART_Init)
    HAL_UART_MspInit                         0x08003619   Thumb Code   104  stm32l0xx_hal_msp.o(.text.HAL_UART_MspInit)
    HAL_UART_Receive_IT                      0x08003685   Thumb Code   108  stm32l0xx_hal_uart.o(.text.HAL_UART_Receive_IT)
    HAL_UART_RxCpltCallback                  0x080036f5   Thumb Code   164  main.o(.text.HAL_UART_RxCpltCallback)
    HAL_UART_Transmit                        0x080037a9   Thumb Code   392  stm32l0xx_hal_uart.o(.text.HAL_UART_Transmit)
    HAL_UART_TxCpltCallback                  0x08003935   Thumb Code     2  stm32l0xx_hal_uart.o(.text.HAL_UART_TxCpltCallback)
    HardFault_Handler                        0x08003937   Thumb Code     2  stm32l0xx_it.o(.text.HardFault_Handler)
    I2C1_IRQHandler                          0x08003939   Thumb Code    32  stm32l0xx_it.o(.text.I2C1_IRQHandler)
    LCD_SendCommand                          0x0800450b   Thumb Code   226  main.o(.text.LCD_SendCommand)
    LCD_SendData                             0x080045ed   Thumb Code   212  main.o(.text.LCD_SendData)
    NMI_Handler                              0x080046c1   Thumb Code     2  stm32l0xx_it.o(.text.NMI_Handler)
    PendSV_Handler                           0x080046c3   Thumb Code     2  stm32l0xx_it.o(.text.PendSV_Handler)
    SVC_Handler                              0x080046c5   Thumb Code     2  stm32l0xx_it.o(.text.SVC_Handler)
    SysTick_Handler                          0x080046c7   Thumb Code     8  stm32l0xx_it.o(.text.SysTick_Handler)
    SystemInit                               0x080046cf   Thumb Code     2  system_stm32l0xx.o(.text.SystemInit)
    TIM6_DAC_IRQHandler                      0x080046d1   Thumb Code    12  stm32l0xx_it.o(.text.TIM6_DAC_IRQHandler)
    UART_AdvFeatureConfig                    0x080046e1   Thumb Code   210  stm32l0xx_hal_uart.o(.text.UART_AdvFeatureConfig)
    UART_CheckIdleState                      0x080047b5   Thumb Code   204  stm32l0xx_hal_uart.o(.text.UART_CheckIdleState)
    UART_SetConfig                           0x08004a45   Thumb Code   484  stm32l0xx_hal_uart.o(.text.UART_SetConfig)
    UART_Start_Receive_IT                    0x08004c71   Thumb Code   200  stm32l0xx_hal_uart.o(.text.UART_Start_Receive_IT)
    UART_WaitOnFlagUntilTimeout              0x08004d45   Thumb Code   444  stm32l0xx_hal_uart.o(.text.UART_WaitOnFlagUntilTimeout)
    USART1_IRQHandler                        0x08004f01   Thumb Code    12  stm32l0xx_it.o(.text.USART1_IRQHandler)
    main                                     0x08004f11   Thumb Code  1396  main.o(.text.main)
    statechart_calculate_Gravity             0x0800563d   Thumb Code   224  main.o(.text.statechart_calculate_Gravity)
    statechart_display_Grvt                  0x08005721   Thumb Code   132  main.o(.text.statechart_display_Grvt)
    statechart_display_LCD                   0x080057a9   Thumb Code   248  main.o(.text.statechart_display_LCD)
    statechart_lCD_Init                      0x080058d5   Thumb Code   396  main.o(.text.statechart_lCD_Init)
    statechart_mPU6050_Calibrate             0x08005a61   Thumb Code   152  main.o(.text.statechart_mPU6050_Calibrate)
    statechart_mPU6050_Read_Accel            0x08005afd   Thumb Code    68  main.o(.text.statechart_mPU6050_Read_Accel)
    statechart_rMS                           0x08005b41   Thumb Code    24  main.o(.text.statechart_rMS)
    statechart_raise_send                    0x08005b5d   Thumb Code    48  statechart.o(.text.statechart_raise_send)
    statechart_raise_timer                   0x08005b8d   Thumb Code    48  statechart.o(.text.statechart_raise_timer)
    statechart_send_Uart                     0x08005bbd   Thumb Code    76  main.o(.text.statechart_send_Uart)
    statechart_set_accel_range               0x08005c11   Thumb Code   124  main.o(.text.statechart_set_accel_range)
    __aeabi_uidiv                            0x08005c95   Thumb Code    68  aeabi_sdivfast.o(.text_divfast)
    __aeabi_idiv                             0x08005cd9   Thumb Code   434  aeabi_sdivfast.o(.text_divfast)
    __ARM_common_ll_muluu                    0x08005e8b   Thumb Code    48  btod.o(i.__ARM_common_ll_muluu)
    __ARM_fpclassify                         0x08005ebd   Thumb Code    40  fpclassify.o(i.__ARM_fpclassify)
    __aeabi_fcmpge                           0x08005ee9   Thumb Code     0  fcmp.o(i._fgeq)
    _fgeq                                    0x08005ee9   Thumb Code    22  fcmp.o(i._fgeq)
    __aeabi_fcmple                           0x08005eff   Thumb Code     0  fcmp.o(i._fleq)
    _fleq                                    0x08005eff   Thumb Code    26  fcmp.o(i._fleq)
    _is_digit                                0x08005f19   Thumb Code    14  __printf_wp.o(i._is_digit)
    sqrtf                                    0x08005f27   Thumb Code    44  sqrtf.o(i.sqrtf)
    _get_lc_numeric                          0x08005f55   Thumb Code    44  lc_numeric_c.o(locale$$code)
    __aeabi_fadd                             0x08005f81   Thumb Code     0  faddsub.o(x$fpl$fadd)
    _fadd                                    0x08005f81   Thumb Code   134  faddsub.o(x$fpl$fadd)
    _fcmpge                                  0x0800600d   Thumb Code    78  fgef.o(x$fpl$fgeqf)
    __aeabi_cfcmple                          0x08006061   Thumb Code     0  flef.o(x$fpl$fleqf)
    _fcmple                                  0x08006061   Thumb Code    78  flef.o(x$fpl$fleqf)
    __aeabi_fmul                             0x080060b5   Thumb Code     0  fmul.o(x$fpl$fmul)
    _fmul                                    0x080060b5   Thumb Code   172  fmul.o(x$fpl$fmul)
    __aeabi_fsub                             0x08006165   Thumb Code     0  faddsub.o(x$fpl$fsub)
    _fsub                                    0x08006165   Thumb Code   204  faddsub.o(x$fpl$fsub)
    _printf_fp_dec                           0x08006235   Thumb Code    16  printf1.o(x$fpl$printf1)
    __I$use$fp                               0x08006244   Number         0  usenofp.o(x$fpl$usenofp)
    AHBPrescTable                            0x0800632c   Data          16  system_stm32l0xx.o(.rodata.AHBPrescTable)
    APBPrescTable                            0x0800633c   Data           8  system_stm32l0xx.o(.rodata.APBPrescTable)
    PLLMulTable                              0x08006344   Data           9  system_stm32l0xx.o(.rodata.PLLMulTable)
    Region$$Table$$Base                      0x0800637c   Number         0  anon$$obj.o(Region$$Table)
    Region$$Table$$Limit                     0x0800639c   Number         0  anon$$obj.o(Region$$Table)
    uwTickFreq                               0x20000000   Data           1  stm32l0xx_hal.o(.data..L_MergedGlobals)
    uwTickPrio                               0x20000004   Data           4  stm32l0xx_hal.o(.data..L_MergedGlobals)
    SystemCoreClock                          0x20000008   Data           4  system_stm32l0xx.o(.data.SystemCoreClock)
    __libspace_start                         0x20000010   Data          96  libspace.o(.bss)
    __temporary_stack_top$libspace           0x20000070   Data           0  libspace.o(.bss)
    current_range                            0x20000070   Data           1  main.o(.bss..L_MergedGlobals)
    RxBuffer                                 0x20000071   Data           1  main.o(.bss..L_MergedGlobals)
    range_cmd                                0x20000072   Data           1  main.o(.bss..L_MergedGlobals)
    AcX                                      0x20000074   Data           2  main.o(.bss..L_MergedGlobals)
    AcY                                      0x20000076   Data           2  main.o(.bss..L_MergedGlobals)
    AcZ                                      0x20000078   Data           2  main.o(.bss..L_MergedGlobals)
    Min_GAcX                                 0x2000007c   Data           4  main.o(.bss..L_MergedGlobals)
    Max_GAcX                                 0x20000080   Data           4  main.o(.bss..L_MergedGlobals)
    Min_GAcY                                 0x20000084   Data           4  main.o(.bss..L_MergedGlobals)
    Max_GAcY                                 0x20000088   Data           4  main.o(.bss..L_MergedGlobals)
    Min_GAcZ                                 0x2000008c   Data           4  main.o(.bss..L_MergedGlobals)
    Max_GAcZ                                 0x20000090   Data           4  main.o(.bss..L_MergedGlobals)
    sample_no                                0x20000094   Data           4  main.o(.bss..L_MergedGlobals)
    sumSq_GAcX                               0x20000098   Data           4  main.o(.bss..L_MergedGlobals)
    sumSq_GAcY                               0x2000009c   Data           4  main.o(.bss..L_MergedGlobals)
    sumSq_GAcZ                               0x200000a0   Data           4  main.o(.bss..L_MergedGlobals)
    Cal_AcX                                  0x200000a4   Data           4  main.o(.bss..L_MergedGlobals)
    Cal_AcY                                  0x200000a8   Data           4  main.o(.bss..L_MergedGlobals)
    Cal_AcZ                                  0x200000ac   Data           4  main.o(.bss..L_MergedGlobals)
    Grvt_unit                                0x200000b0   Data           4  main.o(.bss..L_MergedGlobals)
    GAcX                                     0x200000b4   Data           4  main.o(.bss..L_MergedGlobals)
    GAcY                                     0x200000b8   Data           4  main.o(.bss..L_MergedGlobals)
    GAcZ                                     0x200000bc   Data           4  main.o(.bss..L_MergedGlobals)
    PtoP_GAcX                                0x200000c0   Data           4  main.o(.bss..L_MergedGlobals)
    PtoP_GAcY                                0x200000c4   Data           4  main.o(.bss..L_MergedGlobals)
    PtoP_GAcZ                                0x200000c8   Data           4  main.o(.bss..L_MergedGlobals)
    RMS_GAcX_LCD                             0x200000cc   Data           4  main.o(.bss..L_MergedGlobals)
    RMS_GAcY_LCD                             0x200000d0   Data           4  main.o(.bss..L_MergedGlobals)
    RMS_GAcZ_LCD                             0x200000d4   Data           4  main.o(.bss..L_MergedGlobals)
    RMS_GAcX                                 0x200000d8   Data           4  main.o(.bss..L_MergedGlobals)
    RMS_GAcY                                 0x200000dc   Data           4  main.o(.bss..L_MergedGlobals)
    RMS_GAcZ                                 0x200000e0   Data           4  main.o(.bss..L_MergedGlobals)
    handle                                   0x200000e4   Data          52  main.o(.bss..L_MergedGlobals.7)
    htim6                                    0x20000118   Data          64  main.o(.bss..L_MergedGlobals.7)
    hi2c1                                    0x20000158   Data          84  main.o(.bss.hi2c1)
    huart1                                   0x200001ac   Data         136  main.o(.bss.huart1)
    uwTick                                   0x20000234   Data           4  stm32l0xx_hal.o(.bss.uwTick)



==============================================================================

Memory Map of the image

  Image Entry point : 0x080000c1

  Load Region LR_IROM1 (Base: 0x08000000, Size: 0x000063c8, Max: 0x00030000, ABSOLUTE)

    Execution Region ER_IROM1 (Exec base: 0x08000000, Load base: 0x08000000, Size: 0x000063b8, Max: 0x00030000, ABSOLUTE)

    Exec Addr    Load Addr    Size         Type   Attr      Idx    E Section Name        Object

    0x08000000   0x08000000   0x000000c0   Data   RO            3    RESET               startup_stm32l073xx.o
    0x080000c0   0x080000c0   0x00000008   Code   RO         1224  * !!!main             c_p.l(__main.o)
    0x080000c8   0x080000c8   0x00000054   Code   RO         1520    !!!scatter          c_p.l(__scatter.o)
    0x0800011c   0x0800011c   0x0000001a   Code   RO         1524    !!handler_copy      c_p.l(__scatter_copy.o)
    0x08000136   0x08000136   0x00000002   PAD
    0x08000138   0x08000138   0x00000002   Code   RO         1521    !!handler_null      c_p.l(__scatter.o)
    0x0800013a   0x0800013a   0x00000002   PAD
    0x0800013c   0x0800013c   0x0000001c   Code   RO         1526    !!handler_zi        c_p.l(__scatter_zi.o)
    0x08000158   0x08000158   0x00000002   Code   RO         1209    .ARM.Collect$$_printf_percent$$00000000  c_p.l(_printf_percent.o)
    0x0800015a   0x0800015a   0x0000000a   Code   RO         1208    .ARM.Collect$$_printf_percent$$00000003  c_p.l(_printf_f.o)
    0x08000164   0x08000164   0x0000000a   Code   RO         1207    .ARM.Collect$$_printf_percent$$00000009  c_p.l(_printf_d.o)
    0x0800016e   0x0800016e   0x00000004   Code   RO         1292    .ARM.Collect$$_printf_percent$$00000017  c_p.l(_printf_percent_end.o)
    0x08000172   0x08000172   0x00000002   Code   RO         1376    .ARM.Collect$$libinit$$00000000  c_p.l(libinit.o)
    0x08000174   0x08000174   0x00000000   Code   RO         1378    .ARM.Collect$$libinit$$00000002  c_p.l(libinit2.o)
    0x08000174   0x08000174   0x00000000   Code   RO         1380    .ARM.Collect$$libinit$$00000004  c_p.l(libinit2.o)
    0x08000174   0x08000174   0x00000000   Code   RO         1382    .ARM.Collect$$libinit$$00000006  c_p.l(libinit2.o)
    0x08000174   0x08000174   0x00000000   Code   RO         1385    .ARM.Collect$$libinit$$0000000C  c_p.l(libinit2.o)
    0x08000174   0x08000174   0x00000000   Code   RO         1387    .ARM.Collect$$libinit$$0000000E  c_p.l(libinit2.o)
    0x08000174   0x08000174   0x00000000   Code   RO         1389    .ARM.Collect$$libinit$$00000010  c_p.l(libinit2.o)
    0x08000174   0x08000174   0x00000006   Code   RO         1390    .ARM.Collect$$libinit$$00000011  c_p.l(libinit2.o)
    0x0800017a   0x0800017a   0x00000000   Code   RO         1392    .ARM.Collect$$libinit$$00000013  c_p.l(libinit2.o)
    0x0800017a   0x0800017a   0x00000000   Code   RO         1394    .ARM.Collect$$libinit$$00000015  c_p.l(libinit2.o)
    0x0800017a   0x0800017a   0x00000000   Code   RO         1396    .ARM.Collect$$libinit$$00000017  c_p.l(libinit2.o)
    0x0800017a   0x0800017a   0x0000000a   Code   RO         1397    .ARM.Collect$$libinit$$00000018  c_p.l(libinit2.o)
    0x08000184   0x08000184   0x00000000   Code   RO         1398    .ARM.Collect$$libinit$$00000019  c_p.l(libinit2.o)
    0x08000184   0x08000184   0x00000000   Code   RO         1400    .ARM.Collect$$libinit$$0000001B  c_p.l(libinit2.o)
    0x08000184   0x08000184   0x00000000   Code   RO         1402    .ARM.Collect$$libinit$$0000001D  c_p.l(libinit2.o)
    0x08000184   0x08000184   0x00000000   Code   RO         1404    .ARM.Collect$$libinit$$0000001F  c_p.l(libinit2.o)
    0x08000184   0x08000184   0x00000000   Code   RO         1406    .ARM.Collect$$libinit$$00000021  c_p.l(libinit2.o)
    0x08000184   0x08000184   0x00000000   Code   RO         1408    .ARM.Collect$$libinit$$00000023  c_p.l(libinit2.o)
    0x08000184   0x08000184   0x00000000   Code   RO         1410    .ARM.Collect$$libinit$$00000025  c_p.l(libinit2.o)
    0x08000184   0x08000184   0x00000000   Code   RO         1412    .ARM.Collect$$libinit$$00000027  c_p.l(libinit2.o)
    0x08000184   0x08000184   0x00000000   Code   RO         1416    .ARM.Collect$$libinit$$0000002E  c_p.l(libinit2.o)
    0x08000184   0x08000184   0x00000000   Code   RO         1418    .ARM.Collect$$libinit$$00000030  c_p.l(libinit2.o)
    0x08000184   0x08000184   0x00000000   Code   RO         1420    .ARM.Collect$$libinit$$00000032  c_p.l(libinit2.o)
    0x08000184   0x08000184   0x00000000   Code   RO         1422    .ARM.Collect$$libinit$$00000034  c_p.l(libinit2.o)
    0x08000184   0x08000184   0x00000002   Code   RO         1423    .ARM.Collect$$libinit$$00000035  c_p.l(libinit2.o)
    0x08000186   0x08000186   0x00000002   Code   RO         1485    .ARM.Collect$$libshutdown$$00000000  c_p.l(libshutdown.o)
    0x08000188   0x08000188   0x00000000   Code   RO         1503    .ARM.Collect$$libshutdown$$00000002  c_p.l(libshutdown2.o)
    0x08000188   0x08000188   0x00000000   Code   RO         1505    .ARM.Collect$$libshutdown$$00000004  c_p.l(libshutdown2.o)
    0x08000188   0x08000188   0x00000000   Code   RO         1508    .ARM.Collect$$libshutdown$$00000007  c_p.l(libshutdown2.o)
    0x08000188   0x08000188   0x00000000   Code   RO         1511    .ARM.Collect$$libshutdown$$0000000A  c_p.l(libshutdown2.o)
    0x08000188   0x08000188   0x00000000   Code   RO         1513    .ARM.Collect$$libshutdown$$0000000C  c_p.l(libshutdown2.o)
    0x08000188   0x08000188   0x00000000   Code   RO         1516    .ARM.Collect$$libshutdown$$0000000F  c_p.l(libshutdown2.o)
    0x08000188   0x08000188   0x00000002   Code   RO         1517    .ARM.Collect$$libshutdown$$00000010  c_p.l(libshutdown2.o)
    0x0800018a   0x0800018a   0x00000000   Code   RO         1271    .ARM.Collect$$rtentry$$00000000  c_p.l(__rtentry.o)
    0x0800018a   0x0800018a   0x00000000   Code   RO         1305    .ARM.Collect$$rtentry$$00000002  c_p.l(__rtentry2.o)
    0x0800018a   0x0800018a   0x00000006   Code   RO         1317    .ARM.Collect$$rtentry$$00000004  c_p.l(__rtentry4.o)
    0x08000190   0x08000190   0x00000000   Code   RO         1307    .ARM.Collect$$rtentry$$00000009  c_p.l(__rtentry2.o)
    0x08000190   0x08000190   0x00000004   Code   RO         1308    .ARM.Collect$$rtentry$$0000000A  c_p.l(__rtentry2.o)
    0x08000194   0x08000194   0x00000000   Code   RO         1310    .ARM.Collect$$rtentry$$0000000C  c_p.l(__rtentry2.o)
    0x08000194   0x08000194   0x00000008   Code   RO         1311    .ARM.Collect$$rtentry$$0000000D  c_p.l(__rtentry2.o)
    0x0800019c   0x0800019c   0x00000002   Code   RO         1429    .ARM.Collect$$rtexit$$00000000  c_p.l(rtexit.o)
    0x0800019e   0x0800019e   0x00000000   Code   RO         1450    .ARM.Collect$$rtexit$$00000002  c_p.l(rtexit2.o)
    0x0800019e   0x0800019e   0x00000004   Code   RO         1451    .ARM.Collect$$rtexit$$00000003  c_p.l(rtexit2.o)
    0x080001a2   0x080001a2   0x00000006   Code   RO         1452    .ARM.Collect$$rtexit$$00000004  c_p.l(rtexit2.o)
    0x080001a8   0x080001a8   0x00000038   Code   RO            4    .text               startup_stm32l073xx.o
    0x080001e0   0x080001e0   0x00000110   Code   RO         1175    .text               c_p.l(lludiv.o)
    0x080002f0   0x080002f0   0x00000028   Code   RO         1179    .text               c_p.l(noretval__2sprintf.o)
    0x08000318   0x08000318   0x0000004e   Code   RO         1183    .text               c_p.l(_printf_pad.o)
    0x08000366   0x08000366   0x00000002   PAD
    0x08000368   0x08000368   0x0000006c   Code   RO         1185    .text               c_p.l(_printf_dec.o)
    0x080003d4   0x080003d4   0x00000138   Code   RO         1199    .text               c_p.l(__printf_flags_wp.o)
    0x0800050c   0x0800050c   0x00000044   Code   RO         1210    .text               c_p.l(strlen.o)
    0x08000550   0x08000550   0x00000040   Code   RO         1212    .text               c_p.l(rt_memclr.o)
    0x08000590   0x08000590   0x000001f8   Code   RO         1214    .text               c_p.l(aeabi_sdivfast.o)
    0x08000788   0x08000788   0x00000006   Code   RO         1222    .text               c_p.l(heapauxi.o)
    0x0800078e   0x0800078e   0x00000002   PAD
    0x08000790   0x08000790   0x00000054   Code   RO         1226    .text               fz_ps.l(f2d.o)
    0x080007e4   0x080007e4   0x00000160   Code   RO         1258    .text               fz_ps.l(fdiv.o)
    0x08000944   0x08000944   0x0000005e   Code   RO         1261    .text               fz_ps.l(fflti.o)
    0x080009a2   0x080009a2   0x00000016   Code   RO         1280    .text               c_p.l(_rserrno.o)
    0x080009b8   0x080009b8   0x000000b0   Code   RO         1282    .text               c_p.l(_printf_intcommon.o)
    0x08000a68   0x08000a68   0x00000414   Code   RO         1284    .text               c_p.l(_printf_fp_dec.o)
    0x08000e7c   0x08000e7c   0x00000030   Code   RO         1288    .text               c_p.l(_printf_char_common.o)
    0x08000eac   0x08000eac   0x0000000a   Code   RO         1290    .text               c_p.l(_sputc.o)
    0x08000eb6   0x08000eb6   0x00000028   Code   RO         1293    .text               c_p.l(rtudiv10.o)
    0x08000ede   0x08000ede   0x00000002   PAD
    0x08000ee0   0x08000ee0   0x00000090   Code   RO         1301    .text               fz_ps.l(fsqrt.o)
    0x08000f70   0x08000f70   0x00000008   Code   RO         1324    .text               c_p.l(rt_locale_intlibspace.o)
    0x08000f78   0x08000f78   0x00000008   Code   RO         1329    .text               c_p.l(rt_errno_addr_intlibspace.o)
    0x08000f80   0x08000f80   0x0000007a   Code   RO         1331    .text               c_p.l(lludiv10.o)
    0x08000ffa   0x08000ffa   0x00000002   PAD
    0x08000ffc   0x08000ffc   0x00000088   Code   RO         1333    .text               c_p.l(_printf_fp_infnan.o)
    0x08001084   0x08001084   0x000000d8   Code   RO         1337    .text               c_p.l(bigflt0.o)
    0x0800115c   0x0800115c   0x00000580   Code   RO         1340    .text               c_p.l(btod.o)
    0x080016dc   0x080016dc   0x00000064   Code   RO         1349    .text               fz_ps.l(fcmpin.o)
    0x08001740   0x08001740   0x00000008   Code   RO         1355    .text               c_p.l(libspace.o)
    0x08001748   0x08001748   0x0000003e   Code   RO         1358    .text               c_p.l(sys_stackheap_outer.o)
    0x08001786   0x08001786   0x00000010   Code   RO         1363    .text               c_p.l(exit.o)
    0x08001796   0x08001796   0x00000002   PAD
    0x08001798   0x08001798   0x000000b0   Code   RO         1369    .text               c_p.l(strcmpv6m.o)
    0x08001848   0x08001848   0x0000002e   Code   RO         1424    .text               fz_ps.l(cmpret.o)
    0x08001876   0x08001876   0x00000002   PAD
    0x08001878   0x08001878   0x00000010   Code   RO         1426    .text               fz_ps.l(fnan2.o)
    0x08001888   0x08001888   0x0000005e   Code   RO         1443    .text               fz_ps.l(retnan.o)
    0x080018e6   0x080018e6   0x00000002   PAD
    0x080018e8   0x080018e8   0x0000000c   Code   RO         1445    .text               c_p.l(sys_exit.o)
    0x080018f4   0x080018f4   0x00000002   Code   RO         1472    .text               c_p.l(use_no_semi.o)
    0x080018f6   0x080018f6   0x00000000   Code   RO         1474    .text               c_p.l(indicate_semi.o)
    0x080018f6   0x080018f6   0x00000042   Code   RO          574    .text.HAL_DMA_Abort  stm32l0xx_hal_dma.o
    0x08001938   0x08001938   0x00000046   Code   RO          576    .text.HAL_DMA_Abort_IT  stm32l0xx_hal_dma.o
    0x0800197e   0x0800197e   0x00000006   Code   RO          586    .text.HAL_DMA_GetState  stm32l0xx_hal_dma.o
    0x08001984   0x08001984   0x00000024   Code   RO          313    .text.HAL_Delay     stm32l0xx_hal.o
    0x080019a8   0x080019a8   0x00000188   Code   RO          542    .text.HAL_GPIO_Init  stm32l0xx_hal_gpio.o
    0x08001b30   0x08001b30   0x00000010   Code   RO          548    .text.HAL_GPIO_WritePin  stm32l0xx_hal_gpio.o
    0x08001b40   0x08001b40   0x0000000c   Code   RO          305    .text.HAL_GetTick   stm32l0xx_hal.o
    0x08001b4c   0x08001b4c   0x00000042   Code   RO          273    .text.HAL_I2CEx_ConfigAnalogFilter  stm32l0xx_hal_i2c_ex.o
    0x08001b8e   0x08001b8e   0x00000042   Code   RO          275    .text.HAL_I2CEx_ConfigDigitalFilter  stm32l0xx_hal_i2c_ex.o
    0x08001bd0   0x08001bd0   0x0000001c   Code   RO          281    .text.HAL_I2CEx_EnableFastModePlus  stm32l0xx_hal_i2c_ex.o
    0x08001bec   0x08001bec   0x00000002   Code   RO          243    .text.HAL_I2C_AbortCpltCallback  stm32l0xx_hal_i2c.o
    0x08001bee   0x08001bee   0x00000002   Code   RO          233    .text.HAL_I2C_AddrCallback  stm32l0xx_hal_i2c.o
    0x08001bf0   0x08001bf0   0x00000082   Code   RO          221    .text.HAL_I2C_ER_IRQHandler  stm32l0xx_hal_i2c.o
    0x08001c72   0x08001c72   0x00000012   Code   RO          219    .text.HAL_I2C_EV_IRQHandler  stm32l0xx_hal_i2c.o
    0x08001c84   0x08001c84   0x00000002   Code   RO          241    .text.HAL_I2C_ErrorCallback  stm32l0xx_hal_i2c.o
    0x08001c86   0x08001c86   0x00000002   PAD
    0x08001c88   0x08001c88   0x000000b4   Code   RO          119    .text.HAL_I2C_Init  stm32l0xx_hal_i2c.o
    0x08001d3c   0x08001d3c   0x00000002   Code   RO          235    .text.HAL_I2C_ListenCpltCallback  stm32l0xx_hal_i2c.o
    0x08001d3e   0x08001d3e   0x00000002   PAD
    0x08001d40   0x08001d40   0x00000234   Code   RO          179    .text.HAL_I2C_Mem_Read  stm32l0xx_hal_i2c.o
    0x08001f74   0x08001f74   0x00000234   Code   RO          177    .text.HAL_I2C_Mem_Write  stm32l0xx_hal_i2c.o
    0x080021a8   0x080021a8   0x00000074   Code   RO           99    .text.HAL_I2C_MspInit  stm32l0xx_hal_msp.o
    0x0800221c   0x0800221c   0x00000002   Code   RO          231    .text.HAL_I2C_SlaveRxCpltCallback  stm32l0xx_hal_i2c.o
    0x0800221e   0x0800221e   0x00000002   Code   RO          229    .text.HAL_I2C_SlaveTxCpltCallback  stm32l0xx_hal_i2c.o
    0x08002220   0x08002220   0x00000014   Code   RO          303    .text.HAL_IncTick   stm32l0xx_hal.o
    0x08002234   0x08002234   0x00000028   Code   RO          293    .text.HAL_Init      stm32l0xx_hal.o
    0x0800225c   0x0800225c   0x00000044   Code   RO          295    .text.HAL_InitTick  stm32l0xx_hal.o
    0x080022a0   0x080022a0   0x00000018   Code   RO           97    .text.HAL_MspInit   stm32l0xx_hal_msp.o
    0x080022b8   0x080022b8   0x00000018   Code   RO          664    .text.HAL_NVIC_EnableIRQ  stm32l0xx_hal_cortex.o
    0x080022d0   0x080022d0   0x00000038   Code   RO          662    .text.HAL_NVIC_SetPriority  stm32l0xx_hal_cortex.o
    0x08002308   0x08002308   0x00000238   Code   RO          399    .text.HAL_RCCEx_PeriphCLKConfig  stm32l0xx_hal_rcc_ex.o
    0x08002540   0x08002540   0x00000208   Code   RO          371    .text.HAL_RCC_ClockConfig  stm32l0xx_hal_rcc.o
    0x08002748   0x08002748   0x00000014   Code   RO          379    .text.HAL_RCC_GetPCLK1Freq  stm32l0xx_hal_rcc.o
    0x0800275c   0x0800275c   0x00000020   Code   RO          381    .text.HAL_RCC_GetPCLK2Freq  stm32l0xx_hal_rcc.o
    0x0800277c   0x0800277c   0x00000078   Code   RO          369    .text.HAL_RCC_GetSysClockFreq  stm32l0xx_hal_rcc.o
    0x080027f4   0x080027f4   0x0000058c   Code   RO          367    .text.HAL_RCC_OscConfig  stm32l0xx_hal_rcc.o
    0x08002d80   0x08002d80   0x00000034   Code   RO          670    .text.HAL_SYSTICK_Config  stm32l0xx_hal_cortex.o
    0x08002db4   0x08002db4   0x0000005c   Code   RO          949    .text.HAL_TIMEx_MasterConfigSynchronization  stm32l0xx_hal_tim_ex.o
    0x08002e10   0x08002e10   0x000000b4   Code   RO          730    .text.HAL_TIM_Base_Init  stm32l0xx_hal_tim.o
    0x08002ec4   0x08002ec4   0x00000034   Code   RO          103    .text.HAL_TIM_Base_MspInit  stm32l0xx_hal_msp.o
    0x08002ef8   0x08002ef8   0x00000064   Code   RO          742    .text.HAL_TIM_Base_Start_IT  stm32l0xx_hal_tim.o
    0x08002f5c   0x08002f5c   0x00000002   Code   RO          862    .text.HAL_TIM_IC_CaptureCallback  stm32l0xx_hal_tim.o
    0x08002f5e   0x08002f5e   0x00000172   Code   RO          860    .text.HAL_TIM_IRQHandler  stm32l0xx_hal_tim.o
    0x080030d0   0x080030d0   0x00000002   Code   RO          864    .text.HAL_TIM_OC_DelayElapsedCallback  stm32l0xx_hal_tim.o
    0x080030d2   0x080030d2   0x00000002   Code   RO          866    .text.HAL_TIM_PWM_PulseFinishedCallback  stm32l0xx_hal_tim.o
    0x080030d4   0x080030d4   0x000000dc   Code   RO           11    .text.HAL_TIM_PeriodElapsedCallback  main.o
    0x080031b0   0x080031b0   0x00000002   Code   RO          870    .text.HAL_TIM_TriggerCallback  stm32l0xx_hal_tim.o
    0x080031b2   0x080031b2   0x00000002   Code   RO         1047    .text.HAL_UARTEx_RxEventCallback  stm32l0xx_hal_uart.o
    0x080031b4   0x080031b4   0x00000002   Code   RO         1098    .text.HAL_UARTEx_WakeupCallback  stm32l0xx_hal_uart_ex.o
    0x080031b6   0x080031b6   0x00000002   Code   RO         1045    .text.HAL_UART_ErrorCallback  stm32l0xx_hal_uart.o
    0x080031b8   0x080031b8   0x000003f0   Code   RO         1041    .text.HAL_UART_IRQHandler  stm32l0xx_hal_uart.o
    0x080035a8   0x080035a8   0x0000006e   Code   RO          961    .text.HAL_UART_Init  stm32l0xx_hal_uart.o
    0x08003616   0x08003616   0x00000002   PAD
    0x08003618   0x08003618   0x0000006c   Code   RO          107    .text.HAL_UART_MspInit  stm32l0xx_hal_msp.o
    0x08003684   0x08003684   0x00000070   Code   RO          993    .text.HAL_UART_Receive_IT  stm32l0xx_hal_uart.o
    0x080036f4   0x080036f4   0x000000b4   Code   RO           45    .text.HAL_UART_RxCpltCallback  main.o
    0x080037a8   0x080037a8   0x0000018c   Code   RO          981    .text.HAL_UART_Transmit  stm32l0xx_hal_uart.o
    0x08003934   0x08003934   0x00000002   Code   RO         1049    .text.HAL_UART_TxCpltCallback  stm32l0xx_hal_uart.o
    0x08003936   0x08003936   0x00000002   Code   RO           76    .text.HardFault_Handler  stm32l0xx_it.o
    0x08003938   0x08003938   0x00000024   Code   RO           86    .text.I2C1_IRQHandler  stm32l0xx_it.o
    0x0800395c   0x0800395c   0x0000003e   Code   RO          205    .text.I2C_DMAAbort  stm32l0xx_hal_i2c.o
    0x0800399a   0x0800399a   0x00000002   PAD
    0x0800399c   0x0800399c   0x0000009c   Code   RO          261    .text.I2C_ITAddrCplt  stm32l0xx_hal_i2c.o
    0x08003a38   0x08003a38   0x0000015c   Code   RO          223    .text.I2C_ITError   stm32l0xx_hal_i2c.o
    0x08003b94   0x08003b94   0x00000354   Code   RO          255    .text.I2C_ITSlaveCplt  stm32l0xx_hal_i2c.o
    0x08003ee8   0x08003ee8   0x00000084   Code   RO          259    .text.I2C_ITSlaveSeqCplt  stm32l0xx_hal_i2c.o
    0x08003f6c   0x08003f6c   0x0000017c   Code   RO          263    .text.I2C_IsErrorOccurred  stm32l0xx_hal_i2c.o
    0x080040e8   0x080040e8   0x000001fc   Code   RO          151    .text.I2C_Slave_ISR_IT  stm32l0xx_hal_i2c.o
    0x080042e4   0x080042e4   0x000000fa   Code   RO          129    .text.I2C_WaitOnFlagUntilTimeout  stm32l0xx_hal_i2c.o
    0x080043de   0x080043de   0x00000086   Code   RO          133    .text.I2C_WaitOnSTOPFlagUntilTimeout  stm32l0xx_hal_i2c.o
    0x08004464   0x08004464   0x000000a6   Code   RO          131    .text.I2C_WaitOnTXISFlagUntilTimeout  stm32l0xx_hal_i2c.o
    0x0800450a   0x0800450a   0x000000e2   Code   RO           19    .text.LCD_SendCommand  main.o
    0x080045ec   0x080045ec   0x000000d4   Code   RO           21    .text.LCD_SendData  main.o
    0x080046c0   0x080046c0   0x00000002   Code   RO           74    .text.NMI_Handler   stm32l0xx_it.o
    0x080046c2   0x080046c2   0x00000002   Code   RO           80    .text.PendSV_Handler  stm32l0xx_it.o
    0x080046c4   0x080046c4   0x00000002   Code   RO           78    .text.SVC_Handler   stm32l0xx_it.o
    0x080046c6   0x080046c6   0x00000008   Code   RO           82    .text.SysTick_Handler  stm32l0xx_it.o
    0x080046ce   0x080046ce   0x00000002   Code   RO         1128    .text.SystemInit    system_stm32l0xx.o
    0x080046d0   0x080046d0   0x00000010   Code   RO           84    .text.TIM6_DAC_IRQHandler  stm32l0xx_it.o
    0x080046e0   0x080046e0   0x000000d2   Code   RO          965    .text.UART_AdvFeatureConfig  stm32l0xx_hal_uart.o
    0x080047b2   0x080047b2   0x00000002   PAD
    0x080047b4   0x080047b4   0x000000d0   Code   RO          969    .text.UART_CheckIdleState  stm32l0xx_hal_uart.o
    0x08004884   0x08004884   0x00000010   Code   RO         1043    .text.UART_DMAAbortOnError  stm32l0xx_hal_uart.o
    0x08004894   0x08004894   0x000000d8   Code   RO         1079    .text.UART_RxISR_16BIT  stm32l0xx_hal_uart.o
    0x0800496c   0x0800496c   0x000000d8   Code   RO         1081    .text.UART_RxISR_8BIT  stm32l0xx_hal_uart.o
    0x08004a44   0x08004a44   0x0000022c   Code   RO          967    .text.UART_SetConfig  stm32l0xx_hal_uart.o
    0x08004c70   0x08004c70   0x000000d4   Code   RO          995    .text.UART_Start_Receive_IT  stm32l0xx_hal_uart.o
    0x08004d44   0x08004d44   0x000001bc   Code   RO          983    .text.UART_WaitOnFlagUntilTimeout  stm32l0xx_hal_uart.o
    0x08004f00   0x08004f00   0x00000010   Code   RO           88    .text.USART1_IRQHandler  stm32l0xx_it.o
    0x08004f10   0x08004f10   0x0000058c   Code   RO           49    .text.main          main.o
    0x0800549c   0x0800549c   0x000000fe   Code   RO         1148    .text.micro_step    statechart.o
    0x0800559a   0x0800559a   0x000000a2   Code   RO         1154    .text.run_cycle     statechart.o
    0x0800563c   0x0800563c   0x000000e4   Code   RO           39    .text.statechart_calculate_Gravity  main.o
    0x08005720   0x08005720   0x00000088   Code   RO           15    .text.statechart_display_Grvt  main.o
    0x080057a8   0x080057a8   0x0000012c   Code   RO           41    .text.statechart_display_LCD  main.o
    0x080058d4   0x080058d4   0x0000018c   Code   RO           23    .text.statechart_lCD_Init  main.o
    0x08005a60   0x08005a60   0x0000009c   Code   RO           37    .text.statechart_mPU6050_Calibrate  main.o
    0x08005afc   0x08005afc   0x00000044   Code   RO           35    .text.statechart_mPU6050_Read_Accel  main.o
    0x08005b40   0x08005b40   0x0000001c   Code   RO           43    .text.statechart_rMS  main.o
    0x08005b5c   0x08005b5c   0x00000030   Code   RO         1164    .text.statechart_raise_send  statechart.o
    0x08005b8c   0x08005b8c   0x00000030   Code   RO         1162    .text.statechart_raise_timer  statechart.o
    0x08005bbc   0x08005bbc   0x00000054   Code   RO           13    .text.statechart_send_Uart  main.o
    0x08005c10   0x08005c10   0x00000084   Code   RO           47    .text.statechart_set_accel_range  main.o
    0x08005c94   0x08005c94   0x000001f6   Code   RO         1215    .text_divfast       c_p.l(aeabi_sdivfast.o)
    0x08005e8a   0x08005e8a   0x00000030   Code   RO         1342    i.__ARM_common_ll_muluu  c_p.l(btod.o)
    0x08005eba   0x08005eba   0x00000002   PAD
    0x08005ebc   0x08005ebc   0x0000002c   Code   RO         1353    i.__ARM_fpclassify  m_ps.l(fpclassify.o)
    0x08005ee8   0x08005ee8   0x00000016   Code   RO         1241    i._fgeq             fz_ps.l(fcmp.o)
    0x08005efe   0x08005efe   0x0000001a   Code   RO         1243    i._fleq             fz_ps.l(fcmp.o)
    0x08005f18   0x08005f18   0x0000000e   Code   RO         1197    i._is_digit         c_p.l(__printf_wp.o)
    0x08005f26   0x08005f26   0x0000002c   Code   RO         1268    i.sqrtf             m_ps.l(sqrtf.o)
    0x08005f52   0x08005f52   0x00000002   PAD
    0x08005f54   0x08005f54   0x0000002c   Code   RO         1347    locale$$code        c_p.l(lc_numeric_c.o)
    0x08005f80   0x08005f80   0x0000008c   Code   RO         1228    x$fpl$fadd          fz_ps.l(faddsub.o)
    0x0800600c   0x0800600c   0x00000054   Code   RO         1297    x$fpl$fgeqf         fz_ps.l(fgef.o)
    0x08006060   0x08006060   0x00000054   Code   RO         1299    x$fpl$fleqf         fz_ps.l(flef.o)
    0x080060b4   0x080060b4   0x000000b0   Code   RO         1263    x$fpl$fmul          fz_ps.l(fmul.o)
    0x08006164   0x08006164   0x000000d0   Code   RO         1230    x$fpl$fsub          fz_ps.l(faddsub.o)
    0x08006234   0x08006234   0x00000010   Code   RO         1265    x$fpl$printf1       fz_ps.l(printf1.o)
    0x08006244   0x08006244   0x00000000   Code   RO         1303    x$fpl$usenofp       fz_ps.l(usenofp.o)
    0x08006244   0x08006244   0x00000011   Data   RO         1200    .constdata          c_p.l(__printf_flags_wp.o)
    0x08006255   0x08006255   0x00000040   Data   RO         1259    .constdata          fz_ps.l(fdiv.o)
    0x08006295   0x08006295   0x00000003   PAD
    0x08006298   0x08006298   0x00000094   Data   RO         1338    .constdata          c_p.l(bigflt0.o)
    0x0800632c   0x0800632c   0x00000010   Data   RO         1133    .rodata.AHBPrescTable  system_stm32l0xx.o
    0x0800633c   0x0800633c   0x00000008   Data   RO         1134    .rodata.APBPrescTable  system_stm32l0xx.o
    0x08006344   0x08006344   0x00000009   Data   RO         1135    .rodata.PLLMulTable  system_stm32l0xx.o
    0x0800634d   0x0800634d   0x00000003   PAD
    0x08006350   0x08006350   0x00000010   Data   RO         1087    .rodata.cst16       stm32l0xx_hal_uart.o
    0x08006360   0x08006360   0x0000001c   Data   RO           56    .rodata.str1.1      main.o
    0x0800637c   0x0800637c   0x00000020   Data   RO         1519    Region$$Table       anon$$obj.o
    0x0800639c   0x0800639c   0x0000001c   Data   RO         1346    locale$$data        c_p.l(lc_numeric_c.o)


    Execution Region RW_IRAM1 (Exec base: 0x20000000, Load base: 0x080063b8, Size: 0x00000838, Max: 0x00005000, ABSOLUTE)

    Exec Addr    Load Addr    Size         Type   Attr      Idx    E Section Name        Object

    0x20000000   0x080063b8   0x00000008   Data   RW          356    .data..L_MergedGlobals  stm32l0xx_hal.o
    0x20000008   0x080063c0   0x00000004   Data   RW         1132    .data.SystemCoreClock  system_stm32l0xx.o
    0x2000000c   0x080063c4   0x00000004   PAD
    0x20000010        -       0x00000060   Zero   RW         1356    .bss                c_p.l(libspace.o)
    0x20000070        -       0x00000074   Zero   RW           64    .bss..L_MergedGlobals  main.o
    0x200000e4        -       0x00000074   Zero   RW           65    .bss..L_MergedGlobals.7  main.o
    0x20000158        -       0x00000054   Zero   RW           55    .bss.hi2c1          main.o
    0x200001ac        -       0x00000088   Zero   RW           57    .bss.huart1         main.o
    0x20000234        -       0x00000004   Zero   RW          355    .bss.uwTick         stm32l0xx_hal.o
    0x20000238        -       0x00000200   Zero   RW            2    HEAP                startup_stm32l073xx.o
    0x20000438        -       0x00000400   Zero   RW            1    STACK               startup_stm32l073xx.o


==============================================================================

Image component sizes


      Code (inc. data)   RO Data    RW Data    ZI Data      Debug   Object Name

      3786        180         28          0        452      20674   main.o
        56         26        192          0       1536        632   startup_stm32l073xx.o
       512          8          0          0          0       9433   statechart.o
       176         24          0          8          4       6873   stm32l0xx_hal.o
       132         24          0          0          0       6945   stm32l0xx_hal_cortex.o
       142          0          0          0          0       7857   stm32l0xx_hal_dma.o
       408         12          0          0          0       5091   stm32l0xx_hal_gpio.o
      4456        100          0          0          0      68812   stm32l0xx_hal_i2c.o
       160          8          0          0          0       5385   stm32l0xx_hal_i2c_ex.o
       300         28          0          0          0       9258   stm32l0xx_hal_msp.o
      2112        104          0          0          0      10070   stm32l0xx_hal_rcc.o
       568          8          0          0          0       8740   stm32l0xx_hal_rcc_ex.o
       658         16          0          0          0      57149   stm32l0xx_hal_tim.o
        92          0          0          0          0       4434   stm32l0xx_hal_tim_ex.o
      3710        138         16          0          0      43178   stm32l0xx_hal_uart.o
         2          0          0          0          0       9892   stm32l0xx_hal_uart_ex.o
        84         12          0          0          0       2360   stm32l0xx_it.o
         2          0         33          4          0       2135   system_stm32l0xx.o

    ----------------------------------------------------------------------
     17366        688        304         12       1996     278918   Object Totals
         0          0         32          0          0          0   (incl. Generated)
        10          0          3          0          4          0   (incl. Padding)

    ----------------------------------------------------------------------

      Code (inc. data)   RO Data    RW Data    ZI Data      Debug   Library Member Name

         8          0          0          0          0         68   __main.o
       312          6         17          0          0         76   __printf_flags_wp.o
        14          0          0          0          0         60   __printf_wp.o
         0          0          0          0          0          0   __rtentry.o
        12          0          0          0          0          0   __rtentry2.o
         6          0          0          0          0          0   __rtentry4.o
        86         10          0          0          0          0   __scatter.o
        26          0          0          0          0          0   __scatter_copy.o
        28          0          0          0          0          0   __scatter_zi.o
        48          6          0          0          0         88   _printf_char_common.o
        10          0          0          0          0          0   _printf_d.o
       108         18          0          0          0         76   _printf_dec.o
        10          0          0          0          0          0   _printf_f.o
      1044         12          0          0          0        116   _printf_fp_dec.o
       136         16          0          0          0         76   _printf_fp_infnan.o
       176          0          0          0          0         84   _printf_intcommon.o
        78          0          0          0          0        100   _printf_pad.o
         2          0          0          0          0          0   _printf_percent.o
         4          0          0          0          0          0   _printf_percent_end.o
        22          0          0          0          0         92   _rserrno.o
        10          0          0          0          0         60   _sputc.o
      1006          4          0          0          0        184   aeabi_sdivfast.o
       216          6        148          0          0         80   bigflt0.o
      1456         30          0          0          0        336   btod.o
        16          0          0          0          0         68   exit.o
         6          0          0          0          0        136   heapauxi.o
         0          0          0          0          0          0   indicate_semi.o
        44         10         28          0          0         76   lc_numeric_c.o
         2          0          0          0          0          0   libinit.o
        18          0          0          0          0          0   libinit2.o
         2          0          0          0          0          0   libshutdown.o
         2          0          0          0          0          0   libshutdown2.o
         8          4          0          0         96         68   libspace.o
       272          0          0          0          0         88   lludiv.o
       122          0          0          0          0         72   lludiv10.o
        40          4          0          0          0         84   noretval__2sprintf.o
         8          4          0          0          0         68   rt_errno_addr_intlibspace.o
         8          4          0          0          0         68   rt_locale_intlibspace.o
        64          0          0          0          0        108   rt_memclr.o
         2          0          0          0          0          0   rtexit.o
        10          0          0          0          0          0   rtexit2.o
        40          0          0          0          0         60   rtudiv10.o
       176          4          0          0          0         80   strcmpv6m.o
        68          6          0          0          0         72   strlen.o
        12          4          0          0          0         60   sys_exit.o
        62          0          0          0          0         80   sys_stackheap_outer.o
         2          0          0          0          0         68   use_no_semi.o
        46          0          0          0          0         60   cmpret.o
        84          4          0          0          0         60   f2d.o
       348          8          0          0          0        160   faddsub.o
        48          0          0          0          0        136   fcmp.o
       100          4          0          0          0         68   fcmpin.o
       352         10         64          0          0         92   fdiv.o
        94          0          0          0          0         92   fflti.o
        84          4          0          0          0         76   fgef.o
        84          4          0          0          0         76   flef.o
       176          4          0          0          0         80   fmul.o
        16          6          0          0          0         68   fnan2.o
       144          4          0          0          0         72   fsqrt.o
        16          4          0          0          0         76   printf1.o
        94          0          0          0          0         68   retnan.o
         0          0          0          0          0          0   usenofp.o
        44          4          0          0          0         60   fpclassify.o
        44          0          0          0          0         72   sqrtf.o

    ----------------------------------------------------------------------
      7598        204        260          0         96       4068   Library Totals
        22          0          3          0          0          0   (incl. Padding)

    ----------------------------------------------------------------------

      Code (inc. data)   RO Data    RW Data    ZI Data      Debug   Library Name

      5802        148        193          0         96       2752   c_p.l
      1686         52         64          0          0       1184   fz_ps.l
        88          4          0          0          0        132   m_ps.l

    ----------------------------------------------------------------------
      7598        204        260          0         96       4068   Library Totals

    ----------------------------------------------------------------------

==============================================================================


      Code (inc. data)   RO Data    RW Data    ZI Data      Debug   

     24964        892        564         12       2092     280654   Grand Totals
     24964        892        564         12       2092     280654   ELF Image Totals
     24964        892        564         12          0          0   ROM Totals

==============================================================================

    Total RO  Size (Code + RO Data)                25528 (  24.93kB)
    Total RW  Size (RW Data + ZI Data)              2104 (   2.05kB)
    Total ROM Size (Code + RO Data + RW Data)      25540 (  24.94kB)

==============================================================================

