<!doctype html public "-//w3c//dtd html 4.0 transitional//en">
<html><head>
<title>Static Call Graph - [uartbandom\uartbandom.axf]</title></head>
<body><HR>
<H1>Static Call Graph for image uartbandom\uartbandom.axf</H1><HR>
<BR><P>#&#060CALLGRAPH&#062# ARM Linker, 6230001: Last Updated: Tue May  6 20:49:49 2025
<BR><P>
<H3>Maximum Stack Usage =        504 bytes + Unknown(Functions without stacksize, Cycles, Untraceable Function Pointers)</H3><H3>
Call chain for Maximum Stack Depth:</H3>
TIM6_DAC_IRQHandler &rArr; HAL_TIM_IRQHandler &rArr; HAL_TIM_PeriodElapsedCallback &rArr; statechart_raise_timer &rArr; run_cycle &rArr; micro_step &rArr; statechart_send_Uart &rArr; __2sprintf &rArr; _printf_char_common &rArr; __printf
<P>
<H3>
Functions with no stack information
</H3><UL>
 <LI><a href="#[70]">__user_initial_stackheap</a>
</UL>
</UL>
<P>
<H3>
Mutually Recursive functions
</H3> <LI><a href="#[12]">ADC1_COMP_IRQHandler</a>&nbsp;&nbsp;&nbsp;&rArr;&nbsp;&nbsp;&nbsp;<a href="#[12]">ADC1_COMP_IRQHandler</a><BR>
 <LI><a href="#[2]">HardFault_Handler</a>&nbsp;&nbsp;&nbsp;&rArr;&nbsp;&nbsp;&nbsp;<a href="#[2]">HardFault_Handler</a><BR>
 <LI><a href="#[1]">NMI_Handler</a>&nbsp;&nbsp;&nbsp;&rArr;&nbsp;&nbsp;&nbsp;<a href="#[1]">NMI_Handler</a><BR>
</UL>
<P>
<H3>
Function Pointers
</H3><UL>
 <LI><a href="#[12]">ADC1_COMP_IRQHandler</a> from startup_stm32l073xx.o(.text) referenced from startup_stm32l073xx.o(RESET)
 <LI><a href="#[f]">DMA1_Channel1_IRQHandler</a> from startup_stm32l073xx.o(.text) referenced from startup_stm32l073xx.o(RESET)
 <LI><a href="#[10]">DMA1_Channel2_3_IRQHandler</a> from startup_stm32l073xx.o(.text) referenced from startup_stm32l073xx.o(RESET)
 <LI><a href="#[11]">DMA1_Channel4_5_6_7_IRQHandler</a> from startup_stm32l073xx.o(.text) referenced from startup_stm32l073xx.o(RESET)
 <LI><a href="#[b]">EXTI0_1_IRQHandler</a> from startup_stm32l073xx.o(.text) referenced from startup_stm32l073xx.o(RESET)
 <LI><a href="#[c]">EXTI2_3_IRQHandler</a> from startup_stm32l073xx.o(.text) referenced from startup_stm32l073xx.o(RESET)
 <LI><a href="#[d]">EXTI4_15_IRQHandler</a> from startup_stm32l073xx.o(.text) referenced from startup_stm32l073xx.o(RESET)
 <LI><a href="#[9]">FLASH_IRQHandler</a> from startup_stm32l073xx.o(.text) referenced from startup_stm32l073xx.o(RESET)
 <LI><a href="#[2]">HardFault_Handler</a> from stm32l0xx_it.o(.text.HardFault_Handler) referenced from startup_stm32l073xx.o(RESET)
 <LI><a href="#[1c]">I2C1_IRQHandler</a> from stm32l0xx_it.o(.text.I2C1_IRQHandler) referenced from startup_stm32l073xx.o(RESET)
 <LI><a href="#[1d]">I2C2_IRQHandler</a> from startup_stm32l073xx.o(.text) referenced from startup_stm32l073xx.o(RESET)
 <LI><a href="#[1a]">I2C3_IRQHandler</a> from startup_stm32l073xx.o(.text) referenced from startup_stm32l073xx.o(RESET)
 <LI><a href="#[2b]">I2C_DMAAbort</a> from stm32l0xx_hal_i2c.o(.text.I2C_DMAAbort) referenced from stm32l0xx_hal_i2c.o(.text.I2C_ITError)
 <LI><a href="#[2a]">I2C_Slave_ISR_IT</a> from stm32l0xx_hal_i2c.o(.text.I2C_Slave_ISR_IT) referenced from stm32l0xx_hal_i2c.o(.text.I2C_ITError)
 <LI><a href="#[23]">LCD_IRQHandler</a> from startup_stm32l073xx.o(.text) referenced from startup_stm32l073xx.o(RESET)
 <LI><a href="#[13]">LPTIM1_IRQHandler</a> from startup_stm32l073xx.o(.text) referenced from startup_stm32l073xx.o(RESET)
 <LI><a href="#[1]">NMI_Handler</a> from stm32l0xx_it.o(.text.NMI_Handler) referenced from startup_stm32l073xx.o(RESET)
 <LI><a href="#[7]">PVD_IRQHandler</a> from startup_stm32l073xx.o(.text) referenced from startup_stm32l073xx.o(RESET)
 <LI><a href="#[4]">PendSV_Handler</a> from stm32l0xx_it.o(.text.PendSV_Handler) referenced from startup_stm32l073xx.o(RESET)
 <LI><a href="#[a]">RCC_CRS_IRQHandler</a> from startup_stm32l073xx.o(.text) referenced from startup_stm32l073xx.o(RESET)
 <LI><a href="#[22]">RNG_LPUART1_IRQHandler</a> from startup_stm32l073xx.o(.text) referenced from startup_stm32l073xx.o(RESET)
 <LI><a href="#[8]">RTC_IRQHandler</a> from startup_stm32l073xx.o(.text) referenced from startup_stm32l073xx.o(RESET)
 <LI><a href="#[0]">Reset_Handler</a> from startup_stm32l073xx.o(.text) referenced from startup_stm32l073xx.o(RESET)
 <LI><a href="#[1e]">SPI1_IRQHandler</a> from startup_stm32l073xx.o(.text) referenced from startup_stm32l073xx.o(RESET)
 <LI><a href="#[1f]">SPI2_IRQHandler</a> from startup_stm32l073xx.o(.text) referenced from startup_stm32l073xx.o(RESET)
 <LI><a href="#[3]">SVC_Handler</a> from stm32l0xx_it.o(.text.SVC_Handler) referenced from startup_stm32l073xx.o(RESET)
 <LI><a href="#[5]">SysTick_Handler</a> from stm32l0xx_it.o(.text.SysTick_Handler) referenced from startup_stm32l073xx.o(RESET)
 <LI><a href="#[25]">SystemInit</a> from system_stm32l0xx.o(.text.SystemInit) referenced from startup_stm32l073xx.o(.text)
 <LI><a href="#[19]">TIM21_IRQHandler</a> from startup_stm32l073xx.o(.text) referenced from startup_stm32l073xx.o(RESET)
 <LI><a href="#[1b]">TIM22_IRQHandler</a> from startup_stm32l073xx.o(.text) referenced from startup_stm32l073xx.o(RESET)
 <LI><a href="#[15]">TIM2_IRQHandler</a> from startup_stm32l073xx.o(.text) referenced from startup_stm32l073xx.o(RESET)
 <LI><a href="#[16]">TIM3_IRQHandler</a> from startup_stm32l073xx.o(.text) referenced from startup_stm32l073xx.o(RESET)
 <LI><a href="#[17]">TIM6_DAC_IRQHandler</a> from stm32l0xx_it.o(.text.TIM6_DAC_IRQHandler) referenced from startup_stm32l073xx.o(RESET)
 <LI><a href="#[18]">TIM7_IRQHandler</a> from startup_stm32l073xx.o(.text) referenced from startup_stm32l073xx.o(RESET)
 <LI><a href="#[e]">TSC_IRQHandler</a> from startup_stm32l073xx.o(.text) referenced from startup_stm32l073xx.o(RESET)
 <LI><a href="#[29]">UART_DMAAbortOnError</a> from stm32l0xx_hal_uart.o(.text.UART_DMAAbortOnError) referenced from stm32l0xx_hal_uart.o(.text.HAL_UART_IRQHandler)
 <LI><a href="#[2d]">UART_RxISR_16BIT</a> from stm32l0xx_hal_uart.o(.text.UART_RxISR_16BIT) referenced from stm32l0xx_hal_uart.o(.text.UART_Start_Receive_IT)
 <LI><a href="#[2c]">UART_RxISR_8BIT</a> from stm32l0xx_hal_uart.o(.text.UART_RxISR_8BIT) referenced from stm32l0xx_hal_uart.o(.text.UART_Start_Receive_IT)
 <LI><a href="#[20]">USART1_IRQHandler</a> from stm32l0xx_it.o(.text.USART1_IRQHandler) referenced from startup_stm32l073xx.o(RESET)
 <LI><a href="#[21]">USART2_IRQHandler</a> from startup_stm32l073xx.o(.text) referenced from startup_stm32l073xx.o(RESET)
 <LI><a href="#[14]">USART4_5_IRQHandler</a> from startup_stm32l073xx.o(.text) referenced from startup_stm32l073xx.o(RESET)
 <LI><a href="#[24]">USB_IRQHandler</a> from startup_stm32l073xx.o(.text) referenced from startup_stm32l073xx.o(RESET)
 <LI><a href="#[6]">WWDG_IRQHandler</a> from startup_stm32l073xx.o(.text) referenced from startup_stm32l073xx.o(RESET)
 <LI><a href="#[26]">__main</a> from __main.o(!!!main) referenced from startup_stm32l073xx.o(.text)
 <LI><a href="#[2e]">_printf_fp_dec_real</a> from _printf_fp_dec.o(.text) referenced from printf1.o(x$fpl$printf1)
 <LI><a href="#[28]">_printf_input_char</a> from _printf_char_common.o(.text) referenced from _printf_char_common.o(.text)
 <LI><a href="#[27]">_sputc</a> from _sputc.o(.text) referenced from noretval__2sprintf.o(.text)
</UL>
<P>
<H3>
Global Symbols
</H3>
<P><STRONG><a name="[26]"></a>__main</STRONG> (Thumb, 8 bytes, Stack size 0 bytes, __main.o(!!!main))
<BR><BR>[Calls]<UL><LI><a href="#[2f]">&gt;&gt;</a>&nbsp;&nbsp;&nbsp;__scatterload
<LI><a href="#[30]">&gt;&gt;</a>&nbsp;&nbsp;&nbsp;__rt_entry
</UL>
<BR>[Address Reference Count : 1]<UL><LI> startup_stm32l073xx.o(.text)
</UL>
<P><STRONG><a name="[2f]"></a>__scatterload</STRONG> (Thumb, 0 bytes, Stack size unknown bytes, __scatter.o(!!!scatter))
<BR><BR>[Called By]<UL><LI><a href="#[26]">&gt;&gt;</a>&nbsp;&nbsp;&nbsp;__main
</UL>

<P><STRONG><a name="[31]"></a>__scatterload_rt2</STRONG> (Thumb, 74 bytes, Stack size unknown bytes, __scatter.o(!!!scatter), UNUSED)
<BR><BR>[Calls]<UL><LI><a href="#[30]">&gt;&gt;</a>&nbsp;&nbsp;&nbsp;__rt_entry
</UL>

<P><STRONG><a name="[de]"></a>__scatterload_rt2_thumb_only</STRONG> (Thumb, 0 bytes, Stack size unknown bytes, __scatter.o(!!!scatter), UNUSED)

<P><STRONG><a name="[df]"></a>__scatterload_loop</STRONG> (Thumb, 0 bytes, Stack size unknown bytes, __scatter.o(!!!scatter), UNUSED)

<P><STRONG><a name="[32]"></a>__scatterload_copy</STRONG> (Thumb, 26 bytes, Stack size unknown bytes, __scatter_copy.o(!!handler_copy), UNUSED)
<BR><BR>[Calls]<UL><LI><a href="#[32]">&gt;&gt;</a>&nbsp;&nbsp;&nbsp;__scatterload_copy
</UL>
<BR>[Called By]<UL><LI><a href="#[32]">&gt;&gt;</a>&nbsp;&nbsp;&nbsp;__scatterload_copy
</UL>

<P><STRONG><a name="[e0]"></a>__scatterload_null</STRONG> (Thumb, 2 bytes, Stack size unknown bytes, __scatter.o(!!handler_null), UNUSED)

<P><STRONG><a name="[e1]"></a>__scatterload_zeroinit</STRONG> (Thumb, 28 bytes, Stack size unknown bytes, __scatter_zi.o(!!handler_zi), UNUSED)

<P><STRONG><a name="[4f]"></a>_printf_percent</STRONG> (Thumb, 0 bytes, Stack size unknown bytes, _printf_percent.o(.ARM.Collect$$_printf_percent$$00000000))
<BR><BR>[Called By]<UL><LI><a href="#[4d]">&gt;&gt;</a>&nbsp;&nbsp;&nbsp;__printf
</UL>

<P><STRONG><a name="[33]"></a>_printf_f</STRONG> (Thumb, 0 bytes, Stack size unknown bytes, _printf_f.o(.ARM.Collect$$_printf_percent$$00000003))
<BR><BR>[Stack]<UL><LI>Max Depth = 88 + Unknown Stack Size
<LI>Call Chain = _printf_f &rArr; _printf_d &rArr; _printf_int_dec &rArr; _printf_int_common &rArr; _printf_post_padding
</UL>
<BR>[Calls]<UL><LI><a href="#[35]">&gt;&gt;</a>&nbsp;&nbsp;&nbsp;_printf_fp_dec
<LI><a href="#[34]">&gt;&gt;</a>&nbsp;&nbsp;&nbsp;_printf_d
</UL>

<P><STRONG><a name="[34]"></a>_printf_d</STRONG> (Thumb, 0 bytes, Stack size unknown bytes, _printf_d.o(.ARM.Collect$$_printf_percent$$00000009))
<BR><BR>[Stack]<UL><LI>Max Depth = 88 + Unknown Stack Size
<LI>Call Chain = _printf_d &rArr; _printf_int_dec &rArr; _printf_int_common &rArr; _printf_post_padding
</UL>
<BR>[Calls]<UL><LI><a href="#[36]">&gt;&gt;</a>&nbsp;&nbsp;&nbsp;_printf_percent_end
<LI><a href="#[37]">&gt;&gt;</a>&nbsp;&nbsp;&nbsp;_printf_int_dec
</UL>
<BR>[Called By]<UL><LI><a href="#[33]">&gt;&gt;</a>&nbsp;&nbsp;&nbsp;_printf_f
</UL>

<P><STRONG><a name="[36]"></a>_printf_percent_end</STRONG> (Thumb, 0 bytes, Stack size unknown bytes, _printf_percent_end.o(.ARM.Collect$$_printf_percent$$00000017))
<BR><BR>[Called By]<UL><LI><a href="#[34]">&gt;&gt;</a>&nbsp;&nbsp;&nbsp;_printf_d
</UL>

<P><STRONG><a name="[3f]"></a>__rt_lib_init</STRONG> (Thumb, 0 bytes, Stack size unknown bytes, libinit.o(.ARM.Collect$$libinit$$00000000))
<BR><BR>[Called By]<UL><LI><a href="#[3e]">&gt;&gt;</a>&nbsp;&nbsp;&nbsp;__rt_entry_li
</UL>

<P><STRONG><a name="[e2]"></a>__rt_lib_init_fp_1</STRONG> (Thumb, 0 bytes, Stack size unknown bytes, libinit2.o(.ARM.Collect$$libinit$$00000002))

<P><STRONG><a name="[e3]"></a>__rt_lib_init_heap_1</STRONG> (Thumb, 0 bytes, Stack size unknown bytes, libinit2.o(.ARM.Collect$$libinit$$0000000C))

<P><STRONG><a name="[38]"></a>__rt_lib_init_lc_common</STRONG> (Thumb, 0 bytes, Stack size unknown bytes, libinit2.o(.ARM.Collect$$libinit$$00000011))
<BR><BR>[Calls]<UL><LI><a href="#[39]">&gt;&gt;</a>&nbsp;&nbsp;&nbsp;__rt_locale
</UL>

<P><STRONG><a name="[e4]"></a>__rt_lib_init_preinit_1</STRONG> (Thumb, 0 bytes, Stack size unknown bytes, libinit2.o(.ARM.Collect$$libinit$$00000006))

<P><STRONG><a name="[e5]"></a>__rt_lib_init_rand_1</STRONG> (Thumb, 0 bytes, Stack size unknown bytes, libinit2.o(.ARM.Collect$$libinit$$00000010))

<P><STRONG><a name="[e6]"></a>__rt_lib_init_relocate_pie_1</STRONG> (Thumb, 0 bytes, Stack size unknown bytes, libinit2.o(.ARM.Collect$$libinit$$00000004))

<P><STRONG><a name="[e7]"></a>__rt_lib_init_user_alloc_1</STRONG> (Thumb, 0 bytes, Stack size unknown bytes, libinit2.o(.ARM.Collect$$libinit$$0000000E))

<P><STRONG><a name="[e8]"></a>__rt_lib_init_lc_collate_1</STRONG> (Thumb, 0 bytes, Stack size unknown bytes, libinit2.o(.ARM.Collect$$libinit$$00000013))

<P><STRONG><a name="[e9]"></a>__rt_lib_init_lc_ctype_1</STRONG> (Thumb, 0 bytes, Stack size unknown bytes, libinit2.o(.ARM.Collect$$libinit$$00000015))

<P><STRONG><a name="[ea]"></a>__rt_lib_init_lc_monetary_1</STRONG> (Thumb, 0 bytes, Stack size unknown bytes, libinit2.o(.ARM.Collect$$libinit$$00000017))

<P><STRONG><a name="[3a]"></a>__rt_lib_init_lc_numeric_2</STRONG> (Thumb, 0 bytes, Stack size unknown bytes, libinit2.o(.ARM.Collect$$libinit$$00000018))
<BR><BR>[Stack]<UL><LI>Max Depth = 24 + Unknown Stack Size
<LI>Call Chain = __rt_lib_init_lc_numeric_2 &rArr; _get_lc_numeric &rArr; strcmp
</UL>
<BR>[Calls]<UL><LI><a href="#[3b]">&gt;&gt;</a>&nbsp;&nbsp;&nbsp;_get_lc_numeric
</UL>

<P><STRONG><a name="[eb]"></a>__rt_lib_init_alloca_1</STRONG> (Thumb, 0 bytes, Stack size unknown bytes, libinit2.o(.ARM.Collect$$libinit$$00000030))

<P><STRONG><a name="[ec]"></a>__rt_lib_init_argv_1</STRONG> (Thumb, 0 bytes, Stack size unknown bytes, libinit2.o(.ARM.Collect$$libinit$$0000002E))

<P><STRONG><a name="[ed]"></a>__rt_lib_init_atexit_1</STRONG> (Thumb, 0 bytes, Stack size unknown bytes, libinit2.o(.ARM.Collect$$libinit$$0000001D))

<P><STRONG><a name="[ee]"></a>__rt_lib_init_clock_1</STRONG> (Thumb, 0 bytes, Stack size unknown bytes, libinit2.o(.ARM.Collect$$libinit$$00000023))

<P><STRONG><a name="[ef]"></a>__rt_lib_init_cpp_1</STRONG> (Thumb, 0 bytes, Stack size unknown bytes, libinit2.o(.ARM.Collect$$libinit$$00000034))

<P><STRONG><a name="[f0]"></a>__rt_lib_init_exceptions_1</STRONG> (Thumb, 0 bytes, Stack size unknown bytes, libinit2.o(.ARM.Collect$$libinit$$00000032))

<P><STRONG><a name="[f1]"></a>__rt_lib_init_fp_trap_1</STRONG> (Thumb, 0 bytes, Stack size unknown bytes, libinit2.o(.ARM.Collect$$libinit$$00000021))

<P><STRONG><a name="[f2]"></a>__rt_lib_init_getenv_1</STRONG> (Thumb, 0 bytes, Stack size unknown bytes, libinit2.o(.ARM.Collect$$libinit$$00000025))

<P><STRONG><a name="[f3]"></a>__rt_lib_init_lc_numeric_1</STRONG> (Thumb, 0 bytes, Stack size unknown bytes, libinit2.o(.ARM.Collect$$libinit$$00000019))

<P><STRONG><a name="[f4]"></a>__rt_lib_init_lc_time_1</STRONG> (Thumb, 0 bytes, Stack size unknown bytes, libinit2.o(.ARM.Collect$$libinit$$0000001B))

<P><STRONG><a name="[f5]"></a>__rt_lib_init_return</STRONG> (Thumb, 0 bytes, Stack size unknown bytes, libinit2.o(.ARM.Collect$$libinit$$00000035))

<P><STRONG><a name="[f6]"></a>__rt_lib_init_signal_1</STRONG> (Thumb, 0 bytes, Stack size unknown bytes, libinit2.o(.ARM.Collect$$libinit$$0000001F))

<P><STRONG><a name="[f7]"></a>__rt_lib_init_stdio_1</STRONG> (Thumb, 0 bytes, Stack size unknown bytes, libinit2.o(.ARM.Collect$$libinit$$00000027))

<P><STRONG><a name="[44]"></a>__rt_lib_shutdown</STRONG> (Thumb, 0 bytes, Stack size unknown bytes, libshutdown.o(.ARM.Collect$$libshutdown$$00000000))
<BR><BR>[Called By]<UL><LI><a href="#[43]">&gt;&gt;</a>&nbsp;&nbsp;&nbsp;__rt_exit_ls
</UL>

<P><STRONG><a name="[f8]"></a>__rt_lib_shutdown_cpp_1</STRONG> (Thumb, 0 bytes, Stack size unknown bytes, libshutdown2.o(.ARM.Collect$$libshutdown$$00000002))

<P><STRONG><a name="[f9]"></a>__rt_lib_shutdown_fp_trap_1</STRONG> (Thumb, 0 bytes, Stack size unknown bytes, libshutdown2.o(.ARM.Collect$$libshutdown$$00000007))

<P><STRONG><a name="[fa]"></a>__rt_lib_shutdown_heap_1</STRONG> (Thumb, 0 bytes, Stack size unknown bytes, libshutdown2.o(.ARM.Collect$$libshutdown$$0000000F))

<P><STRONG><a name="[fb]"></a>__rt_lib_shutdown_return</STRONG> (Thumb, 0 bytes, Stack size unknown bytes, libshutdown2.o(.ARM.Collect$$libshutdown$$00000010))

<P><STRONG><a name="[fc]"></a>__rt_lib_shutdown_signal_1</STRONG> (Thumb, 0 bytes, Stack size unknown bytes, libshutdown2.o(.ARM.Collect$$libshutdown$$0000000A))

<P><STRONG><a name="[fd]"></a>__rt_lib_shutdown_stdio_1</STRONG> (Thumb, 0 bytes, Stack size unknown bytes, libshutdown2.o(.ARM.Collect$$libshutdown$$00000004))

<P><STRONG><a name="[fe]"></a>__rt_lib_shutdown_user_alloc_1</STRONG> (Thumb, 0 bytes, Stack size unknown bytes, libshutdown2.o(.ARM.Collect$$libshutdown$$0000000C))

<P><STRONG><a name="[30]"></a>__rt_entry</STRONG> (Thumb, 0 bytes, Stack size unknown bytes, __rtentry.o(.ARM.Collect$$rtentry$$00000000))
<BR><BR>[Called By]<UL><LI><a href="#[31]">&gt;&gt;</a>&nbsp;&nbsp;&nbsp;__scatterload_rt2
<LI><a href="#[26]">&gt;&gt;</a>&nbsp;&nbsp;&nbsp;__main
</UL>

<P><STRONG><a name="[ff]"></a>__rt_entry_presh_1</STRONG> (Thumb, 0 bytes, Stack size unknown bytes, __rtentry2.o(.ARM.Collect$$rtentry$$00000002))

<P><STRONG><a name="[3c]"></a>__rt_entry_sh</STRONG> (Thumb, 0 bytes, Stack size unknown bytes, __rtentry4.o(.ARM.Collect$$rtentry$$00000004))
<BR><BR>[Stack]<UL><LI>Max Depth = 8 + Unknown Stack Size
<LI>Call Chain = __rt_entry_sh &rArr; __user_setup_stackheap
</UL>
<BR>[Calls]<UL><LI><a href="#[3d]">&gt;&gt;</a>&nbsp;&nbsp;&nbsp;__user_setup_stackheap
</UL>

<P><STRONG><a name="[3e]"></a>__rt_entry_li</STRONG> (Thumb, 0 bytes, Stack size unknown bytes, __rtentry2.o(.ARM.Collect$$rtentry$$0000000A))
<BR><BR>[Calls]<UL><LI><a href="#[3f]">&gt;&gt;</a>&nbsp;&nbsp;&nbsp;__rt_lib_init
</UL>

<P><STRONG><a name="[100]"></a>__rt_entry_postsh_1</STRONG> (Thumb, 0 bytes, Stack size unknown bytes, __rtentry2.o(.ARM.Collect$$rtentry$$00000009))

<P><STRONG><a name="[40]"></a>__rt_entry_main</STRONG> (Thumb, 0 bytes, Stack size unknown bytes, __rtentry2.o(.ARM.Collect$$rtentry$$0000000D))
<BR><BR>[Stack]<UL><LI>Max Depth = 352 + Unknown Stack Size
<LI>Call Chain = __rt_entry_main &rArr; main &rArr; statechart_display_LCD &rArr; __2sprintf &rArr; _printf_char_common &rArr; __printf
</UL>
<BR>[Calls]<UL><LI><a href="#[41]">&gt;&gt;</a>&nbsp;&nbsp;&nbsp;main
<LI><a href="#[42]">&gt;&gt;</a>&nbsp;&nbsp;&nbsp;exit
</UL>

<P><STRONG><a name="[101]"></a>__rt_entry_postli_1</STRONG> (Thumb, 0 bytes, Stack size unknown bytes, __rtentry2.o(.ARM.Collect$$rtentry$$0000000C))

<P><STRONG><a name="[72]"></a>__rt_exit</STRONG> (Thumb, 0 bytes, Stack size unknown bytes, rtexit.o(.ARM.Collect$$rtexit$$00000000))
<BR><BR>[Called By]<UL><LI><a href="#[42]">&gt;&gt;</a>&nbsp;&nbsp;&nbsp;exit
</UL>

<P><STRONG><a name="[43]"></a>__rt_exit_ls</STRONG> (Thumb, 0 bytes, Stack size unknown bytes, rtexit2.o(.ARM.Collect$$rtexit$$00000003))
<BR><BR>[Calls]<UL><LI><a href="#[44]">&gt;&gt;</a>&nbsp;&nbsp;&nbsp;__rt_lib_shutdown
</UL>

<P><STRONG><a name="[102]"></a>__rt_exit_prels_1</STRONG> (Thumb, 0 bytes, Stack size unknown bytes, rtexit2.o(.ARM.Collect$$rtexit$$00000002))

<P><STRONG><a name="[45]"></a>__rt_exit_exit</STRONG> (Thumb, 0 bytes, Stack size unknown bytes, rtexit2.o(.ARM.Collect$$rtexit$$00000004))
<BR><BR>[Calls]<UL><LI><a href="#[46]">&gt;&gt;</a>&nbsp;&nbsp;&nbsp;_sys_exit
</UL>

<P><STRONG><a name="[0]"></a>Reset_Handler</STRONG> (Thumb, 8 bytes, Stack size 0 bytes, startup_stm32l073xx.o(.text))
<BR>[Address Reference Count : 1]<UL><LI> startup_stm32l073xx.o(RESET)
</UL>
<P><STRONG><a name="[12]"></a>ADC1_COMP_IRQHandler</STRONG> (Thumb, 0 bytes, Stack size 0 bytes, startup_stm32l073xx.o(.text))
<BR><BR>[Calls]<UL><LI><a href="#[12]">&gt;&gt;</a>&nbsp;&nbsp;&nbsp;ADC1_COMP_IRQHandler
</UL>
<BR>[Called By]<UL><LI><a href="#[12]">&gt;&gt;</a>&nbsp;&nbsp;&nbsp;ADC1_COMP_IRQHandler
</UL>
<BR>[Address Reference Count : 1]<UL><LI> startup_stm32l073xx.o(RESET)
</UL>
<P><STRONG><a name="[f]"></a>DMA1_Channel1_IRQHandler</STRONG> (Thumb, 0 bytes, Stack size 0 bytes, startup_stm32l073xx.o(.text))
<BR>[Address Reference Count : 1]<UL><LI> startup_stm32l073xx.o(RESET)
</UL>
<P><STRONG><a name="[10]"></a>DMA1_Channel2_3_IRQHandler</STRONG> (Thumb, 0 bytes, Stack size 0 bytes, startup_stm32l073xx.o(.text))
<BR>[Address Reference Count : 1]<UL><LI> startup_stm32l073xx.o(RESET)
</UL>
<P><STRONG><a name="[11]"></a>DMA1_Channel4_5_6_7_IRQHandler</STRONG> (Thumb, 0 bytes, Stack size 0 bytes, startup_stm32l073xx.o(.text))
<BR>[Address Reference Count : 1]<UL><LI> startup_stm32l073xx.o(RESET)
</UL>
<P><STRONG><a name="[b]"></a>EXTI0_1_IRQHandler</STRONG> (Thumb, 0 bytes, Stack size 0 bytes, startup_stm32l073xx.o(.text))
<BR>[Address Reference Count : 1]<UL><LI> startup_stm32l073xx.o(RESET)
</UL>
<P><STRONG><a name="[c]"></a>EXTI2_3_IRQHandler</STRONG> (Thumb, 0 bytes, Stack size 0 bytes, startup_stm32l073xx.o(.text))
<BR>[Address Reference Count : 1]<UL><LI> startup_stm32l073xx.o(RESET)
</UL>
<P><STRONG><a name="[d]"></a>EXTI4_15_IRQHandler</STRONG> (Thumb, 0 bytes, Stack size 0 bytes, startup_stm32l073xx.o(.text))
<BR>[Address Reference Count : 1]<UL><LI> startup_stm32l073xx.o(RESET)
</UL>
<P><STRONG><a name="[9]"></a>FLASH_IRQHandler</STRONG> (Thumb, 0 bytes, Stack size 0 bytes, startup_stm32l073xx.o(.text))
<BR>[Address Reference Count : 1]<UL><LI> startup_stm32l073xx.o(RESET)
</UL>
<P><STRONG><a name="[1d]"></a>I2C2_IRQHandler</STRONG> (Thumb, 0 bytes, Stack size 0 bytes, startup_stm32l073xx.o(.text))
<BR>[Address Reference Count : 1]<UL><LI> startup_stm32l073xx.o(RESET)
</UL>
<P><STRONG><a name="[1a]"></a>I2C3_IRQHandler</STRONG> (Thumb, 0 bytes, Stack size 0 bytes, startup_stm32l073xx.o(.text))
<BR>[Address Reference Count : 1]<UL><LI> startup_stm32l073xx.o(RESET)
</UL>
<P><STRONG><a name="[23]"></a>LCD_IRQHandler</STRONG> (Thumb, 0 bytes, Stack size 0 bytes, startup_stm32l073xx.o(.text))
<BR>[Address Reference Count : 1]<UL><LI> startup_stm32l073xx.o(RESET)
</UL>
<P><STRONG><a name="[13]"></a>LPTIM1_IRQHandler</STRONG> (Thumb, 0 bytes, Stack size 0 bytes, startup_stm32l073xx.o(.text))
<BR>[Address Reference Count : 1]<UL><LI> startup_stm32l073xx.o(RESET)
</UL>
<P><STRONG><a name="[7]"></a>PVD_IRQHandler</STRONG> (Thumb, 0 bytes, Stack size 0 bytes, startup_stm32l073xx.o(.text))
<BR>[Address Reference Count : 1]<UL><LI> startup_stm32l073xx.o(RESET)
</UL>
<P><STRONG><a name="[a]"></a>RCC_CRS_IRQHandler</STRONG> (Thumb, 0 bytes, Stack size 0 bytes, startup_stm32l073xx.o(.text))
<BR>[Address Reference Count : 1]<UL><LI> startup_stm32l073xx.o(RESET)
</UL>
<P><STRONG><a name="[22]"></a>RNG_LPUART1_IRQHandler</STRONG> (Thumb, 0 bytes, Stack size 0 bytes, startup_stm32l073xx.o(.text))
<BR>[Address Reference Count : 1]<UL><LI> startup_stm32l073xx.o(RESET)
</UL>
<P><STRONG><a name="[8]"></a>RTC_IRQHandler</STRONG> (Thumb, 0 bytes, Stack size 0 bytes, startup_stm32l073xx.o(.text))
<BR>[Address Reference Count : 1]<UL><LI> startup_stm32l073xx.o(RESET)
</UL>
<P><STRONG><a name="[1e]"></a>SPI1_IRQHandler</STRONG> (Thumb, 0 bytes, Stack size 0 bytes, startup_stm32l073xx.o(.text))
<BR>[Address Reference Count : 1]<UL><LI> startup_stm32l073xx.o(RESET)
</UL>
<P><STRONG><a name="[1f]"></a>SPI2_IRQHandler</STRONG> (Thumb, 0 bytes, Stack size 0 bytes, startup_stm32l073xx.o(.text))
<BR>[Address Reference Count : 1]<UL><LI> startup_stm32l073xx.o(RESET)
</UL>
<P><STRONG><a name="[19]"></a>TIM21_IRQHandler</STRONG> (Thumb, 0 bytes, Stack size 0 bytes, startup_stm32l073xx.o(.text))
<BR>[Address Reference Count : 1]<UL><LI> startup_stm32l073xx.o(RESET)
</UL>
<P><STRONG><a name="[1b]"></a>TIM22_IRQHandler</STRONG> (Thumb, 0 bytes, Stack size 0 bytes, startup_stm32l073xx.o(.text))
<BR>[Address Reference Count : 1]<UL><LI> startup_stm32l073xx.o(RESET)
</UL>
<P><STRONG><a name="[15]"></a>TIM2_IRQHandler</STRONG> (Thumb, 0 bytes, Stack size 0 bytes, startup_stm32l073xx.o(.text))
<BR>[Address Reference Count : 1]<UL><LI> startup_stm32l073xx.o(RESET)
</UL>
<P><STRONG><a name="[16]"></a>TIM3_IRQHandler</STRONG> (Thumb, 0 bytes, Stack size 0 bytes, startup_stm32l073xx.o(.text))
<BR>[Address Reference Count : 1]<UL><LI> startup_stm32l073xx.o(RESET)
</UL>
<P><STRONG><a name="[18]"></a>TIM7_IRQHandler</STRONG> (Thumb, 0 bytes, Stack size 0 bytes, startup_stm32l073xx.o(.text))
<BR>[Address Reference Count : 1]<UL><LI> startup_stm32l073xx.o(RESET)
</UL>
<P><STRONG><a name="[e]"></a>TSC_IRQHandler</STRONG> (Thumb, 0 bytes, Stack size 0 bytes, startup_stm32l073xx.o(.text))
<BR>[Address Reference Count : 1]<UL><LI> startup_stm32l073xx.o(RESET)
</UL>
<P><STRONG><a name="[21]"></a>USART2_IRQHandler</STRONG> (Thumb, 0 bytes, Stack size 0 bytes, startup_stm32l073xx.o(.text))
<BR>[Address Reference Count : 1]<UL><LI> startup_stm32l073xx.o(RESET)
</UL>
<P><STRONG><a name="[14]"></a>USART4_5_IRQHandler</STRONG> (Thumb, 0 bytes, Stack size 0 bytes, startup_stm32l073xx.o(.text))
<BR>[Address Reference Count : 1]<UL><LI> startup_stm32l073xx.o(RESET)
</UL>
<P><STRONG><a name="[24]"></a>USB_IRQHandler</STRONG> (Thumb, 0 bytes, Stack size 0 bytes, startup_stm32l073xx.o(.text))
<BR>[Address Reference Count : 1]<UL><LI> startup_stm32l073xx.o(RESET)
</UL>
<P><STRONG><a name="[6]"></a>WWDG_IRQHandler</STRONG> (Thumb, 0 bytes, Stack size 0 bytes, startup_stm32l073xx.o(.text))
<BR>[Address Reference Count : 1]<UL><LI> startup_stm32l073xx.o(RESET)
</UL>
<P><STRONG><a name="[70]"></a>__user_initial_stackheap</STRONG> (Thumb, 0 bytes, Stack size unknown bytes, startup_stm32l073xx.o(.text))
<BR><BR>[Called By]<UL><LI><a href="#[3d]">&gt;&gt;</a>&nbsp;&nbsp;&nbsp;__user_setup_stackheap
</UL>

<P><STRONG><a name="[bf]"></a>__aeabi_uldivmod</STRONG> (Thumb, 272 bytes, Stack size 32 bytes, lludiv.o(.text))
<BR><BR>[Stack]<UL><LI>Max Depth = 32<LI>Call Chain = __aeabi_uldivmod
</UL>
<BR>[Called By]<UL><LI><a href="#[a6]">&gt;&gt;</a>&nbsp;&nbsp;&nbsp;UART_SetConfig
</UL>

<P><STRONG><a name="[103]"></a>_ll_udiv</STRONG> (Thumb, 0 bytes, Stack size 32 bytes, lludiv.o(.text), UNUSED)

<P><STRONG><a name="[47]"></a>__2sprintf</STRONG> (Thumb, 36 bytes, Stack size 32 bytes, noretval__2sprintf.o(.text))
<BR><BR>[Stack]<UL><LI>Max Depth = 128 + Unknown Stack Size
<LI>Call Chain = __2sprintf &rArr; _printf_char_common &rArr; __printf
</UL>
<BR>[Calls]<UL><LI><a href="#[27]">&gt;&gt;</a>&nbsp;&nbsp;&nbsp;_sputc
<LI><a href="#[48]">&gt;&gt;</a>&nbsp;&nbsp;&nbsp;_printf_char_common
</UL>
<BR>[Called By]<UL><LI><a href="#[ac]">&gt;&gt;</a>&nbsp;&nbsp;&nbsp;statechart_display_LCD
<LI><a href="#[d1]">&gt;&gt;</a>&nbsp;&nbsp;&nbsp;statechart_send_Uart
<LI><a href="#[92]">&gt;&gt;</a>&nbsp;&nbsp;&nbsp;HAL_TIM_PeriodElapsedCallback
</UL>

<P><STRONG><a name="[5c]"></a>_printf_pre_padding</STRONG> (Thumb, 44 bytes, Stack size 16 bytes, _printf_pad.o(.text))
<BR><BR>[Stack]<UL><LI>Max Depth = 16<LI>Call Chain = _printf_pre_padding
</UL>
<BR>[Called By]<UL><LI><a href="#[65]">&gt;&gt;</a>&nbsp;&nbsp;&nbsp;_printf_fp_infnan
<LI><a href="#[2e]">&gt;&gt;</a>&nbsp;&nbsp;&nbsp;_printf_fp_dec_real
<LI><a href="#[4c]">&gt;&gt;</a>&nbsp;&nbsp;&nbsp;_printf_int_common
</UL>

<P><STRONG><a name="[5d]"></a>_printf_post_padding</STRONG> (Thumb, 34 bytes, Stack size 16 bytes, _printf_pad.o(.text))
<BR><BR>[Stack]<UL><LI>Max Depth = 16<LI>Call Chain = _printf_post_padding
</UL>
<BR>[Called By]<UL><LI><a href="#[65]">&gt;&gt;</a>&nbsp;&nbsp;&nbsp;_printf_fp_infnan
<LI><a href="#[2e]">&gt;&gt;</a>&nbsp;&nbsp;&nbsp;_printf_fp_dec_real
<LI><a href="#[4c]">&gt;&gt;</a>&nbsp;&nbsp;&nbsp;_printf_int_common
</UL>

<P><STRONG><a name="[37]"></a>_printf_int_dec</STRONG> (Thumb, 90 bytes, Stack size 32 bytes, _printf_dec.o(.text))
<BR><BR>[Stack]<UL><LI>Max Depth = 88<LI>Call Chain = _printf_int_dec &rArr; _printf_int_common &rArr; _printf_post_padding
</UL>
<BR>[Calls]<UL><LI><a href="#[4b]">&gt;&gt;</a>&nbsp;&nbsp;&nbsp;__rt_udiv10
<LI><a href="#[4c]">&gt;&gt;</a>&nbsp;&nbsp;&nbsp;_printf_int_common
<LI><a href="#[4a]">&gt;&gt;</a>&nbsp;&nbsp;&nbsp;_printf_truncate_unsigned (Weak Reference)
<LI><a href="#[49]">&gt;&gt;</a>&nbsp;&nbsp;&nbsp;_printf_truncate_signed (Weak Reference)
</UL>
<BR>[Called By]<UL><LI><a href="#[34]">&gt;&gt;</a>&nbsp;&nbsp;&nbsp;_printf_d
</UL>

<P><STRONG><a name="[4d]"></a>__printf</STRONG> (Thumb, 306 bytes, Stack size 32 bytes, __printf_flags_wp.o(.text))
<BR><BR>[Stack]<UL><LI>Max Depth = 32 + Unknown Stack Size
<LI>Call Chain = __printf
</UL>
<BR>[Calls]<UL><LI><a href="#[4f]">&gt;&gt;</a>&nbsp;&nbsp;&nbsp;_printf_percent
<LI><a href="#[4e]">&gt;&gt;</a>&nbsp;&nbsp;&nbsp;_is_digit
</UL>
<BR>[Called By]<UL><LI><a href="#[48]">&gt;&gt;</a>&nbsp;&nbsp;&nbsp;_printf_char_common
</UL>

<P><STRONG><a name="[96]"></a>strlen</STRONG> (Thumb, 62 bytes, Stack size 12 bytes, strlen.o(.text))
<BR><BR>[Stack]<UL><LI>Max Depth = 12<LI>Call Chain = strlen
</UL>
<BR>[Called By]<UL><LI><a href="#[d1]">&gt;&gt;</a>&nbsp;&nbsp;&nbsp;statechart_send_Uart
<LI><a href="#[92]">&gt;&gt;</a>&nbsp;&nbsp;&nbsp;HAL_TIM_PeriodElapsedCallback
</UL>

<P><STRONG><a name="[51]"></a>_memset_w</STRONG> (Thumb, 26 bytes, Stack size 0 bytes, rt_memclr.o(.text), UNUSED)
<BR><BR>[Called By]<UL><LI><a href="#[53]">&gt;&gt;</a>&nbsp;&nbsp;&nbsp;__rt_memclr_w
<LI><a href="#[50]">&gt;&gt;</a>&nbsp;&nbsp;&nbsp;_memset
</UL>

<P><STRONG><a name="[50]"></a>_memset</STRONG> (Thumb, 30 bytes, Stack size 0 bytes, rt_memclr.o(.text), UNUSED)
<BR><BR>[Calls]<UL><LI><a href="#[51]">&gt;&gt;</a>&nbsp;&nbsp;&nbsp;_memset_w
</UL>
<BR>[Called By]<UL><LI><a href="#[52]">&gt;&gt;</a>&nbsp;&nbsp;&nbsp;__aeabi_memclr
</UL>

<P><STRONG><a name="[52]"></a>__aeabi_memclr</STRONG> (Thumb, 4 bytes, Stack size 0 bytes, rt_memclr.o(.text), UNUSED)
<BR><BR>[Calls]<UL><LI><a href="#[50]">&gt;&gt;</a>&nbsp;&nbsp;&nbsp;_memset
</UL>

<P><STRONG><a name="[104]"></a>__rt_memclr</STRONG> (Thumb, 0 bytes, Stack size 0 bytes, rt_memclr.o(.text), UNUSED)

<P><STRONG><a name="[c0]"></a>__aeabi_memclr4</STRONG> (Thumb, 0 bytes, Stack size 0 bytes, rt_memclr.o(.text))
<BR><BR>[Called By]<UL><LI><a href="#[41]">&gt;&gt;</a>&nbsp;&nbsp;&nbsp;main
</UL>

<P><STRONG><a name="[105]"></a>__aeabi_memclr8</STRONG> (Thumb, 0 bytes, Stack size 0 bytes, rt_memclr.o(.text), UNUSED)

<P><STRONG><a name="[53]"></a>__rt_memclr_w</STRONG> (Thumb, 4 bytes, Stack size 0 bytes, rt_memclr.o(.text), UNUSED)
<BR><BR>[Calls]<UL><LI><a href="#[51]">&gt;&gt;</a>&nbsp;&nbsp;&nbsp;_memset_w
</UL>

<P><STRONG><a name="[106]"></a>__aeabi_uidivmod</STRONG> (Thumb, 28 bytes, Stack size 0 bytes, aeabi_sdivfast.o(.text), UNUSED)

<P><STRONG><a name="[66]"></a>__aeabi_idivmod</STRONG> (Thumb, 472 bytes, Stack size 8 bytes, aeabi_sdivfast.o(.text))
<BR><BR>[Stack]<UL><LI>Max Depth = 8<LI>Call Chain = __aeabi_idivmod
</UL>
<BR>[Called By]<UL><LI><a href="#[5f]">&gt;&gt;</a>&nbsp;&nbsp;&nbsp;_btod_etento
</UL>

<P><STRONG><a name="[107]"></a>__use_two_region_memory</STRONG> (Thumb, 2 bytes, Stack size 0 bytes, heapauxi.o(.text), UNUSED)

<P><STRONG><a name="[108]"></a>__rt_heap_escrow$2region</STRONG> (Thumb, 2 bytes, Stack size 0 bytes, heapauxi.o(.text), UNUSED)

<P><STRONG><a name="[109]"></a>__rt_heap_expand$2region</STRONG> (Thumb, 2 bytes, Stack size 0 bytes, heapauxi.o(.text), UNUSED)

<P><STRONG><a name="[95]"></a>__aeabi_f2d</STRONG> (Thumb, 0 bytes, Stack size 0 bytes, f2d.o(.text))
<BR><BR>[Called By]<UL><LI><a href="#[ac]">&gt;&gt;</a>&nbsp;&nbsp;&nbsp;statechart_display_LCD
<LI><a href="#[d1]">&gt;&gt;</a>&nbsp;&nbsp;&nbsp;statechart_send_Uart
<LI><a href="#[92]">&gt;&gt;</a>&nbsp;&nbsp;&nbsp;HAL_TIM_PeriodElapsedCallback
</UL>

<P><STRONG><a name="[10a]"></a>__extendsfdf2</STRONG> (Thumb, 0 bytes, Stack size 0 bytes, f2d.o(.text), UNUSED)

<P><STRONG><a name="[10b]"></a>_f2d</STRONG> (Thumb, 80 bytes, Stack size 0 bytes, f2d.o(.text), UNUSED)

<P><STRONG><a name="[9a]"></a>__aeabi_fdiv</STRONG> (Thumb, 0 bytes, Stack size 20 bytes, fdiv.o(.text))
<BR><BR>[Stack]<UL><LI>Max Depth = 20<LI>Call Chain = __aeabi_fdiv
</UL>
<BR>[Called By]<UL><LI><a href="#[41]">&gt;&gt;</a>&nbsp;&nbsp;&nbsp;main
<LI><a href="#[cd]">&gt;&gt;</a>&nbsp;&nbsp;&nbsp;statechart_calculate_Gravity
<LI><a href="#[ce]">&gt;&gt;</a>&nbsp;&nbsp;&nbsp;statechart_display_Grvt
<LI><a href="#[92]">&gt;&gt;</a>&nbsp;&nbsp;&nbsp;HAL_TIM_PeriodElapsedCallback
</UL>

<P><STRONG><a name="[10c]"></a>__divsf3</STRONG> (Thumb, 0 bytes, Stack size 20 bytes, fdiv.o(.text), UNUSED)

<P><STRONG><a name="[55]"></a>_fdiv</STRONG> (Thumb, 334 bytes, Stack size 20 bytes, fdiv.o(.text), UNUSED)
<BR><BR>[Called By]<UL><LI><a href="#[54]">&gt;&gt;</a>&nbsp;&nbsp;&nbsp;_frdiv
</UL>

<P><STRONG><a name="[54]"></a>_frdiv</STRONG> (Thumb, 8 bytes, Stack size 0 bytes, fdiv.o(.text), UNUSED)
<BR><BR>[Calls]<UL><LI><a href="#[55]">&gt;&gt;</a>&nbsp;&nbsp;&nbsp;_fdiv
</UL>

<P><STRONG><a name="[57]"></a>__aeabi_i2f_normalise</STRONG> (Thumb, 72 bytes, Stack size 0 bytes, fflti.o(.text))
<BR><BR>[Called By]<UL><LI><a href="#[58]">&gt;&gt;</a>&nbsp;&nbsp;&nbsp;__aeabi_ui2f
<LI><a href="#[56]">&gt;&gt;</a>&nbsp;&nbsp;&nbsp;__aeabi_i2f
</UL>

<P><STRONG><a name="[56]"></a>__aeabi_i2f</STRONG> (Thumb, 16 bytes, Stack size 0 bytes, fflti.o(.text))
<BR><BR>[Calls]<UL><LI><a href="#[57]">&gt;&gt;</a>&nbsp;&nbsp;&nbsp;__aeabi_i2f_normalise
</UL>
<BR>[Called By]<UL><LI><a href="#[41]">&gt;&gt;</a>&nbsp;&nbsp;&nbsp;main
<LI><a href="#[cd]">&gt;&gt;</a>&nbsp;&nbsp;&nbsp;statechart_calculate_Gravity
<LI><a href="#[ce]">&gt;&gt;</a>&nbsp;&nbsp;&nbsp;statechart_display_Grvt
<LI><a href="#[92]">&gt;&gt;</a>&nbsp;&nbsp;&nbsp;HAL_TIM_PeriodElapsedCallback
</UL>

<P><STRONG><a name="[10d]"></a>_fflt</STRONG> (Thumb, 0 bytes, Stack size 0 bytes, fflti.o(.text), UNUSED)

<P><STRONG><a name="[58]"></a>__aeabi_ui2f</STRONG> (Thumb, 6 bytes, Stack size 0 bytes, fflti.o(.text), UNUSED)
<BR><BR>[Calls]<UL><LI><a href="#[57]">&gt;&gt;</a>&nbsp;&nbsp;&nbsp;__aeabi_i2f_normalise
</UL>

<P><STRONG><a name="[10e]"></a>_ffltu</STRONG> (Thumb, 0 bytes, Stack size 0 bytes, fflti.o(.text), UNUSED)

<P><STRONG><a name="[59]"></a>__read_errno</STRONG> (Thumb, 10 bytes, Stack size 8 bytes, _rserrno.o(.text), UNUSED)
<BR><BR>[Calls]<UL><LI><a href="#[5a]">&gt;&gt;</a>&nbsp;&nbsp;&nbsp;__aeabi_errno_addr
</UL>

<P><STRONG><a name="[5b]"></a>__set_errno</STRONG> (Thumb, 12 bytes, Stack size 8 bytes, _rserrno.o(.text))
<BR><BR>[Stack]<UL><LI>Max Depth = 8<LI>Call Chain = __set_errno
</UL>
<BR>[Calls]<UL><LI><a href="#[5a]">&gt;&gt;</a>&nbsp;&nbsp;&nbsp;__aeabi_errno_addr
</UL>
<BR>[Called By]<UL><LI><a href="#[9b]">&gt;&gt;</a>&nbsp;&nbsp;&nbsp;sqrtf
</UL>

<P><STRONG><a name="[4c]"></a>_printf_int_common</STRONG> (Thumb, 176 bytes, Stack size 40 bytes, _printf_intcommon.o(.text))
<BR><BR>[Stack]<UL><LI>Max Depth = 56<LI>Call Chain = _printf_int_common &rArr; _printf_post_padding
</UL>
<BR>[Calls]<UL><LI><a href="#[5d]">&gt;&gt;</a>&nbsp;&nbsp;&nbsp;_printf_post_padding
<LI><a href="#[5c]">&gt;&gt;</a>&nbsp;&nbsp;&nbsp;_printf_pre_padding
</UL>
<BR>[Called By]<UL><LI><a href="#[37]">&gt;&gt;</a>&nbsp;&nbsp;&nbsp;_printf_int_dec
</UL>

<P><STRONG><a name="[2e]"></a>_printf_fp_dec_real</STRONG> (Thumb, 620 bytes, Stack size 96 bytes, _printf_fp_dec.o(.text))
<BR><BR>[Stack]<UL><LI>Max Depth = 368<LI>Call Chain = _printf_fp_dec_real &rArr; _fp_digits &rArr; _btod_etento &rArr; _btod_emul &rArr; btod_internal_mul &rArr; __ARM_common_ll_muluu
</UL>
<BR>[Calls]<UL><LI><a href="#[64]">&gt;&gt;</a>&nbsp;&nbsp;&nbsp;__ARM_fpclassify
<LI><a href="#[65]">&gt;&gt;</a>&nbsp;&nbsp;&nbsp;_printf_fp_infnan
<LI><a href="#[39]">&gt;&gt;</a>&nbsp;&nbsp;&nbsp;__rt_locale
<LI><a href="#[4b]">&gt;&gt;</a>&nbsp;&nbsp;&nbsp;__rt_udiv10
<LI><a href="#[5e]">&gt;&gt;</a>&nbsp;&nbsp;&nbsp;_fp_digits
<LI><a href="#[5d]">&gt;&gt;</a>&nbsp;&nbsp;&nbsp;_printf_post_padding
<LI><a href="#[5c]">&gt;&gt;</a>&nbsp;&nbsp;&nbsp;_printf_pre_padding
</UL>
<BR>[Address Reference Count : 1]<UL><LI> printf1.o(x$fpl$printf1)
</UL>
<P><STRONG><a name="[48]"></a>_printf_char_common</STRONG> (Thumb, 32 bytes, Stack size 64 bytes, _printf_char_common.o(.text))
<BR><BR>[Stack]<UL><LI>Max Depth = 96 + Unknown Stack Size
<LI>Call Chain = _printf_char_common &rArr; __printf
</UL>
<BR>[Calls]<UL><LI><a href="#[4d]">&gt;&gt;</a>&nbsp;&nbsp;&nbsp;__printf
</UL>
<BR>[Called By]<UL><LI><a href="#[47]">&gt;&gt;</a>&nbsp;&nbsp;&nbsp;__2sprintf
</UL>

<P><STRONG><a name="[27]"></a>_sputc</STRONG> (Thumb, 10 bytes, Stack size 0 bytes, _sputc.o(.text))
<BR><BR>[Called By]<UL><LI><a href="#[47]">&gt;&gt;</a>&nbsp;&nbsp;&nbsp;__2sprintf
</UL>
<BR>[Address Reference Count : 1]<UL><LI> noretval__2sprintf.o(.text)
</UL>
<P><STRONG><a name="[4b]"></a>__rt_udiv10</STRONG> (Thumb, 40 bytes, Stack size 0 bytes, rtudiv10.o(.text))
<BR><BR>[Called By]<UL><LI><a href="#[2e]">&gt;&gt;</a>&nbsp;&nbsp;&nbsp;_printf_fp_dec_real
<LI><a href="#[37]">&gt;&gt;</a>&nbsp;&nbsp;&nbsp;_printf_int_dec
</UL>

<P><STRONG><a name="[d8]"></a>_fsqrt</STRONG> (Thumb, 140 bytes, Stack size 12 bytes, fsqrt.o(.text))
<BR><BR>[Stack]<UL><LI>Max Depth = 12<LI>Call Chain = _fsqrt
</UL>
<BR>[Called By]<UL><LI><a href="#[9b]">&gt;&gt;</a>&nbsp;&nbsp;&nbsp;sqrtf
</UL>

<P><STRONG><a name="[39]"></a>__rt_locale</STRONG> (Thumb, 8 bytes, Stack size 0 bytes, rt_locale_intlibspace.o(.text))
<BR><BR>[Called By]<UL><LI><a href="#[38]">&gt;&gt;</a>&nbsp;&nbsp;&nbsp;__rt_lib_init_lc_common
<LI><a href="#[2e]">&gt;&gt;</a>&nbsp;&nbsp;&nbsp;_printf_fp_dec_real
</UL>

<P><STRONG><a name="[5a]"></a>__aeabi_errno_addr</STRONG> (Thumb, 8 bytes, Stack size 0 bytes, rt_errno_addr_intlibspace.o(.text))
<BR><BR>[Called By]<UL><LI><a href="#[5b]">&gt;&gt;</a>&nbsp;&nbsp;&nbsp;__set_errno
<LI><a href="#[59]">&gt;&gt;</a>&nbsp;&nbsp;&nbsp;__read_errno
</UL>

<P><STRONG><a name="[10f]"></a>__errno$intlibspace</STRONG> (Thumb, 0 bytes, Stack size 0 bytes, rt_errno_addr_intlibspace.o(.text), UNUSED)

<P><STRONG><a name="[110]"></a>__rt_errno_addr$intlibspace</STRONG> (Thumb, 0 bytes, Stack size 0 bytes, rt_errno_addr_intlibspace.o(.text), UNUSED)

<P><STRONG><a name="[63]"></a>_ll_udiv10</STRONG> (Thumb, 122 bytes, Stack size 16 bytes, lludiv10.o(.text))
<BR><BR>[Stack]<UL><LI>Max Depth = 16<LI>Call Chain = _ll_udiv10
</UL>
<BR>[Called By]<UL><LI><a href="#[5e]">&gt;&gt;</a>&nbsp;&nbsp;&nbsp;_fp_digits
</UL>

<P><STRONG><a name="[65]"></a>_printf_fp_infnan</STRONG> (Thumb, 120 bytes, Stack size 24 bytes, _printf_fp_infnan.o(.text))
<BR><BR>[Stack]<UL><LI>Max Depth = 40<LI>Call Chain = _printf_fp_infnan &rArr; _printf_post_padding
</UL>
<BR>[Calls]<UL><LI><a href="#[5d]">&gt;&gt;</a>&nbsp;&nbsp;&nbsp;_printf_post_padding
<LI><a href="#[5c]">&gt;&gt;</a>&nbsp;&nbsp;&nbsp;_printf_pre_padding
</UL>
<BR>[Called By]<UL><LI><a href="#[2e]">&gt;&gt;</a>&nbsp;&nbsp;&nbsp;_printf_fp_dec_real
</UL>

<P><STRONG><a name="[5f]"></a>_btod_etento</STRONG> (Thumb, 210 bytes, Stack size 72 bytes, bigflt0.o(.text))
<BR><BR>[Stack]<UL><LI>Max Depth = 176<LI>Call Chain = _btod_etento &rArr; _btod_emul &rArr; btod_internal_mul &rArr; __ARM_common_ll_muluu
</UL>
<BR>[Calls]<UL><LI><a href="#[61]">&gt;&gt;</a>&nbsp;&nbsp;&nbsp;_btod_ediv
<LI><a href="#[62]">&gt;&gt;</a>&nbsp;&nbsp;&nbsp;_btod_emul
<LI><a href="#[66]">&gt;&gt;</a>&nbsp;&nbsp;&nbsp;__aeabi_idivmod
</UL>
<BR>[Called By]<UL><LI><a href="#[5e]">&gt;&gt;</a>&nbsp;&nbsp;&nbsp;_fp_digits
</UL>

<P><STRONG><a name="[60]"></a>_btod_d2e</STRONG> (Thumb, 64 bytes, Stack size 8 bytes, btod.o(.text))
<BR><BR>[Stack]<UL><LI>Max Depth = 8<LI>Call Chain = _btod_d2e
</UL>
<BR>[Called By]<UL><LI><a href="#[5e]">&gt;&gt;</a>&nbsp;&nbsp;&nbsp;_fp_digits
</UL>

<P><STRONG><a name="[62]"></a>_btod_emul</STRONG> (Thumb, 28 bytes, Stack size 24 bytes, btod.o(.text))
<BR><BR>[Stack]<UL><LI>Max Depth = 104<LI>Call Chain = _btod_emul &rArr; btod_internal_mul &rArr; __ARM_common_ll_muluu
</UL>
<BR>[Calls]<UL><LI><a href="#[67]">&gt;&gt;</a>&nbsp;&nbsp;&nbsp;btod_internal_mul
</UL>
<BR>[Called By]<UL><LI><a href="#[5f]">&gt;&gt;</a>&nbsp;&nbsp;&nbsp;_btod_etento
<LI><a href="#[5e]">&gt;&gt;</a>&nbsp;&nbsp;&nbsp;_fp_digits
</UL>

<P><STRONG><a name="[69]"></a>_btod_emuld</STRONG> (Thumb, 144 bytes, Stack size 56 bytes, btod.o(.text), UNUSED)
<BR><BR>[Calls]<UL><LI><a href="#[67]">&gt;&gt;</a>&nbsp;&nbsp;&nbsp;btod_internal_mul
</UL>

<P><STRONG><a name="[61]"></a>_btod_ediv</STRONG> (Thumb, 26 bytes, Stack size 24 bytes, btod.o(.text))
<BR><BR>[Stack]<UL><LI>Max Depth = 88<LI>Call Chain = _btod_ediv &rArr; btod_internal_div
</UL>
<BR>[Calls]<UL><LI><a href="#[6a]">&gt;&gt;</a>&nbsp;&nbsp;&nbsp;btod_internal_div
</UL>
<BR>[Called By]<UL><LI><a href="#[5f]">&gt;&gt;</a>&nbsp;&nbsp;&nbsp;_btod_etento
<LI><a href="#[5e]">&gt;&gt;</a>&nbsp;&nbsp;&nbsp;_fp_digits
</UL>

<P><STRONG><a name="[6b]"></a>_btod_edivd</STRONG> (Thumb, 124 bytes, Stack size 56 bytes, btod.o(.text), UNUSED)
<BR><BR>[Calls]<UL><LI><a href="#[6a]">&gt;&gt;</a>&nbsp;&nbsp;&nbsp;btod_internal_div
</UL>

<P><STRONG><a name="[6c]"></a>__fpl_fcmp_InfNaN</STRONG> (Thumb, 96 bytes, Stack size 8 bytes, fcmpin.o(.text), UNUSED)
<BR><BR>[Calls]<UL><LI><a href="#[6e]">&gt;&gt;</a>&nbsp;&nbsp;&nbsp;__fpl_fcheck_NaN2
<LI><a href="#[6d]">&gt;&gt;</a>&nbsp;&nbsp;&nbsp;__fpl_cmpreturn
</UL>
<BR>[Called By]<UL><LI><a href="#[d7]">&gt;&gt;</a>&nbsp;&nbsp;&nbsp;_fcmple
<LI><a href="#[d5]">&gt;&gt;</a>&nbsp;&nbsp;&nbsp;_fcmpge
</UL>

<P><STRONG><a name="[111]"></a>__user_libspace</STRONG> (Thumb, 8 bytes, Stack size 0 bytes, libspace.o(.text), UNUSED)

<P><STRONG><a name="[6f]"></a>__user_perproc_libspace</STRONG> (Thumb, 0 bytes, Stack size 0 bytes, libspace.o(.text))
<BR><BR>[Called By]<UL><LI><a href="#[3d]">&gt;&gt;</a>&nbsp;&nbsp;&nbsp;__user_setup_stackheap
</UL>

<P><STRONG><a name="[112]"></a>__user_perthread_libspace</STRONG> (Thumb, 0 bytes, Stack size 0 bytes, libspace.o(.text), UNUSED)

<P><STRONG><a name="[3d]"></a>__user_setup_stackheap</STRONG> (Thumb, 62 bytes, Stack size 8 bytes, sys_stackheap_outer.o(.text))
<BR><BR>[Stack]<UL><LI>Max Depth = 8 + Unknown Stack Size
<LI>Call Chain = __user_setup_stackheap
</UL>
<BR>[Calls]<UL><LI><a href="#[70]">&gt;&gt;</a>&nbsp;&nbsp;&nbsp;__user_initial_stackheap
<LI><a href="#[6f]">&gt;&gt;</a>&nbsp;&nbsp;&nbsp;__user_perproc_libspace
</UL>
<BR>[Called By]<UL><LI><a href="#[3c]">&gt;&gt;</a>&nbsp;&nbsp;&nbsp;__rt_entry_sh
</UL>

<P><STRONG><a name="[42]"></a>exit</STRONG> (Thumb, 16 bytes, Stack size 8 bytes, exit.o(.text))
<BR><BR>[Stack]<UL><LI>Max Depth = 8 + Unknown Stack Size
<LI>Call Chain = exit
</UL>
<BR>[Calls]<UL><LI><a href="#[72]">&gt;&gt;</a>&nbsp;&nbsp;&nbsp;__rt_exit
<LI><a href="#[71]">&gt;&gt;</a>&nbsp;&nbsp;&nbsp;_call_atexit_fns (Weak Reference)
</UL>
<BR>[Called By]<UL><LI><a href="#[40]">&gt;&gt;</a>&nbsp;&nbsp;&nbsp;__rt_entry_main
</UL>

<P><STRONG><a name="[d9]"></a>strcmp</STRONG> (Thumb, 176 bytes, Stack size 16 bytes, strcmpv6m.o(.text))
<BR><BR>[Stack]<UL><LI>Max Depth = 16<LI>Call Chain = strcmp
</UL>
<BR>[Called By]<UL><LI><a href="#[3b]">&gt;&gt;</a>&nbsp;&nbsp;&nbsp;_get_lc_numeric
</UL>

<P><STRONG><a name="[6d]"></a>__fpl_cmpreturn</STRONG> (Thumb, 46 bytes, Stack size 0 bytes, cmpret.o(.text), UNUSED)
<BR><BR>[Called By]<UL><LI><a href="#[73]">&gt;&gt;</a>&nbsp;&nbsp;&nbsp;__fpl_return_NaN
<LI><a href="#[6c]">&gt;&gt;</a>&nbsp;&nbsp;&nbsp;__fpl_fcmp_InfNaN
</UL>

<P><STRONG><a name="[6e]"></a>__fpl_fcheck_NaN2</STRONG> (Thumb, 10 bytes, Stack size 8 bytes, fnan2.o(.text), UNUSED)
<BR><BR>[Calls]<UL><LI><a href="#[73]">&gt;&gt;</a>&nbsp;&nbsp;&nbsp;__fpl_return_NaN
</UL>
<BR>[Called By]<UL><LI><a href="#[6c]">&gt;&gt;</a>&nbsp;&nbsp;&nbsp;__fpl_fcmp_InfNaN
</UL>

<P><STRONG><a name="[73]"></a>__fpl_return_NaN</STRONG> (Thumb, 94 bytes, Stack size 8 bytes, retnan.o(.text), UNUSED)
<BR><BR>[Calls]<UL><LI><a href="#[6d]">&gt;&gt;</a>&nbsp;&nbsp;&nbsp;__fpl_cmpreturn
</UL>
<BR>[Called By]<UL><LI><a href="#[6e]">&gt;&gt;</a>&nbsp;&nbsp;&nbsp;__fpl_fcheck_NaN2
</UL>

<P><STRONG><a name="[46]"></a>_sys_exit</STRONG> (Thumb, 8 bytes, Stack size 0 bytes, sys_exit.o(.text))
<BR><BR>[Called By]<UL><LI><a href="#[45]">&gt;&gt;</a>&nbsp;&nbsp;&nbsp;__rt_exit_exit
</UL>

<P><STRONG><a name="[113]"></a>__I$use$semihosting</STRONG> (Thumb, 0 bytes, Stack size 0 bytes, use_no_semi.o(.text), UNUSED)

<P><STRONG><a name="[114]"></a>__use_no_semihosting_swi</STRONG> (Thumb, 2 bytes, Stack size 0 bytes, use_no_semi.o(.text), UNUSED)

<P><STRONG><a name="[a0]"></a>HAL_DMA_Abort</STRONG> (Thumb, 66 bytes, Stack size 8 bytes, stm32l0xx_hal_dma.o(.text.HAL_DMA_Abort))
<BR><BR>[Stack]<UL><LI>Max Depth = 8<LI>Call Chain = HAL_DMA_Abort
</UL>
<BR>[Called By]<UL><LI><a href="#[9c]">&gt;&gt;</a>&nbsp;&nbsp;&nbsp;HAL_UART_IRQHandler
</UL>

<P><STRONG><a name="[115]"></a>__semihosting_library_function</STRONG> (Thumb, 0 bytes, Stack size 8 bytes, indicate_semi.o(.text), UNUSED)

<P><STRONG><a name="[a2]"></a>HAL_DMA_Abort_IT</STRONG> (Thumb, 70 bytes, Stack size 16 bytes, stm32l0xx_hal_dma.o(.text.HAL_DMA_Abort_IT))
<BR><BR>[Stack]<UL><LI>Max Depth = 16<LI>Call Chain = HAL_DMA_Abort_IT
</UL>
<BR>[Called By]<UL><LI><a href="#[77]">&gt;&gt;</a>&nbsp;&nbsp;&nbsp;I2C_ITError
<LI><a href="#[9c]">&gt;&gt;</a>&nbsp;&nbsp;&nbsp;HAL_UART_IRQHandler
</UL>

<P><STRONG><a name="[b2]"></a>HAL_DMA_GetState</STRONG> (Thumb, 6 bytes, Stack size 0 bytes, stm32l0xx_hal_dma.o(.text.HAL_DMA_GetState))
<BR><BR>[Called By]<UL><LI><a href="#[77]">&gt;&gt;</a>&nbsp;&nbsp;&nbsp;I2C_ITError
</UL>

<P><STRONG><a name="[74]"></a>HAL_Delay</STRONG> (Thumb, 32 bytes, Stack size 16 bytes, stm32l0xx_hal.o(.text.HAL_Delay))
<BR><BR>[Stack]<UL><LI>Max Depth = 16<LI>Call Chain = HAL_Delay
</UL>
<BR>[Calls]<UL><LI><a href="#[75]">&gt;&gt;</a>&nbsp;&nbsp;&nbsp;HAL_GetTick
</UL>
<BR>[Called By]<UL><LI><a href="#[41]">&gt;&gt;</a>&nbsp;&nbsp;&nbsp;main
<LI><a href="#[ac]">&gt;&gt;</a>&nbsp;&nbsp;&nbsp;statechart_display_LCD
<LI><a href="#[cc]">&gt;&gt;</a>&nbsp;&nbsp;&nbsp;statechart_mPU6050_Calibrate
<LI><a href="#[c6]">&gt;&gt;</a>&nbsp;&nbsp;&nbsp;statechart_lCD_Init
<LI><a href="#[ba]">&gt;&gt;</a>&nbsp;&nbsp;&nbsp;LCD_SendData
<LI><a href="#[b8]">&gt;&gt;</a>&nbsp;&nbsp;&nbsp;LCD_SendCommand
</UL>

<P><STRONG><a name="[80]"></a>HAL_GPIO_Init</STRONG> (Thumb, 380 bytes, Stack size 60 bytes, stm32l0xx_hal_gpio.o(.text.HAL_GPIO_Init))
<BR><BR>[Stack]<UL><LI>Max Depth = 60<LI>Call Chain = HAL_GPIO_Init
</UL>
<BR>[Called By]<UL><LI><a href="#[a4]">&gt;&gt;</a>&nbsp;&nbsp;&nbsp;HAL_UART_MspInit
<LI><a href="#[79]">&gt;&gt;</a>&nbsp;&nbsp;&nbsp;HAL_I2C_MspInit
<LI><a href="#[41]">&gt;&gt;</a>&nbsp;&nbsp;&nbsp;main
</UL>

<P><STRONG><a name="[b9]"></a>HAL_GPIO_WritePin</STRONG> (Thumb, 16 bytes, Stack size 0 bytes, stm32l0xx_hal_gpio.o(.text.HAL_GPIO_WritePin))
<BR><BR>[Called By]<UL><LI><a href="#[41]">&gt;&gt;</a>&nbsp;&nbsp;&nbsp;main
<LI><a href="#[c6]">&gt;&gt;</a>&nbsp;&nbsp;&nbsp;statechart_lCD_Init
<LI><a href="#[ba]">&gt;&gt;</a>&nbsp;&nbsp;&nbsp;LCD_SendData
<LI><a href="#[b8]">&gt;&gt;</a>&nbsp;&nbsp;&nbsp;LCD_SendCommand
</UL>

<P><STRONG><a name="[75]"></a>HAL_GetTick</STRONG> (Thumb, 8 bytes, Stack size 0 bytes, stm32l0xx_hal.o(.text.HAL_GetTick))
<BR><BR>[Called By]<UL><LI><a href="#[7e]">&gt;&gt;</a>&nbsp;&nbsp;&nbsp;I2C_WaitOnSTOPFlagUntilTimeout
<LI><a href="#[7d]">&gt;&gt;</a>&nbsp;&nbsp;&nbsp;I2C_WaitOnFlagUntilTimeout
<LI><a href="#[7b]">&gt;&gt;</a>&nbsp;&nbsp;&nbsp;I2C_WaitOnTXISFlagUntilTimeout
<LI><a href="#[7c]">&gt;&gt;</a>&nbsp;&nbsp;&nbsp;I2C_IsErrorOccurred
<LI><a href="#[88]">&gt;&gt;</a>&nbsp;&nbsp;&nbsp;HAL_RCCEx_PeriphCLKConfig
<LI><a href="#[89]">&gt;&gt;</a>&nbsp;&nbsp;&nbsp;HAL_RCC_ClockConfig
<LI><a href="#[8b]">&gt;&gt;</a>&nbsp;&nbsp;&nbsp;HAL_RCC_OscConfig
<LI><a href="#[7a]">&gt;&gt;</a>&nbsp;&nbsp;&nbsp;HAL_I2C_Mem_Read
<LI><a href="#[7f]">&gt;&gt;</a>&nbsp;&nbsp;&nbsp;HAL_I2C_Mem_Write
<LI><a href="#[74]">&gt;&gt;</a>&nbsp;&nbsp;&nbsp;HAL_Delay
<LI><a href="#[97]">&gt;&gt;</a>&nbsp;&nbsp;&nbsp;HAL_UART_Transmit
<LI><a href="#[bc]">&gt;&gt;</a>&nbsp;&nbsp;&nbsp;UART_WaitOnFlagUntilTimeout
<LI><a href="#[a7]">&gt;&gt;</a>&nbsp;&nbsp;&nbsp;UART_CheckIdleState
</UL>

<P><STRONG><a name="[c1]"></a>HAL_I2CEx_ConfigAnalogFilter</STRONG> (Thumb, 66 bytes, Stack size 16 bytes, stm32l0xx_hal_i2c_ex.o(.text.HAL_I2CEx_ConfigAnalogFilter))
<BR><BR>[Stack]<UL><LI>Max Depth = 16<LI>Call Chain = HAL_I2CEx_ConfigAnalogFilter
</UL>
<BR>[Called By]<UL><LI><a href="#[41]">&gt;&gt;</a>&nbsp;&nbsp;&nbsp;main
</UL>

<P><STRONG><a name="[c2]"></a>HAL_I2CEx_ConfigDigitalFilter</STRONG> (Thumb, 66 bytes, Stack size 16 bytes, stm32l0xx_hal_i2c_ex.o(.text.HAL_I2CEx_ConfigDigitalFilter))
<BR><BR>[Stack]<UL><LI>Max Depth = 16<LI>Call Chain = HAL_I2CEx_ConfigDigitalFilter
</UL>
<BR>[Called By]<UL><LI><a href="#[41]">&gt;&gt;</a>&nbsp;&nbsp;&nbsp;main
</UL>

<P><STRONG><a name="[c3]"></a>HAL_I2CEx_EnableFastModePlus</STRONG> (Thumb, 20 bytes, Stack size 0 bytes, stm32l0xx_hal_i2c_ex.o(.text.HAL_I2CEx_EnableFastModePlus))
<BR><BR>[Called By]<UL><LI><a href="#[41]">&gt;&gt;</a>&nbsp;&nbsp;&nbsp;main
</UL>

<P><STRONG><a name="[ae]"></a>HAL_I2C_AbortCpltCallback</STRONG> (Thumb, 2 bytes, Stack size 0 bytes, stm32l0xx_hal_i2c.o(.text.HAL_I2C_AbortCpltCallback))
<BR><BR>[Called By]<UL><LI><a href="#[2b]">&gt;&gt;</a>&nbsp;&nbsp;&nbsp;I2C_DMAAbort
<LI><a href="#[77]">&gt;&gt;</a>&nbsp;&nbsp;&nbsp;I2C_ITError
</UL>

<P><STRONG><a name="[b1]"></a>HAL_I2C_AddrCallback</STRONG> (Thumb, 2 bytes, Stack size 0 bytes, stm32l0xx_hal_i2c.o(.text.HAL_I2C_AddrCallback))
<BR><BR>[Called By]<UL><LI><a href="#[b0]">&gt;&gt;</a>&nbsp;&nbsp;&nbsp;I2C_ITAddrCplt
</UL>

<P><STRONG><a name="[76]"></a>HAL_I2C_ER_IRQHandler</STRONG> (Thumb, 130 bytes, Stack size 24 bytes, stm32l0xx_hal_i2c.o(.text.HAL_I2C_ER_IRQHandler))
<BR><BR>[Stack]<UL><LI>Max Depth = 56<LI>Call Chain = HAL_I2C_ER_IRQHandler &rArr; I2C_ITError &rArr; HAL_DMA_Abort_IT
</UL>
<BR>[Calls]<UL><LI><a href="#[77]">&gt;&gt;</a>&nbsp;&nbsp;&nbsp;I2C_ITError
</UL>
<BR>[Called By]<UL><LI><a href="#[1c]">&gt;&gt;</a>&nbsp;&nbsp;&nbsp;I2C1_IRQHandler
</UL>

<P><STRONG><a name="[ad]"></a>HAL_I2C_EV_IRQHandler</STRONG> (Thumb, 18 bytes, Stack size 8 bytes, stm32l0xx_hal_i2c.o(.text.HAL_I2C_EV_IRQHandler))
<BR><BR>[Stack]<UL><LI>Max Depth = 8<LI>Call Chain = HAL_I2C_EV_IRQHandler
</UL>
<BR>[Called By]<UL><LI><a href="#[1c]">&gt;&gt;</a>&nbsp;&nbsp;&nbsp;I2C1_IRQHandler
</UL>

<P><STRONG><a name="[af]"></a>HAL_I2C_ErrorCallback</STRONG> (Thumb, 2 bytes, Stack size 0 bytes, stm32l0xx_hal_i2c.o(.text.HAL_I2C_ErrorCallback))
<BR><BR>[Called By]<UL><LI><a href="#[2b]">&gt;&gt;</a>&nbsp;&nbsp;&nbsp;I2C_DMAAbort
<LI><a href="#[77]">&gt;&gt;</a>&nbsp;&nbsp;&nbsp;I2C_ITError
</UL>

<P><STRONG><a name="[78]"></a>HAL_I2C_Init</STRONG> (Thumb, 172 bytes, Stack size 24 bytes, stm32l0xx_hal_i2c.o(.text.HAL_I2C_Init))
<BR><BR>[Stack]<UL><LI>Max Depth = 124<LI>Call Chain = HAL_I2C_Init &rArr; HAL_I2C_MspInit &rArr; HAL_GPIO_Init
</UL>
<BR>[Calls]<UL><LI><a href="#[79]">&gt;&gt;</a>&nbsp;&nbsp;&nbsp;HAL_I2C_MspInit
</UL>
<BR>[Called By]<UL><LI><a href="#[41]">&gt;&gt;</a>&nbsp;&nbsp;&nbsp;main
</UL>

<P><STRONG><a name="[b4]"></a>HAL_I2C_ListenCpltCallback</STRONG> (Thumb, 2 bytes, Stack size 0 bytes, stm32l0xx_hal_i2c.o(.text.HAL_I2C_ListenCpltCallback))
<BR><BR>[Called By]<UL><LI><a href="#[b3]">&gt;&gt;</a>&nbsp;&nbsp;&nbsp;I2C_ITSlaveCplt
<LI><a href="#[2a]">&gt;&gt;</a>&nbsp;&nbsp;&nbsp;I2C_Slave_ISR_IT
</UL>

<P><STRONG><a name="[7a]"></a>HAL_I2C_Mem_Read</STRONG> (Thumb, 552 bytes, Stack size 56 bytes, stm32l0xx_hal_i2c.o(.text.HAL_I2C_Mem_Read))
<BR><BR>[Stack]<UL><LI>Max Depth = 136<LI>Call Chain = HAL_I2C_Mem_Read &rArr; I2C_WaitOnFlagUntilTimeout &rArr; I2C_IsErrorOccurred
</UL>
<BR>[Calls]<UL><LI><a href="#[75]">&gt;&gt;</a>&nbsp;&nbsp;&nbsp;HAL_GetTick
<LI><a href="#[7e]">&gt;&gt;</a>&nbsp;&nbsp;&nbsp;I2C_WaitOnSTOPFlagUntilTimeout
<LI><a href="#[7d]">&gt;&gt;</a>&nbsp;&nbsp;&nbsp;I2C_WaitOnFlagUntilTimeout
<LI><a href="#[7b]">&gt;&gt;</a>&nbsp;&nbsp;&nbsp;I2C_WaitOnTXISFlagUntilTimeout
<LI><a href="#[7c]">&gt;&gt;</a>&nbsp;&nbsp;&nbsp;I2C_IsErrorOccurred
</UL>
<BR>[Called By]<UL><LI><a href="#[41]">&gt;&gt;</a>&nbsp;&nbsp;&nbsp;main
<LI><a href="#[cc]">&gt;&gt;</a>&nbsp;&nbsp;&nbsp;statechart_mPU6050_Calibrate
<LI><a href="#[d0]">&gt;&gt;</a>&nbsp;&nbsp;&nbsp;statechart_mPU6050_Read_Accel
</UL>

<P><STRONG><a name="[7f]"></a>HAL_I2C_Mem_Write</STRONG> (Thumb, 540 bytes, Stack size 56 bytes, stm32l0xx_hal_i2c.o(.text.HAL_I2C_Mem_Write))
<BR><BR>[Stack]<UL><LI>Max Depth = 136<LI>Call Chain = HAL_I2C_Mem_Write &rArr; I2C_WaitOnFlagUntilTimeout &rArr; I2C_IsErrorOccurred
</UL>
<BR>[Calls]<UL><LI><a href="#[75]">&gt;&gt;</a>&nbsp;&nbsp;&nbsp;HAL_GetTick
<LI><a href="#[7e]">&gt;&gt;</a>&nbsp;&nbsp;&nbsp;I2C_WaitOnSTOPFlagUntilTimeout
<LI><a href="#[7d]">&gt;&gt;</a>&nbsp;&nbsp;&nbsp;I2C_WaitOnFlagUntilTimeout
<LI><a href="#[7b]">&gt;&gt;</a>&nbsp;&nbsp;&nbsp;I2C_WaitOnTXISFlagUntilTimeout
<LI><a href="#[7c]">&gt;&gt;</a>&nbsp;&nbsp;&nbsp;I2C_IsErrorOccurred
</UL>
<BR>[Called By]<UL><LI><a href="#[41]">&gt;&gt;</a>&nbsp;&nbsp;&nbsp;main
<LI><a href="#[d2]">&gt;&gt;</a>&nbsp;&nbsp;&nbsp;statechart_set_accel_range
<LI><a href="#[aa]">&gt;&gt;</a>&nbsp;&nbsp;&nbsp;HAL_UART_RxCpltCallback
</UL>

<P><STRONG><a name="[79]"></a>HAL_I2C_MspInit</STRONG> (Thumb, 104 bytes, Stack size 40 bytes, stm32l0xx_hal_msp.o(.text.HAL_I2C_MspInit))
<BR><BR>[Stack]<UL><LI>Max Depth = 100<LI>Call Chain = HAL_I2C_MspInit &rArr; HAL_GPIO_Init
</UL>
<BR>[Calls]<UL><LI><a href="#[82]">&gt;&gt;</a>&nbsp;&nbsp;&nbsp;HAL_NVIC_EnableIRQ
<LI><a href="#[81]">&gt;&gt;</a>&nbsp;&nbsp;&nbsp;HAL_NVIC_SetPriority
<LI><a href="#[80]">&gt;&gt;</a>&nbsp;&nbsp;&nbsp;HAL_GPIO_Init
</UL>
<BR>[Called By]<UL><LI><a href="#[78]">&gt;&gt;</a>&nbsp;&nbsp;&nbsp;HAL_I2C_Init
</UL>

<P><STRONG><a name="[b5]"></a>HAL_I2C_SlaveRxCpltCallback</STRONG> (Thumb, 2 bytes, Stack size 0 bytes, stm32l0xx_hal_i2c.o(.text.HAL_I2C_SlaveRxCpltCallback))
<BR><BR>[Called By]<UL><LI><a href="#[b7]">&gt;&gt;</a>&nbsp;&nbsp;&nbsp;I2C_ITSlaveSeqCplt
<LI><a href="#[b3]">&gt;&gt;</a>&nbsp;&nbsp;&nbsp;I2C_ITSlaveCplt
<LI><a href="#[2a]">&gt;&gt;</a>&nbsp;&nbsp;&nbsp;I2C_Slave_ISR_IT
</UL>

<P><STRONG><a name="[b6]"></a>HAL_I2C_SlaveTxCpltCallback</STRONG> (Thumb, 2 bytes, Stack size 0 bytes, stm32l0xx_hal_i2c.o(.text.HAL_I2C_SlaveTxCpltCallback))
<BR><BR>[Called By]<UL><LI><a href="#[b7]">&gt;&gt;</a>&nbsp;&nbsp;&nbsp;I2C_ITSlaveSeqCplt
<LI><a href="#[b3]">&gt;&gt;</a>&nbsp;&nbsp;&nbsp;I2C_ITSlaveCplt
<LI><a href="#[2a]">&gt;&gt;</a>&nbsp;&nbsp;&nbsp;I2C_Slave_ISR_IT
</UL>

<P><STRONG><a name="[bb]"></a>HAL_IncTick</STRONG> (Thumb, 16 bytes, Stack size 0 bytes, stm32l0xx_hal.o(.text.HAL_IncTick))
<BR><BR>[Called By]<UL><LI><a href="#[5]">&gt;&gt;</a>&nbsp;&nbsp;&nbsp;SysTick_Handler
</UL>

<P><STRONG><a name="[83]"></a>HAL_Init</STRONG> (Thumb, 36 bytes, Stack size 8 bytes, stm32l0xx_hal.o(.text.HAL_Init))
<BR><BR>[Stack]<UL><LI>Max Depth = 24<LI>Call Chain = HAL_Init &rArr; HAL_InitTick
</UL>
<BR>[Calls]<UL><LI><a href="#[84]">&gt;&gt;</a>&nbsp;&nbsp;&nbsp;HAL_InitTick
<LI><a href="#[85]">&gt;&gt;</a>&nbsp;&nbsp;&nbsp;HAL_MspInit
</UL>
<BR>[Called By]<UL><LI><a href="#[41]">&gt;&gt;</a>&nbsp;&nbsp;&nbsp;main
</UL>

<P><STRONG><a name="[84]"></a>HAL_InitTick</STRONG> (Thumb, 60 bytes, Stack size 16 bytes, stm32l0xx_hal.o(.text.HAL_InitTick))
<BR><BR>[Stack]<UL><LI>Max Depth = 16<LI>Call Chain = HAL_InitTick
</UL>
<BR>[Calls]<UL><LI><a href="#[87]">&gt;&gt;</a>&nbsp;&nbsp;&nbsp;HAL_SYSTICK_Config
<LI><a href="#[81]">&gt;&gt;</a>&nbsp;&nbsp;&nbsp;HAL_NVIC_SetPriority
<LI><a href="#[86]">&gt;&gt;</a>&nbsp;&nbsp;&nbsp;__aeabi_uidiv
</UL>
<BR>[Called By]<UL><LI><a href="#[89]">&gt;&gt;</a>&nbsp;&nbsp;&nbsp;HAL_RCC_ClockConfig
<LI><a href="#[8b]">&gt;&gt;</a>&nbsp;&nbsp;&nbsp;HAL_RCC_OscConfig
<LI><a href="#[83]">&gt;&gt;</a>&nbsp;&nbsp;&nbsp;HAL_Init
</UL>

<P><STRONG><a name="[85]"></a>HAL_MspInit</STRONG> (Thumb, 20 bytes, Stack size 0 bytes, stm32l0xx_hal_msp.o(.text.HAL_MspInit))
<BR><BR>[Called By]<UL><LI><a href="#[83]">&gt;&gt;</a>&nbsp;&nbsp;&nbsp;HAL_Init
</UL>

<P><STRONG><a name="[82]"></a>HAL_NVIC_EnableIRQ</STRONG> (Thumb, 20 bytes, Stack size 0 bytes, stm32l0xx_hal_cortex.o(.text.HAL_NVIC_EnableIRQ))
<BR><BR>[Called By]<UL><LI><a href="#[a4]">&gt;&gt;</a>&nbsp;&nbsp;&nbsp;HAL_UART_MspInit
<LI><a href="#[8d]">&gt;&gt;</a>&nbsp;&nbsp;&nbsp;HAL_TIM_Base_MspInit
<LI><a href="#[79]">&gt;&gt;</a>&nbsp;&nbsp;&nbsp;HAL_I2C_MspInit
</UL>

<P><STRONG><a name="[81]"></a>HAL_NVIC_SetPriority</STRONG> (Thumb, 48 bytes, Stack size 0 bytes, stm32l0xx_hal_cortex.o(.text.HAL_NVIC_SetPriority))
<BR><BR>[Called By]<UL><LI><a href="#[84]">&gt;&gt;</a>&nbsp;&nbsp;&nbsp;HAL_InitTick
<LI><a href="#[a4]">&gt;&gt;</a>&nbsp;&nbsp;&nbsp;HAL_UART_MspInit
<LI><a href="#[8d]">&gt;&gt;</a>&nbsp;&nbsp;&nbsp;HAL_TIM_Base_MspInit
<LI><a href="#[79]">&gt;&gt;</a>&nbsp;&nbsp;&nbsp;HAL_I2C_MspInit
</UL>

<P><STRONG><a name="[88]"></a>HAL_RCCEx_PeriphCLKConfig</STRONG> (Thumb, 560 bytes, Stack size 56 bytes, stm32l0xx_hal_rcc_ex.o(.text.HAL_RCCEx_PeriphCLKConfig))
<BR><BR>[Stack]<UL><LI>Max Depth = 56<LI>Call Chain = HAL_RCCEx_PeriphCLKConfig
</UL>
<BR>[Calls]<UL><LI><a href="#[75]">&gt;&gt;</a>&nbsp;&nbsp;&nbsp;HAL_GetTick
</UL>
<BR>[Called By]<UL><LI><a href="#[41]">&gt;&gt;</a>&nbsp;&nbsp;&nbsp;main
</UL>

<P><STRONG><a name="[89]"></a>HAL_RCC_ClockConfig</STRONG> (Thumb, 504 bytes, Stack size 32 bytes, stm32l0xx_hal_rcc.o(.text.HAL_RCC_ClockConfig))
<BR><BR>[Stack]<UL><LI>Max Depth = 48<LI>Call Chain = HAL_RCC_ClockConfig &rArr; HAL_InitTick
</UL>
<BR>[Calls]<UL><LI><a href="#[84]">&gt;&gt;</a>&nbsp;&nbsp;&nbsp;HAL_InitTick
<LI><a href="#[75]">&gt;&gt;</a>&nbsp;&nbsp;&nbsp;HAL_GetTick
<LI><a href="#[86]">&gt;&gt;</a>&nbsp;&nbsp;&nbsp;__aeabi_uidiv
</UL>
<BR>[Called By]<UL><LI><a href="#[41]">&gt;&gt;</a>&nbsp;&nbsp;&nbsp;main
</UL>

<P><STRONG><a name="[bd]"></a>HAL_RCC_GetPCLK1Freq</STRONG> (Thumb, 20 bytes, Stack size 0 bytes, stm32l0xx_hal_rcc.o(.text.HAL_RCC_GetPCLK1Freq))
<BR><BR>[Called By]<UL><LI><a href="#[a6]">&gt;&gt;</a>&nbsp;&nbsp;&nbsp;UART_SetConfig
</UL>

<P><STRONG><a name="[be]"></a>HAL_RCC_GetPCLK2Freq</STRONG> (Thumb, 20 bytes, Stack size 0 bytes, stm32l0xx_hal_rcc.o(.text.HAL_RCC_GetPCLK2Freq))
<BR><BR>[Called By]<UL><LI><a href="#[a6]">&gt;&gt;</a>&nbsp;&nbsp;&nbsp;UART_SetConfig
</UL>

<P><STRONG><a name="[8a]"></a>HAL_RCC_GetSysClockFreq</STRONG> (Thumb, 104 bytes, Stack size 8 bytes, stm32l0xx_hal_rcc.o(.text.HAL_RCC_GetSysClockFreq))
<BR><BR>[Stack]<UL><LI>Max Depth = 8<LI>Call Chain = HAL_RCC_GetSysClockFreq
</UL>
<BR>[Calls]<UL><LI><a href="#[86]">&gt;&gt;</a>&nbsp;&nbsp;&nbsp;__aeabi_uidiv
</UL>
<BR>[Called By]<UL><LI><a href="#[a6]">&gt;&gt;</a>&nbsp;&nbsp;&nbsp;UART_SetConfig
</UL>

<P><STRONG><a name="[8b]"></a>HAL_RCC_OscConfig</STRONG> (Thumb, 1380 bytes, Stack size 56 bytes, stm32l0xx_hal_rcc.o(.text.HAL_RCC_OscConfig))
<BR><BR>[Stack]<UL><LI>Max Depth = 72<LI>Call Chain = HAL_RCC_OscConfig &rArr; HAL_InitTick
</UL>
<BR>[Calls]<UL><LI><a href="#[84]">&gt;&gt;</a>&nbsp;&nbsp;&nbsp;HAL_InitTick
<LI><a href="#[75]">&gt;&gt;</a>&nbsp;&nbsp;&nbsp;HAL_GetTick
<LI><a href="#[86]">&gt;&gt;</a>&nbsp;&nbsp;&nbsp;__aeabi_uidiv
</UL>
<BR>[Called By]<UL><LI><a href="#[41]">&gt;&gt;</a>&nbsp;&nbsp;&nbsp;main
</UL>

<P><STRONG><a name="[87]"></a>HAL_SYSTICK_Config</STRONG> (Thumb, 40 bytes, Stack size 0 bytes, stm32l0xx_hal_cortex.o(.text.HAL_SYSTICK_Config))
<BR><BR>[Called By]<UL><LI><a href="#[84]">&gt;&gt;</a>&nbsp;&nbsp;&nbsp;HAL_InitTick
</UL>

<P><STRONG><a name="[c4]"></a>HAL_TIMEx_MasterConfigSynchronization</STRONG> (Thumb, 92 bytes, Stack size 8 bytes, stm32l0xx_hal_tim_ex.o(.text.HAL_TIMEx_MasterConfigSynchronization))
<BR><BR>[Stack]<UL><LI>Max Depth = 8<LI>Call Chain = HAL_TIMEx_MasterConfigSynchronization
</UL>
<BR>[Called By]<UL><LI><a href="#[41]">&gt;&gt;</a>&nbsp;&nbsp;&nbsp;main
</UL>

<P><STRONG><a name="[8c]"></a>HAL_TIM_Base_Init</STRONG> (Thumb, 180 bytes, Stack size 16 bytes, stm32l0xx_hal_tim.o(.text.HAL_TIM_Base_Init))
<BR><BR>[Stack]<UL><LI>Max Depth = 24<LI>Call Chain = HAL_TIM_Base_Init &rArr; HAL_TIM_Base_MspInit
</UL>
<BR>[Calls]<UL><LI><a href="#[8d]">&gt;&gt;</a>&nbsp;&nbsp;&nbsp;HAL_TIM_Base_MspInit
</UL>
<BR>[Called By]<UL><LI><a href="#[41]">&gt;&gt;</a>&nbsp;&nbsp;&nbsp;main
</UL>

<P><STRONG><a name="[8d]"></a>HAL_TIM_Base_MspInit</STRONG> (Thumb, 44 bytes, Stack size 8 bytes, stm32l0xx_hal_msp.o(.text.HAL_TIM_Base_MspInit))
<BR><BR>[Stack]<UL><LI>Max Depth = 8<LI>Call Chain = HAL_TIM_Base_MspInit
</UL>
<BR>[Calls]<UL><LI><a href="#[82]">&gt;&gt;</a>&nbsp;&nbsp;&nbsp;HAL_NVIC_EnableIRQ
<LI><a href="#[81]">&gt;&gt;</a>&nbsp;&nbsp;&nbsp;HAL_NVIC_SetPriority
</UL>
<BR>[Called By]<UL><LI><a href="#[8c]">&gt;&gt;</a>&nbsp;&nbsp;&nbsp;HAL_TIM_Base_Init
</UL>

<P><STRONG><a name="[c5]"></a>HAL_TIM_Base_Start_IT</STRONG> (Thumb, 84 bytes, Stack size 0 bytes, stm32l0xx_hal_tim.o(.text.HAL_TIM_Base_Start_IT))
<BR><BR>[Called By]<UL><LI><a href="#[41]">&gt;&gt;</a>&nbsp;&nbsp;&nbsp;main
</UL>

<P><STRONG><a name="[8f]"></a>HAL_TIM_IC_CaptureCallback</STRONG> (Thumb, 2 bytes, Stack size 0 bytes, stm32l0xx_hal_tim.o(.text.HAL_TIM_IC_CaptureCallback))
<BR><BR>[Called By]<UL><LI><a href="#[8e]">&gt;&gt;</a>&nbsp;&nbsp;&nbsp;HAL_TIM_IRQHandler
</UL>

<P><STRONG><a name="[8e]"></a>HAL_TIM_IRQHandler</STRONG> (Thumb, 370 bytes, Stack size 40 bytes, stm32l0xx_hal_tim.o(.text.HAL_TIM_IRQHandler))
<BR><BR>[Stack]<UL><LI>Max Depth = 496 + Unknown Stack Size
<LI>Call Chain = HAL_TIM_IRQHandler &rArr; HAL_TIM_PeriodElapsedCallback &rArr; statechart_raise_timer &rArr; run_cycle &rArr; micro_step &rArr; statechart_send_Uart &rArr; __2sprintf &rArr; _printf_char_common &rArr; __printf
</UL>
<BR>[Calls]<UL><LI><a href="#[92]">&gt;&gt;</a>&nbsp;&nbsp;&nbsp;HAL_TIM_PeriodElapsedCallback
<LI><a href="#[93]">&gt;&gt;</a>&nbsp;&nbsp;&nbsp;HAL_TIM_TriggerCallback
<LI><a href="#[90]">&gt;&gt;</a>&nbsp;&nbsp;&nbsp;HAL_TIM_OC_DelayElapsedCallback
<LI><a href="#[8f]">&gt;&gt;</a>&nbsp;&nbsp;&nbsp;HAL_TIM_IC_CaptureCallback
<LI><a href="#[91]">&gt;&gt;</a>&nbsp;&nbsp;&nbsp;HAL_TIM_PWM_PulseFinishedCallback
</UL>
<BR>[Called By]<UL><LI><a href="#[17]">&gt;&gt;</a>&nbsp;&nbsp;&nbsp;TIM6_DAC_IRQHandler
</UL>

<P><STRONG><a name="[90]"></a>HAL_TIM_OC_DelayElapsedCallback</STRONG> (Thumb, 2 bytes, Stack size 0 bytes, stm32l0xx_hal_tim.o(.text.HAL_TIM_OC_DelayElapsedCallback))
<BR><BR>[Called By]<UL><LI><a href="#[8e]">&gt;&gt;</a>&nbsp;&nbsp;&nbsp;HAL_TIM_IRQHandler
</UL>

<P><STRONG><a name="[91]"></a>HAL_TIM_PWM_PulseFinishedCallback</STRONG> (Thumb, 2 bytes, Stack size 0 bytes, stm32l0xx_hal_tim.o(.text.HAL_TIM_PWM_PulseFinishedCallback))
<BR><BR>[Called By]<UL><LI><a href="#[8e]">&gt;&gt;</a>&nbsp;&nbsp;&nbsp;HAL_TIM_IRQHandler
</UL>

<P><STRONG><a name="[92]"></a>HAL_TIM_PeriodElapsedCallback</STRONG> (Thumb, 204 bytes, Stack size 144 bytes, main.o(.text.HAL_TIM_PeriodElapsedCallback))
<BR><BR>[Stack]<UL><LI>Max Depth = 456 + Unknown Stack Size
<LI>Call Chain = HAL_TIM_PeriodElapsedCallback &rArr; statechart_raise_timer &rArr; run_cycle &rArr; micro_step &rArr; statechart_send_Uart &rArr; __2sprintf &rArr; _printf_char_common &rArr; __printf
</UL>
<BR>[Calls]<UL><LI><a href="#[97]">&gt;&gt;</a>&nbsp;&nbsp;&nbsp;HAL_UART_Transmit
<LI><a href="#[94]">&gt;&gt;</a>&nbsp;&nbsp;&nbsp;statechart_raise_timer
<LI><a href="#[47]">&gt;&gt;</a>&nbsp;&nbsp;&nbsp;__2sprintf
<LI><a href="#[9b]">&gt;&gt;</a>&nbsp;&nbsp;&nbsp;sqrtf
<LI><a href="#[98]">&gt;&gt;</a>&nbsp;&nbsp;&nbsp;__aeabi_fmul
<LI><a href="#[56]">&gt;&gt;</a>&nbsp;&nbsp;&nbsp;__aeabi_i2f
<LI><a href="#[9a]">&gt;&gt;</a>&nbsp;&nbsp;&nbsp;__aeabi_fdiv
<LI><a href="#[99]">&gt;&gt;</a>&nbsp;&nbsp;&nbsp;__aeabi_fadd
<LI><a href="#[95]">&gt;&gt;</a>&nbsp;&nbsp;&nbsp;__aeabi_f2d
<LI><a href="#[96]">&gt;&gt;</a>&nbsp;&nbsp;&nbsp;strlen
</UL>
<BR>[Called By]<UL><LI><a href="#[8e]">&gt;&gt;</a>&nbsp;&nbsp;&nbsp;HAL_TIM_IRQHandler
</UL>

<P><STRONG><a name="[93]"></a>HAL_TIM_TriggerCallback</STRONG> (Thumb, 2 bytes, Stack size 0 bytes, stm32l0xx_hal_tim.o(.text.HAL_TIM_TriggerCallback))
<BR><BR>[Called By]<UL><LI><a href="#[8e]">&gt;&gt;</a>&nbsp;&nbsp;&nbsp;HAL_TIM_IRQHandler
</UL>

<P><STRONG><a name="[9e]"></a>HAL_UARTEx_RxEventCallback</STRONG> (Thumb, 2 bytes, Stack size 0 bytes, stm32l0xx_hal_uart.o(.text.HAL_UARTEx_RxEventCallback))
<BR><BR>[Called By]<UL><LI><a href="#[9c]">&gt;&gt;</a>&nbsp;&nbsp;&nbsp;HAL_UART_IRQHandler
<LI><a href="#[2d]">&gt;&gt;</a>&nbsp;&nbsp;&nbsp;UART_RxISR_16BIT
<LI><a href="#[2c]">&gt;&gt;</a>&nbsp;&nbsp;&nbsp;UART_RxISR_8BIT
</UL>

<P><STRONG><a name="[9f]"></a>HAL_UARTEx_WakeupCallback</STRONG> (Thumb, 2 bytes, Stack size 0 bytes, stm32l0xx_hal_uart_ex.o(.text.HAL_UARTEx_WakeupCallback))
<BR><BR>[Called By]<UL><LI><a href="#[9c]">&gt;&gt;</a>&nbsp;&nbsp;&nbsp;HAL_UART_IRQHandler
</UL>

<P><STRONG><a name="[a1]"></a>HAL_UART_ErrorCallback</STRONG> (Thumb, 2 bytes, Stack size 0 bytes, stm32l0xx_hal_uart.o(.text.HAL_UART_ErrorCallback))
<BR><BR>[Called By]<UL><LI><a href="#[9c]">&gt;&gt;</a>&nbsp;&nbsp;&nbsp;HAL_UART_IRQHandler
<LI><a href="#[29]">&gt;&gt;</a>&nbsp;&nbsp;&nbsp;UART_DMAAbortOnError
</UL>

<P><STRONG><a name="[9c]"></a>HAL_UART_IRQHandler</STRONG> (Thumb, 996 bytes, Stack size 48 bytes, stm32l0xx_hal_uart.o(.text.HAL_UART_IRQHandler))
<BR><BR>[Stack]<UL><LI>Max Depth = 64<LI>Call Chain = HAL_UART_IRQHandler &rArr; HAL_DMA_Abort_IT
</UL>
<BR>[Calls]<UL><LI><a href="#[a2]">&gt;&gt;</a>&nbsp;&nbsp;&nbsp;HAL_DMA_Abort_IT
<LI><a href="#[9f]">&gt;&gt;</a>&nbsp;&nbsp;&nbsp;HAL_UARTEx_WakeupCallback
<LI><a href="#[9e]">&gt;&gt;</a>&nbsp;&nbsp;&nbsp;HAL_UARTEx_RxEventCallback
<LI><a href="#[a1]">&gt;&gt;</a>&nbsp;&nbsp;&nbsp;HAL_UART_ErrorCallback
<LI><a href="#[9d]">&gt;&gt;</a>&nbsp;&nbsp;&nbsp;HAL_UART_TxCpltCallback
<LI><a href="#[a0]">&gt;&gt;</a>&nbsp;&nbsp;&nbsp;HAL_DMA_Abort
</UL>
<BR>[Called By]<UL><LI><a href="#[20]">&gt;&gt;</a>&nbsp;&nbsp;&nbsp;USART1_IRQHandler
</UL>

<P><STRONG><a name="[a3]"></a>HAL_UART_Init</STRONG> (Thumb, 110 bytes, Stack size 16 bytes, stm32l0xx_hal_uart.o(.text.HAL_UART_Init))
<BR><BR>[Stack]<UL><LI>Max Depth = 116<LI>Call Chain = HAL_UART_Init &rArr; HAL_UART_MspInit &rArr; HAL_GPIO_Init
</UL>
<BR>[Calls]<UL><LI><a href="#[a4]">&gt;&gt;</a>&nbsp;&nbsp;&nbsp;HAL_UART_MspInit
<LI><a href="#[a7]">&gt;&gt;</a>&nbsp;&nbsp;&nbsp;UART_CheckIdleState
<LI><a href="#[a6]">&gt;&gt;</a>&nbsp;&nbsp;&nbsp;UART_SetConfig
<LI><a href="#[a5]">&gt;&gt;</a>&nbsp;&nbsp;&nbsp;UART_AdvFeatureConfig
</UL>
<BR>[Called By]<UL><LI><a href="#[41]">&gt;&gt;</a>&nbsp;&nbsp;&nbsp;main
</UL>

<P><STRONG><a name="[a4]"></a>HAL_UART_MspInit</STRONG> (Thumb, 104 bytes, Stack size 40 bytes, stm32l0xx_hal_msp.o(.text.HAL_UART_MspInit))
<BR><BR>[Stack]<UL><LI>Max Depth = 100<LI>Call Chain = HAL_UART_MspInit &rArr; HAL_GPIO_Init
</UL>
<BR>[Calls]<UL><LI><a href="#[82]">&gt;&gt;</a>&nbsp;&nbsp;&nbsp;HAL_NVIC_EnableIRQ
<LI><a href="#[81]">&gt;&gt;</a>&nbsp;&nbsp;&nbsp;HAL_NVIC_SetPriority
<LI><a href="#[80]">&gt;&gt;</a>&nbsp;&nbsp;&nbsp;HAL_GPIO_Init
</UL>
<BR>[Called By]<UL><LI><a href="#[a3]">&gt;&gt;</a>&nbsp;&nbsp;&nbsp;HAL_UART_Init
</UL>

<P><STRONG><a name="[a8]"></a>HAL_UART_Receive_IT</STRONG> (Thumb, 108 bytes, Stack size 24 bytes, stm32l0xx_hal_uart.o(.text.HAL_UART_Receive_IT))
<BR><BR>[Stack]<UL><LI>Max Depth = 40<LI>Call Chain = HAL_UART_Receive_IT &rArr; UART_Start_Receive_IT
</UL>
<BR>[Calls]<UL><LI><a href="#[a9]">&gt;&gt;</a>&nbsp;&nbsp;&nbsp;UART_Start_Receive_IT
</UL>
<BR>[Called By]<UL><LI><a href="#[41]">&gt;&gt;</a>&nbsp;&nbsp;&nbsp;main
<LI><a href="#[aa]">&gt;&gt;</a>&nbsp;&nbsp;&nbsp;HAL_UART_RxCpltCallback
</UL>

<P><STRONG><a name="[aa]"></a>HAL_UART_RxCpltCallback</STRONG> (Thumb, 164 bytes, Stack size 24 bytes, main.o(.text.HAL_UART_RxCpltCallback))
<BR><BR>[Stack]<UL><LI>Max Depth = 336 + Unknown Stack Size
<LI>Call Chain = HAL_UART_RxCpltCallback &rArr; statechart_raise_send &rArr; run_cycle &rArr; micro_step &rArr; statechart_send_Uart &rArr; __2sprintf &rArr; _printf_char_common &rArr; __printf
</UL>
<BR>[Calls]<UL><LI><a href="#[a8]">&gt;&gt;</a>&nbsp;&nbsp;&nbsp;HAL_UART_Receive_IT
<LI><a href="#[ab]">&gt;&gt;</a>&nbsp;&nbsp;&nbsp;statechart_raise_send
<LI><a href="#[ac]">&gt;&gt;</a>&nbsp;&nbsp;&nbsp;statechart_display_LCD
<LI><a href="#[7f]">&gt;&gt;</a>&nbsp;&nbsp;&nbsp;HAL_I2C_Mem_Write
</UL>
<BR>[Called By]<UL><LI><a href="#[2d]">&gt;&gt;</a>&nbsp;&nbsp;&nbsp;UART_RxISR_16BIT
<LI><a href="#[2c]">&gt;&gt;</a>&nbsp;&nbsp;&nbsp;UART_RxISR_8BIT
</UL>

<P><STRONG><a name="[97]"></a>HAL_UART_Transmit</STRONG> (Thumb, 392 bytes, Stack size 40 bytes, stm32l0xx_hal_uart.o(.text.HAL_UART_Transmit))
<BR><BR>[Stack]<UL><LI>Max Depth = 40<LI>Call Chain = HAL_UART_Transmit
</UL>
<BR>[Calls]<UL><LI><a href="#[75]">&gt;&gt;</a>&nbsp;&nbsp;&nbsp;HAL_GetTick
</UL>
<BR>[Called By]<UL><LI><a href="#[d1]">&gt;&gt;</a>&nbsp;&nbsp;&nbsp;statechart_send_Uart
<LI><a href="#[92]">&gt;&gt;</a>&nbsp;&nbsp;&nbsp;HAL_TIM_PeriodElapsedCallback
</UL>

<P><STRONG><a name="[9d]"></a>HAL_UART_TxCpltCallback</STRONG> (Thumb, 2 bytes, Stack size 0 bytes, stm32l0xx_hal_uart.o(.text.HAL_UART_TxCpltCallback))
<BR><BR>[Called By]<UL><LI><a href="#[9c]">&gt;&gt;</a>&nbsp;&nbsp;&nbsp;HAL_UART_IRQHandler
</UL>

<P><STRONG><a name="[2]"></a>HardFault_Handler</STRONG> (Thumb, 2 bytes, Stack size 0 bytes, stm32l0xx_it.o(.text.HardFault_Handler))
<BR><BR>[Calls]<UL><LI><a href="#[2]">&gt;&gt;</a>&nbsp;&nbsp;&nbsp;HardFault_Handler
</UL>
<BR>[Called By]<UL><LI><a href="#[2]">&gt;&gt;</a>&nbsp;&nbsp;&nbsp;HardFault_Handler
</UL>
<BR>[Address Reference Count : 1]<UL><LI> startup_stm32l073xx.o(RESET)
</UL>
<P><STRONG><a name="[1c]"></a>I2C1_IRQHandler</STRONG> (Thumb, 32 bytes, Stack size 8 bytes, stm32l0xx_it.o(.text.I2C1_IRQHandler))
<BR><BR>[Stack]<UL><LI>Max Depth = 64<LI>Call Chain = I2C1_IRQHandler &rArr; HAL_I2C_ER_IRQHandler &rArr; I2C_ITError &rArr; HAL_DMA_Abort_IT
</UL>
<BR>[Calls]<UL><LI><a href="#[ad]">&gt;&gt;</a>&nbsp;&nbsp;&nbsp;HAL_I2C_EV_IRQHandler
<LI><a href="#[76]">&gt;&gt;</a>&nbsp;&nbsp;&nbsp;HAL_I2C_ER_IRQHandler
</UL>
<BR>[Address Reference Count : 1]<UL><LI> startup_stm32l073xx.o(RESET)
</UL>
<P><STRONG><a name="[b8]"></a>LCD_SendCommand</STRONG> (Thumb, 226 bytes, Stack size 40 bytes, main.o(.text.LCD_SendCommand))
<BR><BR>[Stack]<UL><LI>Max Depth = 56<LI>Call Chain = LCD_SendCommand &rArr; HAL_Delay
</UL>
<BR>[Calls]<UL><LI><a href="#[74]">&gt;&gt;</a>&nbsp;&nbsp;&nbsp;HAL_Delay
<LI><a href="#[b9]">&gt;&gt;</a>&nbsp;&nbsp;&nbsp;HAL_GPIO_WritePin
</UL>
<BR>[Called By]<UL><LI><a href="#[41]">&gt;&gt;</a>&nbsp;&nbsp;&nbsp;main
<LI><a href="#[ac]">&gt;&gt;</a>&nbsp;&nbsp;&nbsp;statechart_display_LCD
<LI><a href="#[c6]">&gt;&gt;</a>&nbsp;&nbsp;&nbsp;statechart_lCD_Init
</UL>

<P><STRONG><a name="[ba]"></a>LCD_SendData</STRONG> (Thumb, 212 bytes, Stack size 40 bytes, main.o(.text.LCD_SendData))
<BR><BR>[Stack]<UL><LI>Max Depth = 56<LI>Call Chain = LCD_SendData &rArr; HAL_Delay
</UL>
<BR>[Calls]<UL><LI><a href="#[74]">&gt;&gt;</a>&nbsp;&nbsp;&nbsp;HAL_Delay
<LI><a href="#[b9]">&gt;&gt;</a>&nbsp;&nbsp;&nbsp;HAL_GPIO_WritePin
</UL>
<BR>[Called By]<UL><LI><a href="#[41]">&gt;&gt;</a>&nbsp;&nbsp;&nbsp;main
<LI><a href="#[ac]">&gt;&gt;</a>&nbsp;&nbsp;&nbsp;statechart_display_LCD
</UL>

<P><STRONG><a name="[1]"></a>NMI_Handler</STRONG> (Thumb, 2 bytes, Stack size 0 bytes, stm32l0xx_it.o(.text.NMI_Handler))
<BR><BR>[Calls]<UL><LI><a href="#[1]">&gt;&gt;</a>&nbsp;&nbsp;&nbsp;NMI_Handler
</UL>
<BR>[Called By]<UL><LI><a href="#[1]">&gt;&gt;</a>&nbsp;&nbsp;&nbsp;NMI_Handler
</UL>
<BR>[Address Reference Count : 1]<UL><LI> startup_stm32l073xx.o(RESET)
</UL>
<P><STRONG><a name="[4]"></a>PendSV_Handler</STRONG> (Thumb, 2 bytes, Stack size 0 bytes, stm32l0xx_it.o(.text.PendSV_Handler))
<BR>[Address Reference Count : 1]<UL><LI> startup_stm32l073xx.o(RESET)
</UL>
<P><STRONG><a name="[3]"></a>SVC_Handler</STRONG> (Thumb, 2 bytes, Stack size 0 bytes, stm32l0xx_it.o(.text.SVC_Handler))
<BR>[Address Reference Count : 1]<UL><LI> startup_stm32l073xx.o(RESET)
</UL>
<P><STRONG><a name="[5]"></a>SysTick_Handler</STRONG> (Thumb, 8 bytes, Stack size 8 bytes, stm32l0xx_it.o(.text.SysTick_Handler))
<BR><BR>[Stack]<UL><LI>Max Depth = 8<LI>Call Chain = SysTick_Handler
</UL>
<BR>[Calls]<UL><LI><a href="#[bb]">&gt;&gt;</a>&nbsp;&nbsp;&nbsp;HAL_IncTick
</UL>
<BR>[Address Reference Count : 1]<UL><LI> startup_stm32l073xx.o(RESET)
</UL>
<P><STRONG><a name="[25]"></a>SystemInit</STRONG> (Thumb, 2 bytes, Stack size 0 bytes, system_stm32l0xx.o(.text.SystemInit))
<BR>[Address Reference Count : 1]<UL><LI> startup_stm32l073xx.o(.text)
</UL>
<P><STRONG><a name="[17]"></a>TIM6_DAC_IRQHandler</STRONG> (Thumb, 12 bytes, Stack size 8 bytes, stm32l0xx_it.o(.text.TIM6_DAC_IRQHandler))
<BR><BR>[Stack]<UL><LI>Max Depth = 504 + Unknown Stack Size
<LI>Call Chain = TIM6_DAC_IRQHandler &rArr; HAL_TIM_IRQHandler &rArr; HAL_TIM_PeriodElapsedCallback &rArr; statechart_raise_timer &rArr; run_cycle &rArr; micro_step &rArr; statechart_send_Uart &rArr; __2sprintf &rArr; _printf_char_common &rArr; __printf
</UL>
<BR>[Calls]<UL><LI><a href="#[8e]">&gt;&gt;</a>&nbsp;&nbsp;&nbsp;HAL_TIM_IRQHandler
</UL>
<BR>[Address Reference Count : 1]<UL><LI> startup_stm32l073xx.o(RESET)
</UL>
<P><STRONG><a name="[a5]"></a>UART_AdvFeatureConfig</STRONG> (Thumb, 210 bytes, Stack size 16 bytes, stm32l0xx_hal_uart.o(.text.UART_AdvFeatureConfig))
<BR><BR>[Stack]<UL><LI>Max Depth = 16<LI>Call Chain = UART_AdvFeatureConfig
</UL>
<BR>[Called By]<UL><LI><a href="#[a3]">&gt;&gt;</a>&nbsp;&nbsp;&nbsp;HAL_UART_Init
</UL>

<P><STRONG><a name="[a7]"></a>UART_CheckIdleState</STRONG> (Thumb, 204 bytes, Stack size 32 bytes, stm32l0xx_hal_uart.o(.text.UART_CheckIdleState))
<BR><BR>[Stack]<UL><LI>Max Depth = 72<LI>Call Chain = UART_CheckIdleState &rArr; UART_WaitOnFlagUntilTimeout
</UL>
<BR>[Calls]<UL><LI><a href="#[75]">&gt;&gt;</a>&nbsp;&nbsp;&nbsp;HAL_GetTick
<LI><a href="#[bc]">&gt;&gt;</a>&nbsp;&nbsp;&nbsp;UART_WaitOnFlagUntilTimeout
</UL>
<BR>[Called By]<UL><LI><a href="#[a3]">&gt;&gt;</a>&nbsp;&nbsp;&nbsp;HAL_UART_Init
</UL>

<P><STRONG><a name="[a6]"></a>UART_SetConfig</STRONG> (Thumb, 484 bytes, Stack size 24 bytes, stm32l0xx_hal_uart.o(.text.UART_SetConfig))
<BR><BR>[Stack]<UL><LI>Max Depth = 56<LI>Call Chain = UART_SetConfig &rArr; __aeabi_uldivmod
</UL>
<BR>[Calls]<UL><LI><a href="#[be]">&gt;&gt;</a>&nbsp;&nbsp;&nbsp;HAL_RCC_GetPCLK2Freq
<LI><a href="#[bd]">&gt;&gt;</a>&nbsp;&nbsp;&nbsp;HAL_RCC_GetPCLK1Freq
<LI><a href="#[8a]">&gt;&gt;</a>&nbsp;&nbsp;&nbsp;HAL_RCC_GetSysClockFreq
<LI><a href="#[bf]">&gt;&gt;</a>&nbsp;&nbsp;&nbsp;__aeabi_uldivmod
<LI><a href="#[86]">&gt;&gt;</a>&nbsp;&nbsp;&nbsp;__aeabi_uidiv
</UL>
<BR>[Called By]<UL><LI><a href="#[a3]">&gt;&gt;</a>&nbsp;&nbsp;&nbsp;HAL_UART_Init
</UL>

<P><STRONG><a name="[a9]"></a>UART_Start_Receive_IT</STRONG> (Thumb, 200 bytes, Stack size 16 bytes, stm32l0xx_hal_uart.o(.text.UART_Start_Receive_IT))
<BR><BR>[Stack]<UL><LI>Max Depth = 16<LI>Call Chain = UART_Start_Receive_IT
</UL>
<BR>[Called By]<UL><LI><a href="#[a8]">&gt;&gt;</a>&nbsp;&nbsp;&nbsp;HAL_UART_Receive_IT
</UL>

<P><STRONG><a name="[bc]"></a>UART_WaitOnFlagUntilTimeout</STRONG> (Thumb, 444 bytes, Stack size 40 bytes, stm32l0xx_hal_uart.o(.text.UART_WaitOnFlagUntilTimeout))
<BR><BR>[Stack]<UL><LI>Max Depth = 40<LI>Call Chain = UART_WaitOnFlagUntilTimeout
</UL>
<BR>[Calls]<UL><LI><a href="#[75]">&gt;&gt;</a>&nbsp;&nbsp;&nbsp;HAL_GetTick
</UL>
<BR>[Called By]<UL><LI><a href="#[a7]">&gt;&gt;</a>&nbsp;&nbsp;&nbsp;UART_CheckIdleState
</UL>

<P><STRONG><a name="[20]"></a>USART1_IRQHandler</STRONG> (Thumb, 12 bytes, Stack size 8 bytes, stm32l0xx_it.o(.text.USART1_IRQHandler))
<BR><BR>[Stack]<UL><LI>Max Depth = 72<LI>Call Chain = USART1_IRQHandler &rArr; HAL_UART_IRQHandler &rArr; HAL_DMA_Abort_IT
</UL>
<BR>[Calls]<UL><LI><a href="#[9c]">&gt;&gt;</a>&nbsp;&nbsp;&nbsp;HAL_UART_IRQHandler
</UL>
<BR>[Address Reference Count : 1]<UL><LI> startup_stm32l073xx.o(RESET)
</UL>
<P><STRONG><a name="[41]"></a>main</STRONG> (Thumb, 1396 bytes, Stack size 168 bytes, main.o(.text.main))
<BR><BR>[Stack]<UL><LI>Max Depth = 352 + Unknown Stack Size
<LI>Call Chain = main &rArr; statechart_display_LCD &rArr; __2sprintf &rArr; _printf_char_common &rArr; __printf
</UL>
<BR>[Calls]<UL><LI><a href="#[c5]">&gt;&gt;</a>&nbsp;&nbsp;&nbsp;HAL_TIM_Base_Start_IT
<LI><a href="#[c4]">&gt;&gt;</a>&nbsp;&nbsp;&nbsp;HAL_TIMEx_MasterConfigSynchronization
<LI><a href="#[8c]">&gt;&gt;</a>&nbsp;&nbsp;&nbsp;HAL_TIM_Base_Init
<LI><a href="#[c3]">&gt;&gt;</a>&nbsp;&nbsp;&nbsp;HAL_I2CEx_EnableFastModePlus
<LI><a href="#[c2]">&gt;&gt;</a>&nbsp;&nbsp;&nbsp;HAL_I2CEx_ConfigDigitalFilter
<LI><a href="#[c1]">&gt;&gt;</a>&nbsp;&nbsp;&nbsp;HAL_I2CEx_ConfigAnalogFilter
<LI><a href="#[78]">&gt;&gt;</a>&nbsp;&nbsp;&nbsp;HAL_I2C_Init
<LI><a href="#[a3]">&gt;&gt;</a>&nbsp;&nbsp;&nbsp;HAL_UART_Init
<LI><a href="#[80]">&gt;&gt;</a>&nbsp;&nbsp;&nbsp;HAL_GPIO_Init
<LI><a href="#[88]">&gt;&gt;</a>&nbsp;&nbsp;&nbsp;HAL_RCCEx_PeriphCLKConfig
<LI><a href="#[89]">&gt;&gt;</a>&nbsp;&nbsp;&nbsp;HAL_RCC_ClockConfig
<LI><a href="#[8b]">&gt;&gt;</a>&nbsp;&nbsp;&nbsp;HAL_RCC_OscConfig
<LI><a href="#[83]">&gt;&gt;</a>&nbsp;&nbsp;&nbsp;HAL_Init
<LI><a href="#[a8]">&gt;&gt;</a>&nbsp;&nbsp;&nbsp;HAL_UART_Receive_IT
<LI><a href="#[ac]">&gt;&gt;</a>&nbsp;&nbsp;&nbsp;statechart_display_LCD
<LI><a href="#[7a]">&gt;&gt;</a>&nbsp;&nbsp;&nbsp;HAL_I2C_Mem_Read
<LI><a href="#[7f]">&gt;&gt;</a>&nbsp;&nbsp;&nbsp;HAL_I2C_Mem_Write
<LI><a href="#[c6]">&gt;&gt;</a>&nbsp;&nbsp;&nbsp;statechart_lCD_Init
<LI><a href="#[ba]">&gt;&gt;</a>&nbsp;&nbsp;&nbsp;LCD_SendData
<LI><a href="#[b8]">&gt;&gt;</a>&nbsp;&nbsp;&nbsp;LCD_SendCommand
<LI><a href="#[74]">&gt;&gt;</a>&nbsp;&nbsp;&nbsp;HAL_Delay
<LI><a href="#[b9]">&gt;&gt;</a>&nbsp;&nbsp;&nbsp;HAL_GPIO_WritePin
<LI><a href="#[56]">&gt;&gt;</a>&nbsp;&nbsp;&nbsp;__aeabi_i2f
<LI><a href="#[9a]">&gt;&gt;</a>&nbsp;&nbsp;&nbsp;__aeabi_fdiv
<LI><a href="#[c9]">&gt;&gt;</a>&nbsp;&nbsp;&nbsp;__aeabi_fcmple
<LI><a href="#[c8]">&gt;&gt;</a>&nbsp;&nbsp;&nbsp;__aeabi_fcmpge
<LI><a href="#[ca]">&gt;&gt;</a>&nbsp;&nbsp;&nbsp;__aeabi_fsub
<LI><a href="#[c7]">&gt;&gt;</a>&nbsp;&nbsp;&nbsp;__aeabi_idiv
<LI><a href="#[c0]">&gt;&gt;</a>&nbsp;&nbsp;&nbsp;__aeabi_memclr4
</UL>
<BR>[Called By]<UL><LI><a href="#[40]">&gt;&gt;</a>&nbsp;&nbsp;&nbsp;__rt_entry_main
</UL>

<P><STRONG><a name="[cd]"></a>statechart_calculate_Gravity</STRONG> (Thumb, 224 bytes, Stack size 24 bytes, main.o(.text.statechart_calculate_Gravity))
<BR><BR>[Stack]<UL><LI>Max Depth = 44<LI>Call Chain = statechart_calculate_Gravity &rArr; __aeabi_fdiv
</UL>
<BR>[Calls]<UL><LI><a href="#[56]">&gt;&gt;</a>&nbsp;&nbsp;&nbsp;__aeabi_i2f
<LI><a href="#[9a]">&gt;&gt;</a>&nbsp;&nbsp;&nbsp;__aeabi_fdiv
<LI><a href="#[c9]">&gt;&gt;</a>&nbsp;&nbsp;&nbsp;__aeabi_fcmple
<LI><a href="#[c8]">&gt;&gt;</a>&nbsp;&nbsp;&nbsp;__aeabi_fcmpge
<LI><a href="#[ca]">&gt;&gt;</a>&nbsp;&nbsp;&nbsp;__aeabi_fsub
</UL>
<BR>[Called By]<UL><LI><a href="#[cb]">&gt;&gt;</a>&nbsp;&nbsp;&nbsp;micro_step
</UL>

<P><STRONG><a name="[ce]"></a>statechart_display_Grvt</STRONG> (Thumb, 132 bytes, Stack size 24 bytes, main.o(.text.statechart_display_Grvt))
<BR><BR>[Stack]<UL><LI>Max Depth = 52<LI>Call Chain = statechart_display_Grvt &rArr; sqrtf &rArr; _fsqrt
</UL>
<BR>[Calls]<UL><LI><a href="#[9b]">&gt;&gt;</a>&nbsp;&nbsp;&nbsp;sqrtf
<LI><a href="#[98]">&gt;&gt;</a>&nbsp;&nbsp;&nbsp;__aeabi_fmul
<LI><a href="#[56]">&gt;&gt;</a>&nbsp;&nbsp;&nbsp;__aeabi_i2f
<LI><a href="#[9a]">&gt;&gt;</a>&nbsp;&nbsp;&nbsp;__aeabi_fdiv
<LI><a href="#[99]">&gt;&gt;</a>&nbsp;&nbsp;&nbsp;__aeabi_fadd
</UL>
<BR>[Called By]<UL><LI><a href="#[cb]">&gt;&gt;</a>&nbsp;&nbsp;&nbsp;micro_step
</UL>

<P><STRONG><a name="[ac]"></a>statechart_display_LCD</STRONG> (Thumb, 248 bytes, Stack size 56 bytes, main.o(.text.statechart_display_LCD))
<BR><BR>[Stack]<UL><LI>Max Depth = 184 + Unknown Stack Size
<LI>Call Chain = statechart_display_LCD &rArr; __2sprintf &rArr; _printf_char_common &rArr; __printf
</UL>
<BR>[Calls]<UL><LI><a href="#[ba]">&gt;&gt;</a>&nbsp;&nbsp;&nbsp;LCD_SendData
<LI><a href="#[b8]">&gt;&gt;</a>&nbsp;&nbsp;&nbsp;LCD_SendCommand
<LI><a href="#[74]">&gt;&gt;</a>&nbsp;&nbsp;&nbsp;HAL_Delay
<LI><a href="#[47]">&gt;&gt;</a>&nbsp;&nbsp;&nbsp;__2sprintf
<LI><a href="#[95]">&gt;&gt;</a>&nbsp;&nbsp;&nbsp;__aeabi_f2d
</UL>
<BR>[Called By]<UL><LI><a href="#[41]">&gt;&gt;</a>&nbsp;&nbsp;&nbsp;main
<LI><a href="#[d2]">&gt;&gt;</a>&nbsp;&nbsp;&nbsp;statechart_set_accel_range
<LI><a href="#[aa]">&gt;&gt;</a>&nbsp;&nbsp;&nbsp;HAL_UART_RxCpltCallback
<LI><a href="#[cb]">&gt;&gt;</a>&nbsp;&nbsp;&nbsp;micro_step
</UL>

<P><STRONG><a name="[c6]"></a>statechart_lCD_Init</STRONG> (Thumb, 396 bytes, Stack size 40 bytes, main.o(.text.statechart_lCD_Init))
[...]
</UL>
<BR>[Calls]<UL><LI><a href="#[d3]">&gt;&gt;</a>&nbsp;&nbsp;&nbsp;run_cycle
</UL>
<BR>[Called By]<UL><LI><a href="#[92]">&gt;&gt;</a>&nbsp;&nbsp;&nbsp;HAL_TIM_PeriodElapsedCallback
</UL>

<P><STRONG><a name="[d1]"></a>statechart_send_Uart</STRONG> (Thumb, 76 bytes, Stack size 144 bytes, main.o(.text.statechart_send_Uart))
<BR><BR>[Stack]<UL><LI>Max Depth = 272 + Unknown Stack Size
<LI>Call Chain = statechart_send_Uart &rArr; __2sprintf &rArr; _printf_char_common &rArr; __printf
</UL>
<BR>[Calls]<UL><LI><a href="#[97]">&gt;&gt;</a>&nbsp;&nbsp;&nbsp;HAL_UART_Transmit
<LI><a href="#[47]">&gt;&gt;</a>&nbsp;&nbsp;&nbsp;__2sprintf
<LI><a href="#[95]">&gt;&gt;</a>&nbsp;&nbsp;&nbsp;__aeabi_f2d
<LI><a href="#[96]">&gt;&gt;</a>&nbsp;&nbsp;&nbsp;strlen
</UL>
<BR>[Called By]<UL><LI><a href="#[cb]">&gt;&gt;</a>&nbsp;&nbsp;&nbsp;micro_step
</UL>

<P><STRONG><a name="[d2]"></a>statechart_set_accel_range</STRONG> (Thumb, 124 bytes, Stack size 24 bytes, main.o(.text.statechart_set_accel_range))
<BR><BR>[Stack]<UL><LI>Max Depth = 208 + Unknown Stack Size
<LI>Call Chain = statechart_set_accel_range &rArr; statechart_display_LCD &rArr; __2sprintf &rArr; _printf_char_common &rArr; __printf
</UL>
<BR>[Calls]<UL><LI><a href="#[ac]">&gt;&gt;</a>&nbsp;&nbsp;&nbsp;statechart_display_LCD
<LI><a href="#[7f]">&gt;&gt;</a>&nbsp;&nbsp;&nbsp;HAL_I2C_Mem_Write
</UL>
<BR>[Called By]<UL><LI><a href="#[cb]">&gt;&gt;</a>&nbsp;&nbsp;&nbsp;micro_step
</UL>

<P><STRONG><a name="[86]"></a>__aeabi_uidiv</STRONG> (Thumb, 68 bytes, Stack size 0 bytes, aeabi_sdivfast.o(.text_divfast))
<BR><BR>[Called By]<UL><LI><a href="#[8a]">&gt;&gt;</a>&nbsp;&nbsp;&nbsp;HAL_RCC_GetSysClockFreq
<LI><a href="#[84]">&gt;&gt;</a>&nbsp;&nbsp;&nbsp;HAL_InitTick
<LI><a href="#[89]">&gt;&gt;</a>&nbsp;&nbsp;&nbsp;HAL_RCC_ClockConfig
<LI><a href="#[8b]">&gt;&gt;</a>&nbsp;&nbsp;&nbsp;HAL_RCC_OscConfig
<LI><a href="#[a6]">&gt;&gt;</a>&nbsp;&nbsp;&nbsp;UART_SetConfig
</UL>

<P><STRONG><a name="[c7]"></a>__aeabi_idiv</STRONG> (Thumb, 434 bytes, Stack size 8 bytes, aeabi_sdivfast.o(.text_divfast))
<BR><BR>[Stack]<UL><LI>Max Depth = 8<LI>Call Chain = __aeabi_idiv
</UL>
<BR>[Called By]<UL><LI><a href="#[41]">&gt;&gt;</a>&nbsp;&nbsp;&nbsp;main
<LI><a href="#[cc]">&gt;&gt;</a>&nbsp;&nbsp;&nbsp;statechart_mPU6050_Calibrate
</UL>

<P><STRONG><a name="[68]"></a>__ARM_common_ll_muluu</STRONG> (Thumb, 48 bytes, Stack size 24 bytes, btod.o(i.__ARM_common_ll_muluu))
<BR><BR>[Stack]<UL><LI>Max Depth = 24<LI>Call Chain = __ARM_common_ll_muluu
</UL>
<BR>[Called By]<UL><LI><a href="#[67]">&gt;&gt;</a>&nbsp;&nbsp;&nbsp;btod_internal_mul
</UL>

<P><STRONG><a name="[64]"></a>__ARM_fpclassify</STRONG> (Thumb, 40 bytes, Stack size 0 bytes, fpclassify.o(i.__ARM_fpclassify))
<BR><BR>[Called By]<UL><LI><a href="#[2e]">&gt;&gt;</a>&nbsp;&nbsp;&nbsp;_printf_fp_dec_real
</UL>

<P><STRONG><a name="[c8]"></a>__aeabi_fcmpge</STRONG> (Thumb, 0 bytes, Stack size 8 bytes, fcmp.o(i._fgeq))
<BR><BR>[Stack]<UL><LI>Max Depth = 8<LI>Call Chain = __aeabi_fcmpge
</UL>
<BR>[Called By]<UL><LI><a href="#[41]">&gt;&gt;</a>&nbsp;&nbsp;&nbsp;main
<LI><a href="#[cd]">&gt;&gt;</a>&nbsp;&nbsp;&nbsp;statechart_calculate_Gravity
</UL>

<P><STRONG><a name="[d4]"></a>_fgeq</STRONG> (Thumb, 22 bytes, Stack size 8 bytes, fcmp.o(i._fgeq), UNUSED)
<BR><BR>[Calls]<UL><LI><a href="#[d5]">&gt;&gt;</a>&nbsp;&nbsp;&nbsp;_fcmpge
</UL>

<P><STRONG><a name="[c9]"></a>__aeabi_fcmple</STRONG> (Thumb, 0 bytes, Stack size 8 bytes, fcmp.o(i._fleq))
<BR><BR>[Stack]<UL><LI>Max Depth = 8<LI>Call Chain = __aeabi_fcmple
</UL>
<BR>[Called By]<UL><LI><a href="#[41]">&gt;&gt;</a>&nbsp;&nbsp;&nbsp;main
<LI><a href="#[cd]">&gt;&gt;</a>&nbsp;&nbsp;&nbsp;statechart_calculate_Gravity
</UL>

<P><STRONG><a name="[d6]"></a>_fleq</STRONG> (Thumb, 26 bytes, Stack size 8 bytes, fcmp.o(i._fleq), UNUSED)
<BR><BR>[Calls]<UL><LI><a href="#[d7]">&gt;&gt;</a>&nbsp;&nbsp;&nbsp;_fcmple
</UL>

<P><STRONG><a name="[4e]"></a>_is_digit</STRONG> (Thumb, 14 bytes, Stack size 0 bytes, __printf_wp.o(i._is_digit))
<BR><BR>[Called By]<UL><LI><a href="#[4d]">&gt;&gt;</a>&nbsp;&nbsp;&nbsp;__printf
</UL>

<P><STRONG><a name="[9b]"></a>sqrtf</STRONG> (Thumb, 44 bytes, Stack size 16 bytes, sqrtf.o(i.sqrtf))
<BR><BR>[Stack]<UL><LI>Max Depth = 28<LI>Call Chain = sqrtf &rArr; _fsqrt
</UL>
<BR>[Calls]<UL><LI><a href="#[d8]">&gt;&gt;</a>&nbsp;&nbsp;&nbsp;_fsqrt
<LI><a href="#[5b]">&gt;&gt;</a>&nbsp;&nbsp;&nbsp;__set_errno
</UL>
<BR>[Called By]<UL><LI><a href="#[ce]">&gt;&gt;</a>&nbsp;&nbsp;&nbsp;statechart_display_Grvt
<LI><a href="#[92]">&gt;&gt;</a>&nbsp;&nbsp;&nbsp;HAL_TIM_PeriodElapsedCallback
</UL>

<P><STRONG><a name="[3b]"></a>_get_lc_numeric</STRONG> (Thumb, 44 bytes, Stack size 8 bytes, lc_numeric_c.o(locale$$code))
<BR><BR>[Stack]<UL><LI>Max Depth = 24<LI>Call Chain = _get_lc_numeric &rArr; strcmp
</UL>
<BR>[Calls]<UL><LI><a href="#[d9]">&gt;&gt;</a>&nbsp;&nbsp;&nbsp;strcmp
</UL>
<BR>[Called By]<UL><LI><a href="#[3a]">&gt;&gt;</a>&nbsp;&nbsp;&nbsp;__rt_lib_init_lc_numeric_2
</UL>

<P><STRONG><a name="[99]"></a>__aeabi_fadd</STRONG> (Thumb, 0 bytes, Stack size 16 bytes, faddsub.o(x$fpl$fadd))
<BR><BR>[Stack]<UL><LI>Max Depth = 16<LI>Call Chain = __aeabi_fadd
</UL>
<BR>[Called By]<UL><LI><a href="#[ce]">&gt;&gt;</a>&nbsp;&nbsp;&nbsp;statechart_display_Grvt
<LI><a href="#[92]">&gt;&gt;</a>&nbsp;&nbsp;&nbsp;HAL_TIM_PeriodElapsedCallback
</UL>

<P><STRONG><a name="[da]"></a>_fadd</STRONG> (Thumb, 134 bytes, Stack size 16 bytes, faddsub.o(x$fpl$fadd), UNUSED)
<BR><BR>[Calls]<UL><LI><a href="#[db]">&gt;&gt;</a>&nbsp;&nbsp;&nbsp;_fsub1
</UL>

<P><STRONG><a name="[d5]"></a>_fcmpge</STRONG> (Thumb, 78 bytes, Stack size 8 bytes, fgef.o(x$fpl$fgeqf), UNUSED)
<BR><BR>[Calls]<UL><LI><a href="#[6c]">&gt;&gt;</a>&nbsp;&nbsp;&nbsp;__fpl_fcmp_InfNaN
</UL>
<BR>[Called By]<UL><LI><a href="#[d4]">&gt;&gt;</a>&nbsp;&nbsp;&nbsp;_fgeq
</UL>

<P><STRONG><a name="[116]"></a>__aeabi_cfcmple</STRONG> (Thumb, 0 bytes, Stack size 8 bytes, flef.o(x$fpl$fleqf), UNUSED)

<P><STRONG><a name="[d7]"></a>_fcmple</STRONG> (Thumb, 78 bytes, Stack size 8 bytes, flef.o(x$fpl$fleqf), UNUSED)
<BR><BR>[Calls]<UL><LI><a href="#[6c]">&gt;&gt;</a>&nbsp;&nbsp;&nbsp;__fpl_fcmp_InfNaN
</UL>
<BR>[Called By]<UL><LI><a href="#[d6]">&gt;&gt;</a>&nbsp;&nbsp;&nbsp;_fleq
</UL>

<P><STRONG><a name="[98]"></a>__aeabi_fmul</STRONG> (Thumb, 0 bytes, Stack size 16 bytes, fmul.o(x$fpl$fmul))
<BR><BR>[Stack]<UL><LI>Max Depth = 16<LI>Call Chain = __aeabi_fmul
</UL>
<BR>[Called By]<UL><LI><a href="#[ce]">&gt;&gt;</a>&nbsp;&nbsp;&nbsp;statechart_display_Grvt
<LI><a href="#[92]">&gt;&gt;</a>&nbsp;&nbsp;&nbsp;HAL_TIM_PeriodElapsedCallback
</UL>

<P><STRONG><a name="[117]"></a>_fmul</STRONG> (Thumb, 172 bytes, Stack size 16 bytes, fmul.o(x$fpl$fmul), UNUSED)

<P><STRONG><a name="[ca]"></a>__aeabi_fsub</STRONG> (Thumb, 0 bytes, Stack size 16 bytes, faddsub.o(x$fpl$fsub))
<BR><BR>[Stack]<UL><LI>Max Depth = 16<LI>Call Chain = __aeabi_fsub
</UL>
<BR>[Called By]<UL><LI><a href="#[41]">&gt;&gt;</a>&nbsp;&nbsp;&nbsp;main
<LI><a href="#[cd]">&gt;&gt;</a>&nbsp;&nbsp;&nbsp;statechart_calculate_Gravity
</UL>

<P><STRONG><a name="[dc]"></a>_fsub</STRONG> (Thumb, 204 bytes, Stack size 16 bytes, faddsub.o(x$fpl$fsub), UNUSED)
<BR><BR>[Calls]<UL><LI><a href="#[dd]">&gt;&gt;</a>&nbsp;&nbsp;&nbsp;_fadd1
</UL>

<P><STRONG><a name="[35]"></a>_printf_fp_dec</STRONG> (Thumb, 16 bytes, Stack size 8 bytes, printf1.o(x$fpl$printf1))
<BR><BR>[Stack]<UL><LI>Max Depth = 8<LI>Call Chain = _printf_fp_dec
</UL>
<BR>[Called By]<UL><LI><a href="#[33]">&gt;&gt;</a>&nbsp;&nbsp;&nbsp;_printf_f
</UL>
<P>
<H3>
Local Symbols
</H3>
<P><STRONG><a name="[7c]"></a>I2C_IsErrorOccurred</STRONG> (Thumb, 376 bytes, Stack size 40 bytes, stm32l0xx_hal_i2c.o(.text.I2C_IsErrorOccurred))
<BR><BR>[Stack]<UL><LI>Max Depth = 40<LI>Call Chain = I2C_IsErrorOccurred
</UL>
<BR>[Calls]<UL><LI><a href="#[75]">&gt;&gt;</a>&nbsp;&nbsp;&nbsp;HAL_GetTick
</UL>
<BR>[Called By]<UL><LI><a href="#[7e]">&gt;&gt;</a>&nbsp;&nbsp;&nbsp;I2C_WaitOnSTOPFlagUntilTimeout
<LI><a href="#[7d]">&gt;&gt;</a>&nbsp;&nbsp;&nbsp;I2C_WaitOnFlagUntilTimeout
<LI><a href="#[7b]">&gt;&gt;</a>&nbsp;&nbsp;&nbsp;I2C_WaitOnTXISFlagUntilTimeout
<LI><a href="#[7a]">&gt;&gt;</a>&nbsp;&nbsp;&nbsp;HAL_I2C_Mem_Read
<LI><a href="#[7f]">&gt;&gt;</a>&nbsp;&nbsp;&nbsp;HAL_I2C_Mem_Write
</UL>

<P><STRONG><a name="[7b]"></a>I2C_WaitOnTXISFlagUntilTimeout</STRONG> (Thumb, 166 bytes, Stack size 24 bytes, stm32l0xx_hal_i2c.o(.text.I2C_WaitOnTXISFlagUntilTimeout))
<BR><BR>[Stack]<UL><LI>Max Depth = 64<LI>Call Chain = I2C_WaitOnTXISFlagUntilTimeout &rArr; I2C_IsErrorOccurred
</UL>
<BR>[Calls]<UL><LI><a href="#[75]">&gt;&gt;</a>&nbsp;&nbsp;&nbsp;HAL_GetTick
<LI><a href="#[7c]">&gt;&gt;</a>&nbsp;&nbsp;&nbsp;I2C_IsErrorOccurred
</UL>
<BR>[Called By]<UL><LI><a href="#[7a]">&gt;&gt;</a>&nbsp;&nbsp;&nbsp;HAL_I2C_Mem_Read
<LI><a href="#[7f]">&gt;&gt;</a>&nbsp;&nbsp;&nbsp;HAL_I2C_Mem_Write
</UL>

<P><STRONG><a name="[7d]"></a>I2C_WaitOnFlagUntilTimeout</STRONG> (Thumb, 250 bytes, Stack size 40 bytes, stm32l0xx_hal_i2c.o(.text.I2C_WaitOnFlagUntilTimeout))
<BR><BR>[Stack]<UL><LI>Max Depth = 80<LI>Call Chain = I2C_WaitOnFlagUntilTimeout &rArr; I2C_IsErrorOccurred
</UL>
<BR>[Calls]<UL><LI><a href="#[75]">&gt;&gt;</a>&nbsp;&nbsp;&nbsp;HAL_GetTick
<LI><a href="#[7c]">&gt;&gt;</a>&nbsp;&nbsp;&nbsp;I2C_IsErrorOccurred
</UL>
<BR>[Called By]<UL><LI><a href="#[7a]">&gt;&gt;</a>&nbsp;&nbsp;&nbsp;HAL_I2C_Mem_Read
<LI><a href="#[7f]">&gt;&gt;</a>&nbsp;&nbsp;&nbsp;HAL_I2C_Mem_Write
</UL>

<P><STRONG><a name="[7e]"></a>I2C_WaitOnSTOPFlagUntilTimeout</STRONG> (Thumb, 134 bytes, Stack size 24 bytes, stm32l0xx_hal_i2c.o(.text.I2C_WaitOnSTOPFlagUntilTimeout))
<BR><BR>[Stack]<UL><LI>Max Depth = 64<LI>Call Chain = I2C_WaitOnSTOPFlagUntilTimeout &rArr; I2C_IsErrorOccurred
</UL>
<BR>[Calls]<UL><LI><a href="#[75]">&gt;&gt;</a>&nbsp;&nbsp;&nbsp;HAL_GetTick
<LI><a href="#[7c]">&gt;&gt;</a>&nbsp;&nbsp;&nbsp;I2C_IsErrorOccurred
</UL>
<BR>[Called By]<UL><LI><a href="#[7a]">&gt;&gt;</a>&nbsp;&nbsp;&nbsp;HAL_I2C_Mem_Read
<LI><a href="#[7f]">&gt;&gt;</a>&nbsp;&nbsp;&nbsp;HAL_I2C_Mem_Write
</UL>

<P><STRONG><a name="[77]"></a>I2C_ITError</STRONG> (Thumb, 336 bytes, Stack size 16 bytes, stm32l0xx_hal_i2c.o(.text.I2C_ITError))
<BR><BR>[Stack]<UL><LI>Max Depth = 32<LI>Call Chain = I2C_ITError &rArr; HAL_DMA_Abort_IT
</UL>
<BR>[Calls]<UL><LI><a href="#[b2]">&gt;&gt;</a>&nbsp;&nbsp;&nbsp;HAL_DMA_GetState
<LI><a href="#[af]">&gt;&gt;</a>&nbsp;&nbsp;&nbsp;HAL_I2C_ErrorCallback
<LI><a href="#[ae]">&gt;&gt;</a>&nbsp;&nbsp;&nbsp;HAL_I2C_AbortCpltCallback
<LI><a href="#[a2]">&gt;&gt;</a>&nbsp;&nbsp;&nbsp;HAL_DMA_Abort_IT
</UL>
<BR>[Called By]<UL><LI><a href="#[b3]">&gt;&gt;</a>&nbsp;&nbsp;&nbsp;I2C_ITSlaveCplt
<LI><a href="#[2a]">&gt;&gt;</a>&nbsp;&nbsp;&nbsp;I2C_Slave_ISR_IT
<LI><a href="#[76]">&gt;&gt;</a>&nbsp;&nbsp;&nbsp;HAL_I2C_ER_IRQHandler
</UL>

<P><STRONG><a name="[2a]"></a>I2C_Slave_ISR_IT</STRONG> (Thumb, 492 bytes, Stack size 24 bytes, stm32l0xx_hal_i2c.o(.text.I2C_Slave_ISR_IT))
<BR><BR>[Stack]<UL><LI>Max Depth = 96<LI>Call Chain = I2C_Slave_ISR_IT &rArr; I2C_ITSlaveCplt &rArr; I2C_ITError &rArr; HAL_DMA_Abort_IT
</UL>
<BR>[Calls]<UL><LI><a href="#[b6]">&gt;&gt;</a>&nbsp;&nbsp;&nbsp;HAL_I2C_SlaveTxCpltCallback
<LI><a href="#[b5]">&gt;&gt;</a>&nbsp;&nbsp;&nbsp;HAL_I2C_SlaveRxCpltCallback
<LI><a href="#[b4]">&gt;&gt;</a>&nbsp;&nbsp;&nbsp;HAL_I2C_ListenCpltCallback
<LI><a href="#[b7]">&gt;&gt;</a>&nbsp;&nbsp;&nbsp;I2C_ITSlaveSeqCplt
<LI><a href="#[b0]">&gt;&gt;</a>&nbsp;&nbsp;&nbsp;I2C_ITAddrCplt
<LI><a href="#[b3]">&gt;&gt;</a>&nbsp;&nbsp;&nbsp;I2C_ITSlaveCplt
<LI><a href="#[77]">&gt;&gt;</a>&nbsp;&nbsp;&nbsp;I2C_ITError
</UL>
<BR>[Address Reference Count : 1]<UL><LI> stm32l0xx_hal_i2c.o(.text.I2C_ITError)
</UL>
<P><STRONG><a name="[b3]"></a>I2C_ITSlaveCplt</STRONG> (Thumb, 840 bytes, Stack size 40 bytes, stm32l0xx_hal_i2c.o(.text.I2C_ITSlaveCplt))
<BR><BR>[Stack]<UL><LI>Max Depth = 72<LI>Call Chain = I2C_ITSlaveCplt &rArr; I2C_ITError &rArr; HAL_DMA_Abort_IT
</UL>
<BR>[Calls]<UL><LI><a href="#[b6]">&gt;&gt;</a>&nbsp;&nbsp;&nbsp;HAL_I2C_SlaveTxCpltCallback
<LI><a href="#[b5]">&gt;&gt;</a>&nbsp;&nbsp;&nbsp;HAL_I2C_SlaveRxCpltCallback
<LI><a href="#[b4]">&gt;&gt;</a>&nbsp;&nbsp;&nbsp;HAL_I2C_ListenCpltCallback
<LI><a href="#[77]">&gt;&gt;</a>&nbsp;&nbsp;&nbsp;I2C_ITError
</UL>
<BR>[Called By]<UL><LI><a href="#[2a]">&gt;&gt;</a>&nbsp;&nbsp;&nbsp;I2C_Slave_ISR_IT
</UL>

<P><STRONG><a name="[b0]"></a>I2C_ITAddrCplt</STRONG> (Thumb, 152 bytes, Stack size 24 bytes, stm32l0xx_hal_i2c.o(.text.I2C_ITAddrCplt))
<BR><BR>[Stack]<UL><LI>Max Depth = 24<LI>Call Chain = I2C_ITAddrCplt
</UL>
<BR>[Calls]<UL><LI><a href="#[b1]">&gt;&gt;</a>&nbsp;&nbsp;&nbsp;HAL_I2C_AddrCallback
</UL>
<BR>[Called By]<UL><LI><a href="#[2a]">&gt;&gt;</a>&nbsp;&nbsp;&nbsp;I2C_Slave_ISR_IT
</UL>

<P><STRONG><a name="[b7]"></a>I2C_ITSlaveSeqCplt</STRONG> (Thumb, 124 bytes, Stack size 16 bytes, stm32l0xx_hal_i2c.o(.text.I2C_ITSlaveSeqCplt))
<BR><BR>[Stack]<UL><LI>Max Depth = 16<LI>Call Chain = I2C_ITSlaveSeqCplt
</UL>
<BR>[Calls]<UL><LI><a href="#[b6]">&gt;&gt;</a>&nbsp;&nbsp;&nbsp;HAL_I2C_SlaveTxCpltCallback
<LI><a href="#[b5]">&gt;&gt;</a>&nbsp;&nbsp;&nbsp;HAL_I2C_SlaveRxCpltCallback
</UL>
<BR>[Called By]<UL><LI><a href="#[2a]">&gt;&gt;</a>&nbsp;&nbsp;&nbsp;I2C_Slave_ISR_IT
</UL>

<P><STRONG><a name="[2b]"></a>I2C_DMAAbort</STRONG> (Thumb, 62 bytes, Stack size 8 bytes, stm32l0xx_hal_i2c.o(.text.I2C_DMAAbort))
<BR><BR>[Stack]<UL><LI>Max Depth = 8<LI>Call Chain = I2C_DMAAbort
</UL>
<BR>[Calls]<UL><LI><a href="#[af]">&gt;&gt;</a>&nbsp;&nbsp;&nbsp;HAL_I2C_ErrorCallback
<LI><a href="#[ae]">&gt;&gt;</a>&nbsp;&nbsp;&nbsp;HAL_I2C_AbortCpltCallback
</UL>
<BR>[Address Reference Count : 1]<UL><LI> stm32l0xx_hal_i2c.o(.text.I2C_ITError)
</UL>
<P><STRONG><a name="[2c]"></a>UART_RxISR_8BIT</STRONG> (Thumb, 216 bytes, Stack size 24 bytes, stm32l0xx_hal_uart.o(.text.UART_RxISR_8BIT))
<BR><BR>[Stack]<UL><LI>Max Depth = 360 + Unknown Stack Size
<LI>Call Chain = UART_RxISR_8BIT &rArr; HAL_UART_RxCpltCallback &rArr; statechart_raise_send &rArr; run_cycle &rArr; micro_step &rArr; statechart_send_Uart &rArr; __2sprintf &rArr; _printf_char_common &rArr; __printf
</UL>
<BR>[Calls]<UL><LI><a href="#[aa]">&gt;&gt;</a>&nbsp;&nbsp;&nbsp;HAL_UART_RxCpltCallback
<LI><a href="#[9e]">&gt;&gt;</a>&nbsp;&nbsp;&nbsp;HAL_UARTEx_RxEventCallback
</UL>
<BR>[Address Reference Count : 1]<UL><LI> stm32l0xx_hal_uart.o(.text.UART_Start_Receive_IT)
</UL>
<P><STRONG><a name="[2d]"></a>UART_RxISR_16BIT</STRONG> (Thumb, 216 bytes, Stack size 24 bytes, stm32l0xx_hal_uart.o(.text.UART_RxISR_16BIT))
<BR><BR>[Stack]<UL><LI>Max Depth = 360 + Unknown Stack Size
<LI>Call Chain = UART_RxISR_16BIT &rArr; HAL_UART_RxCpltCallback &rArr; statechart_raise_send &rArr; run_cycle &rArr; micro_step &rArr; statechart_send_Uart &rArr; __2sprintf &rArr; _printf_char_common &rArr; __printf
</UL>
<BR>[Calls]<UL><LI><a href="#[aa]">&gt;&gt;</a>&nbsp;&nbsp;&nbsp;HAL_UART_RxCpltCallback
<LI><a href="#[9e]">&gt;&gt;</a>&nbsp;&nbsp;&nbsp;HAL_UARTEx_RxEventCallback
</UL>
<BR>[Address Reference Count : 1]<UL><LI> stm32l0xx_hal_uart.o(.text.UART_Start_Receive_IT)
</UL>
<P><STRONG><a name="[29]"></a>UART_DMAAbortOnError</STRONG> (Thumb, 16 bytes, Stack size 8 bytes, stm32l0xx_hal_uart.o(.text.UART_DMAAbortOnError))
<BR><BR>[Stack]<UL><LI>Max Depth = 8<LI>Call Chain = UART_DMAAbortOnError
</UL>
<BR>[Calls]<UL><LI><a href="#[a1]">&gt;&gt;</a>&nbsp;&nbsp;&nbsp;HAL_UART_ErrorCallback
</UL>
<BR>[Address Reference Count : 1]<UL><LI> stm32l0xx_hal_uart.o(.text.HAL_UART_IRQHandler)
</UL>
<P><STRONG><a name="[cb]"></a>micro_step</STRONG> (Thumb, 254 bytes, Stack size 8 bytes, statechart.o(.text.micro_step))
<BR><BR>[Stack]<UL><LI>Max Depth = 280 + Unknown Stack Size
<LI>Call Chain = micro_step &rArr; statechart_send_Uart &rArr; __2sprintf &rArr; _printf_char_common &rArr; __printf
</UL>
<BR>[Calls]<UL><LI><a href="#[d2]">&gt;&gt;</a>&nbsp;&nbsp;&nbsp;statechart_set_accel_range
<LI><a href="#[cf]">&gt;&gt;</a>&nbsp;&nbsp;&nbsp;statechart_rMS
<LI><a href="#[ac]">&gt;&gt;</a>&nbsp;&nbsp;&nbsp;statechart_display_LCD
<LI><a href="#[cd]">&gt;&gt;</a>&nbsp;&nbsp;&nbsp;statechart_calculate_Gravity
<LI><a href="#[cc]">&gt;&gt;</a>&nbsp;&nbsp;&nbsp;statechart_mPU6050_Calibrate
<LI><a href="#[d0]">&gt;&gt;</a>&nbsp;&nbsp;&nbsp;statechart_mPU6050_Read_Accel
<LI><a href="#[ce]">&gt;&gt;</a>&nbsp;&nbsp;&nbsp;statechart_display_Grvt
<LI><a href="#[d1]">&gt;&gt;</a>&nbsp;&nbsp;&nbsp;statechart_send_Uart
</UL>
<BR>[Called By]<UL><LI><a href="#[d3]">&gt;&gt;</a>&nbsp;&nbsp;&nbsp;run_cycle
</UL>

<P><STRONG><a name="[d3]"></a>run_cycle</STRONG> (Thumb, 162 bytes, Stack size 24 bytes, statechart.o(.text.run_cycle))
<BR><BR>[Stack]<UL><LI>Max Depth = 304 + Unknown Stack Size
<LI>Call Chain = run_cycle &rArr; micro_step &rArr; statechart_send_Uart &rArr; __2sprintf &rArr; _printf_char_common &rArr; __printf
</UL>
<BR>[Calls]<UL><LI><a href="#[cb]">&gt;&gt;</a>&nbsp;&nbsp;&nbsp;micro_step
</UL>
<BR>[Called By]<UL><LI><a href="#[ab]">&gt;&gt;</a>&nbsp;&nbsp;&nbsp;statechart_raise_send
<LI><a href="#[94]">&gt;&gt;</a>&nbsp;&nbsp;&nbsp;statechart_raise_timer
</UL>

<P><STRONG><a name="[dd]"></a>_fadd1</STRONG> (Thumb, 0 bytes, Stack size unknown bytes, faddsub.o(x$fpl$fadd), UNUSED)
<BR><BR>[Called By]<UL><LI><a href="#[dc]">&gt;&gt;</a>&nbsp;&nbsp;&nbsp;_fsub
</UL>

<P><STRONG><a name="[db]"></a>_fsub1</STRONG> (Thumb, 0 bytes, Stack size unknown bytes, faddsub.o(x$fpl$fsub), UNUSED)
<BR><BR>[Called By]<UL><LI><a href="#[da]">&gt;&gt;</a>&nbsp;&nbsp;&nbsp;_fadd
</UL>

<P><STRONG><a name="[5e]"></a>_fp_digits</STRONG> (Thumb, 412 bytes, Stack size 96 bytes, _printf_fp_dec.o(.text))
<BR><BR>[Stack]<UL><LI>Max Depth = 272<LI>Call Chain = _fp_digits &rArr; _btod_etento &rArr; _btod_emul &rArr; btod_internal_mul &rArr; __ARM_common_ll_muluu
</UL>
<BR>[Calls]<UL><LI><a href="#[61]">&gt;&gt;</a>&nbsp;&nbsp;&nbsp;_btod_ediv
<LI><a href="#[62]">&gt;&gt;</a>&nbsp;&nbsp;&nbsp;_btod_emul
<LI><a href="#[60]">&gt;&gt;</a>&nbsp;&nbsp;&nbsp;_btod_d2e
<LI><a href="#[5f]">&gt;&gt;</a>&nbsp;&nbsp;&nbsp;_btod_etento
<LI><a href="#[63]">&gt;&gt;</a>&nbsp;&nbsp;&nbsp;_ll_udiv10
</UL>
<BR>[Called By]<UL><LI><a href="#[2e]">&gt;&gt;</a>&nbsp;&nbsp;&nbsp;_printf_fp_dec_real
</UL>

<P><STRONG><a name="[28]"></a>_printf_input_char</STRONG> (Thumb, 10 bytes, Stack size 0 bytes, _printf_char_common.o(.text))
<BR>[Address Reference Count : 1]<UL><LI> _printf_char_common.o(.text)
</UL>
<P><STRONG><a name="[67]"></a>btod_internal_mul</STRONG> (Thumb, 492 bytes, Stack size 56 bytes, btod.o(.text))
<BR><BR>[Stack]<UL><LI>Max Depth = 80<LI>Call Chain = btod_internal_mul &rArr; __ARM_common_ll_muluu
</UL>
<BR>[Calls]<UL><LI><a href="#[68]">&gt;&gt;</a>&nbsp;&nbsp;&nbsp;__ARM_common_ll_muluu
</UL>
<BR>[Called By]<UL><LI><a href="#[69]">&gt;&gt;</a>&nbsp;&nbsp;&nbsp;_btod_emuld
<LI><a href="#[62]">&gt;&gt;</a>&nbsp;&nbsp;&nbsp;_btod_emul
</UL>

<P><STRONG><a name="[6a]"></a>btod_internal_div</STRONG> (Thumb, 520 bytes, Stack size 64 bytes, btod.o(.text))
<BR><BR>[Stack]<UL><LI>Max Depth = 64<LI>Call Chain = btod_internal_div
</UL>
<BR>[Called By]<UL><LI><a href="#[6b]">&gt;&gt;</a>&nbsp;&nbsp;&nbsp;_btod_edivd
<LI><a href="#[61]">&gt;&gt;</a>&nbsp;&nbsp;&nbsp;_btod_ediv
</UL>
<P>
<H3>
Undefined Global Symbols
</H3>
<P><STRONG><a name="[71]"></a>_call_atexit_fns</STRONG> (ARM, 0 bytes, Stack size 0 bytes, UNDEFINED)
<BR><BR>[Called By]<UL><LI><a href="#[42]">&gt;&gt;</a>&nbsp;&nbsp;&nbsp;exit
</UL>

<P><STRONG><a name="[49]"></a>_printf_truncate_signed</STRONG> (ARM, 0 bytes, Stack size 0 bytes, UNDEFINED)
<BR><BR>[Called By]<UL><LI><a href="#[37]">&gt;&gt;</a>&nbsp;&nbsp;&nbsp;_printf_int_dec
</UL>

<P><STRONG><a name="[4a]"></a>_printf_truncate_unsigned</STRONG> (ARM, 0 bytes, Stack size 0 bytes, UNDEFINED)
<BR><BR>[Called By]<UL><LI><a href="#[37]">&gt;&gt;</a>&nbsp;&nbsp;&nbsp;_printf_int_dec
</UL>
<HR></body></html>
